<html>
<body>
<pre>
<h1>µVision Build Log</h1>
<h2>Tool Versions:</h2>
IDE-Version: ¦ÌVision V5.18.0.0
Copyright (C) 2016 ARM Ltd and ARM Germany GmbH. All rights reserved.
License Information: jin Microsoft, Microsoft, LIC=EPP8T-R2H45-YBPE9-42YEQ-2UWXT-C943Z
 
Tool Versions:
Toolchain:       MDK-ARM Professional  Version: 5.18
Toolchain Path:  D:\Keil_v5\ARM\ARMCC\Bin
C Compiler:      Armcc.exe V5.06 update 1 (build 61)
Assembler:       Armasm.exe V5.06 update 1 (build 61)
Linker/Locator:  ArmLink.exe V5.06 update 1 (build 61)
Library Manager: ArmAr.exe V5.06 update 1 (build 61)
Hex Converter:   FromElf.exe V5.06 update 1 (build 61)
CPU DLL:         SARMCM3.DLL V5.18
Dialog DLL:      DCM.DLL V1.13.6.0
Target DLL:      UL2CM3.DLL V1.157.5.0
Dialog DLL:      TCM.DLL V1.14.8.0
 
<h2>Project:</h2>
I:\Github\HappyMoon\Project\HappyMoon.uvprojx
Project File Date:  12/15/2018

<h2>Output:</h2>
*** Using Compiler 'V5.06 update 1 (build 61)', folder: 'D:\Keil_v5\ARM\ARMCC\Bin'
Rebuild target 'HappyMoon'
assembling startup_stm32f40_41xxx.s...
compiling misc.c...
compiling system_stm32f4xx.c...
compiling stm32f4xx_gpio.c...
compiling stm32f4xx_rcc.c...
compiling stm32f4xx_usart.c...
compiling stm32f4xx_spi.c...
compiling stm32f4xx_dma.c...
compiling stm32f4xx_tim.c...
compiling stm32f4xx_flash.c...
compiling explore_system.c...
compiling stm32f4xx_adc.c...
compiling cpu_core.c...
compiling cpu_c.c...
compiling explore_systick.c...
assembling cpu_a.asm...
compiling lib_ascii.c...
compiling lib_math.c...
compiling bsp.c...
assembling lib_mem_a.asm...
compiling lib_mem.c...
compiling lib_str.c...
compiling os_cfg_app.c...
compiling os_dbg.c...
compiling os_core.c...
compiling os_flag.c...
compiling os_int.c...
compiling os_mem.c...
compiling os_msg.c...
compiling os_pend_multi.c...
compiling os_mutex.c...
compiling os_prio.c...
compiling os_q.c...
compiling os_sem.c...
compiling os_stat.c...
compiling os_tick.c...
compiling os_task.c...
compiling os_time.c...
compiling os_tmr.c...
assembling os_cpu_a.asm...
compiling os_var.c...
compiling os_app_hooks.c...
compiling stm32f4xx_it.c...
compiling os_cpu_c.c...
compiling stm32f4xx_main.c...
compiling Task.c...
compiling IMU_AHRS.c...
compiling mcpwm.c...
compiling Flash.c...
compiling General_Gpio.c...
compiling Adc_Battery.c...
compiling Usart3toBluetooth.c...
compiling Bluetooth.c...
compiling MPU6000.c...
compiling SPI1.c...
compiling Timer5_Timing.c...
compiling Usart1toOdroid.c...
compiling Attitude_control.c...
compiling Position_control.c...
compiling PID_control.c...
compiling Data_PC.c...
compiling Type_conversion.c...
compiling Data_deal.c...
compiling Visiondata_deal.c...
compiling Data_Odroid.c...
compiling Limits.c...
compiling digital_filter.c...
compiling MahonyAHRS.c...
compiling SimpleDigitalFiltering.c...
compiling LevenbergMarquardt.c...
linking...
Program Size: Code=44516 RO-data=1196 RW-data=440 ZI-data=27960  
FromELF: creating hex file...
"..\Output\STM32F4.axf" - 0 Error(s), 0 Warning(s).

<h2>Collection of Component include folders:</h2>
  I:\Github\HappyMoon\Project\RTE
  D:\Keil_v5\ARM\PACK\Keil\STM32F4xx_DFP\2.13.0\Drivers\CMSIS\Device\ST\STM32F4xx\Include

<h2>Collection of Component Files used:</h2>
Build Time Elapsed:  00:00:11
</pre>
</body>
</html>
