<html>
<body>
<pre>
<h1>µVision Build Log</h1>
<h2>Tool Versions:</h2>
IDE-Version: ¦ÌVision V5.15
Copyright (C) 2015 ARM Ltd and ARM Germany GmbH. All rights reserved.
License Information: 1 jinyuyingsspu@gmail.com, 1, LIC=P6F30-BSYTT-XBDEC-7L9K1-9ZMPN-77WAM
 
Tool Versions:
Toolchain:       MDK-ARM Professional  Version: 5.15.0
Toolchain Path:  E:\Keil_v5\ARM\ARMCC\Bin
C Compiler:      Armcc.exe V5.05 update 2 (build 169)
Assembler:       Armasm.exe V5.05 update 2 (build 169)
Linker/Locator:  ArmLink.exe V5.05 update 2 (build 169)
Library Manager: ArmAr.exe V5.05 update 2 (build 169)
Hex Converter:   FromElf.exe V5.05 update 2 (build 169)
CPU DLL:         SARMCM3.DLL V5.15.0
Dialog DLL:      DCM.DLL V1.13.2.0
Target DLL:      UL2CM3.DLL V1.155.8.0
Dialog DLL:      TCM.DLL V1.14.5.0
 
<h2>Project:</h2>
D:\HappyMoon\Project\HappyMoon.uvprojx
Project File Date:  12/24/2018

<h2>Output:</h2>
*** Using Compiler 'V5.05 update 2 (build 169)', folder: 'E:\Keil_v5\ARM\ARMCC\Bin'
Rebuild target 'HappyMoon'
compiling system_stm32f4xx.c...
assembling startup_stm32f40_41xxx.s...
compiling misc.c...
compiling stm32f4xx_gpio.c...
compiling stm32f4xx_rcc.c...
compiling stm32f4xx_usart.c...
compiling stm32f4xx_spi.c...
compiling stm32f4xx_tim.c...
compiling stm32f4xx_dma.c...
compiling stm32f4xx_flash.c...
compiling stm32f4xx_adc.c...
compiling explore_system.c...
compiling explore_systick.c...
compiling bsp.c...
compiling cpu_core.c...
compiling cpu_c.c...
assembling cpu_a.asm...
compiling lib_ascii.c...
compiling lib_math.c...
compiling lib_mem.c...
compiling lib_str.c...
assembling lib_mem_a.asm...
compiling os_cfg_app.c...
compiling os_core.c...
compiling os_dbg.c...
compiling os_flag.c...
compiling os_int.c...
compiling os_mem.c...
compiling os_msg.c...
compiling os_mutex.c...
compiling os_pend_multi.c...
compiling os_prio.c...
compiling os_q.c...
compiling os_sem.c...
compiling os_stat.c...
compiling os_task.c...
compiling os_tick.c...
compiling os_time.c...
compiling os_tmr.c...
compiling os_var.c...
assembling os_cpu_a.asm...
compiling os_cpu_c.c...
compiling os_app_hooks.c...
compiling stm32f4xx_main.c...
compiling stm32f4xx_it.c...
compiling Task.c...
compiling Board.c...
compiling Flash.c...
compiling mcpwm.c...
compiling Adc_Battery.c...
compiling General_Gpio.c...
compiling Usart3toBluetooth.c...
compiling Bluetooth.c...
compiling SPI1.c...
compiling Usart1toOdroid.c...
compiling UsbDriver.c...
compiling Attitude_control.c...
compiling Position_control.c...
compiling PID_control.c...
compiling Data_PC.c...
compiling Type_conversion.c...
compiling Data_deal.c...
compiling Visiondata_deal.c...
compiling Data_Odroid.c...
compiling digital_filter.c...
compiling LevenbergMarquardt.c...
compiling Limits.c...
compiling MahonyAHRS.c...
compiling Vector3.c...
compiling MathTool.c...
compiling Sensor.c...
compiling MPU6000.c...
compiling usb_core.c...
compiling usb_dcd.c...
compiling usb_dcd_int.c...
compiling usbd_core.c...
compiling usbd_ioreq.c...
compiling usbd_req.c...
compiling usbd_cdc_core.c...
compiling usb_bsp.c...
compiling usbd_desc.c...
linking...
Program Size: Code=46252 RO-data=1116 RW-data=620 ZI-data=29460  
FromELF: creating hex file...
"..\Output\STM32F4.axf" - 0 Error(s), 0 Warning(s).

<h2>Collection of Component include folders:</h2>
  D:\HappyMoon\Project\RTE
  E:\Keil_v5\ARM\PACK\Keil\STM32F4xx_DFP\2.13.0\Drivers\CMSIS\Device\ST\STM32F4xx\Include

<h2>Collection of Component Files used:</h2>
</pre>
</body>
</html>
