Component: ARM Compiler 5.06 update 1 (build 61) Tool: armlink [4d35a8]

==============================================================================

Section Cross References

    system_stm32f4xx.o(i.SystemCoreClockUpdate) refers to system_stm32f4xx.o(.data) for SystemCoreClock
    system_stm32f4xx.o(i.SystemInit) refers to system_stm32f4xx.o(i.SetSysClock) for SetSysClock
    startup_stm32f40_41xxx.o(STACK) refers (Special) to heapauxi.o(.text) for __use_two_region_memory
    startup_stm32f40_41xxx.o(HEAP) refers (Special) to heapauxi.o(.text) for __use_two_region_memory
    startup_stm32f40_41xxx.o(RESET) refers (Special) to heapauxi.o(.text) for __use_two_region_memory
    startup_stm32f40_41xxx.o(RESET) refers to startup_stm32f40_41xxx.o(STACK) for __initial_sp
    startup_stm32f40_41xxx.o(RESET) refers to startup_stm32f40_41xxx.o(.text) for Reset_Handler
    startup_stm32f40_41xxx.o(RESET) refers to stm32f4xx_it.o(i.NMI_Handler) for NMI_Handler
    startup_stm32f40_41xxx.o(RESET) refers to stm32f4xx_it.o(i.HardFault_Handler) for HardFault_Handler
    startup_stm32f40_41xxx.o(RESET) refers to stm32f4xx_it.o(i.MemManage_Handler) for MemManage_Handler
    startup_stm32f40_41xxx.o(RESET) refers to stm32f4xx_it.o(i.BusFault_Handler) for BusFault_Handler
    startup_stm32f40_41xxx.o(RESET) refers to stm32f4xx_it.o(i.UsageFault_Handler) for UsageFault_Handler
    startup_stm32f40_41xxx.o(RESET) refers to stm32f4xx_it.o(i.SVC_Handler) for SVC_Handler
    startup_stm32f40_41xxx.o(RESET) refers to stm32f4xx_it.o(i.DebugMon_Handler) for DebugMon_Handler
    startup_stm32f40_41xxx.o(RESET) refers to os_cpu_a.o(CODE) for PendSV_Handler
    startup_stm32f40_41xxx.o(RESET) refers to explore_systick.o(i.SysTick_Handler) for SysTick_Handler
    startup_stm32f40_41xxx.o(RESET) refers to usart3tobluetooth.o(i.DMA1_Stream3_IRQHandler) for DMA1_Stream3_IRQHandler
    startup_stm32f40_41xxx.o(RESET) refers to usart1toodroid.o(i.USART1_IRQHandler) for USART1_IRQHandler
    startup_stm32f40_41xxx.o(RESET) refers to usart3tobluetooth.o(i.USART3_IRQHandler) for USART3_IRQHandler
    startup_stm32f40_41xxx.o(RESET) refers to usart1toodroid.o(i.DMA2_Stream7_IRQHandler) for DMA2_Stream7_IRQHandler
    startup_stm32f40_41xxx.o(.text) refers (Special) to heapauxi.o(.text) for __use_two_region_memory
    startup_stm32f40_41xxx.o(.text) refers to system_stm32f4xx.o(i.SystemInit) for SystemInit
    startup_stm32f40_41xxx.o(.text) refers to __main.o(!!!main) for __main
    startup_stm32f40_41xxx.o(.text) refers to startup_stm32f40_41xxx.o(HEAP) for Heap_Mem
    startup_stm32f40_41xxx.o(.text) refers to startup_stm32f40_41xxx.o(STACK) for Stack_Mem
    stm32f4xx_gpio.o(i.GPIO_DeInit) refers to stm32f4xx_rcc.o(i.RCC_AHB1PeriphResetCmd) for RCC_AHB1PeriphResetCmd
    stm32f4xx_rcc.o(i.RCC_GetClocksFreq) refers to stm32f4xx_rcc.o(.data) for APBAHBPrescTable
    stm32f4xx_rcc.o(i.RCC_WaitForHSEStartUp) refers to stm32f4xx_rcc.o(i.RCC_GetFlagStatus) for RCC_GetFlagStatus
    stm32f4xx_usart.o(i.USART_DeInit) refers to stm32f4xx_rcc.o(i.RCC_APB2PeriphResetCmd) for RCC_APB2PeriphResetCmd
    stm32f4xx_usart.o(i.USART_DeInit) refers to stm32f4xx_rcc.o(i.RCC_APB1PeriphResetCmd) for RCC_APB1PeriphResetCmd
    stm32f4xx_usart.o(i.USART_Init) refers to stm32f4xx_rcc.o(i.RCC_GetClocksFreq) for RCC_GetClocksFreq
    stm32f4xx_spi.o(i.SPI_I2S_DeInit) refers to stm32f4xx_rcc.o(i.RCC_APB2PeriphResetCmd) for RCC_APB2PeriphResetCmd
    stm32f4xx_spi.o(i.SPI_I2S_DeInit) refers to stm32f4xx_rcc.o(i.RCC_APB1PeriphResetCmd) for RCC_APB1PeriphResetCmd
    stm32f4xx_tim.o(i.TIM_DeInit) refers to stm32f4xx_rcc.o(i.RCC_APB2PeriphResetCmd) for RCC_APB2PeriphResetCmd
    stm32f4xx_tim.o(i.TIM_DeInit) refers to stm32f4xx_rcc.o(i.RCC_APB1PeriphResetCmd) for RCC_APB1PeriphResetCmd
    stm32f4xx_tim.o(i.TIM_ETRClockMode1Config) refers to stm32f4xx_tim.o(i.TIM_ETRConfig) for TIM_ETRConfig
    stm32f4xx_tim.o(i.TIM_ETRClockMode2Config) refers to stm32f4xx_tim.o(i.TIM_ETRConfig) for TIM_ETRConfig
    stm32f4xx_tim.o(i.TIM_ICInit) refers to stm32f4xx_tim.o(i.TI1_Config) for TI1_Config
    stm32f4xx_tim.o(i.TIM_ICInit) refers to stm32f4xx_tim.o(i.TIM_SetIC1Prescaler) for TIM_SetIC1Prescaler
    stm32f4xx_tim.o(i.TIM_ICInit) refers to stm32f4xx_tim.o(i.TI2_Config) for TI2_Config
    stm32f4xx_tim.o(i.TIM_ICInit) refers to stm32f4xx_tim.o(i.TIM_SetIC2Prescaler) for TIM_SetIC2Prescaler
    stm32f4xx_tim.o(i.TIM_ICInit) refers to stm32f4xx_tim.o(i.TI3_Config) for TI3_Config
    stm32f4xx_tim.o(i.TIM_ICInit) refers to stm32f4xx_tim.o(i.TIM_SetIC3Prescaler) for TIM_SetIC3Prescaler
    stm32f4xx_tim.o(i.TIM_ICInit) refers to stm32f4xx_tim.o(i.TI4_Config) for TI4_Config
    stm32f4xx_tim.o(i.TIM_ICInit) refers to stm32f4xx_tim.o(i.TIM_SetIC4Prescaler) for TIM_SetIC4Prescaler
    stm32f4xx_tim.o(i.TIM_ITRxExternalClockConfig) refers to stm32f4xx_tim.o(i.TIM_SelectInputTrigger) for TIM_SelectInputTrigger
[...]
    OS_MutexInit                             0x08005469   Thumb Code    14  os_mutex.o(i.OS_MutexInit)
    OS_Pend                                  0x08005481   Thumb Code    98  os_core.o(i.OS_Pend)
    OS_PendDataInit                          0x080054e9   Thumb Code    38  os_core.o(i.OS_PendDataInit)
    OS_PendDbgNameAdd                        0x08005511   Thumb Code    66  os_core.o(i.OS_PendDbgNameAdd)
    OS_PendDbgNameRemove                     0x0800556d   Thumb Code    30  os_core.o(i.OS_PendDbgNameRemove)
    OS_PendListInit                          0x08005591   Thumb Code    10  os_core.o(i.OS_PendListInit)
    OS_PendListInsertPrio                    0x0800559b   Thumb Code   102  os_core.o(i.OS_PendListInsertPrio)
    OS_PendListRemove                        0x08005601   Thumb Code    48  os_core.o(i.OS_PendListRemove)
    OS_PendListRemove1                       0x08005631   Thumb Code    66  os_core.o(i.OS_PendListRemove1)
    OS_Post                                  0x08005673   Thumb Code   192  os_core.o(i.OS_Post)
    OS_Post1                                 0x08005733   Thumb Code    42  os_core.o(i.OS_Post1)
    OS_PrioGetHighest                        0x0800575d   Thumb Code    36  os_prio.o(i.OS_PrioGetHighest)
    OS_PrioInit                              0x08005785   Thumb Code    20  os_prio.o(i.OS_PrioInit)
    OS_PrioInsert                            0x0800579d   Thumb Code    32  os_prio.o(i.OS_PrioInsert)
    OS_PrioRemove                            0x080057c1   Thumb Code    32  os_prio.o(i.OS_PrioRemove)
    OS_QInit                                 0x080057e5   Thumb Code    14  os_q.o(i.OS_QInit)
    OS_RdyListInit                           0x080057fd   Thumb Code    32  os_core.o(i.OS_RdyListInit)
    OS_RdyListInsert                         0x08005821   Thumb Code    40  os_core.o(i.OS_RdyListInsert)
    OS_RdyListInsertHead                     0x0800584d   Thumb Code    58  os_core.o(i.OS_RdyListInsertHead)
    OS_RdyListInsertTail                     0x0800588d   Thumb Code    56  os_core.o(i.OS_RdyListInsertTail)
    OS_RdyListMoveHeadToTail                 0x080058c9   Thumb Code    68  os_core.o(i.OS_RdyListMoveHeadToTail)
    OS_RdyListRemove                         0x0800590d   Thumb Code    86  os_core.o(i.OS_RdyListRemove)
    OS_SchedLockTimeMeasStart                0x08005969   Thumb Code    20  os_core.o(i.OS_SchedLockTimeMeasStart)
    OS_SchedLockTimeMeasStop                 0x08005985   Thumb Code    44  os_core.o(i.OS_SchedLockTimeMeasStop)
    OS_SchedRoundRobin                       0x080059c1   Thumb Code   190  os_core.o(i.OS_SchedRoundRobin)
    OS_SemDbgListAdd                         0x08005a91   Thumb Code    38  os_sem.o(i.OS_SemDbgListAdd)
    OS_SemInit                               0x08005ac1   Thumb Code    14  os_sem.o(i.OS_SemInit)
    OS_SemPost                               0x08005ad9   Thumb Code   294  os_sem.o(i.OS_SemPost)
    OS_StatTask                              0x08005c01   Thumb Code   686  os_stat.o(i.OS_StatTask)
    OS_StatTaskInit                          0x08005eed   Thumb Code   136  os_stat.o(i.OS_StatTaskInit)
    OS_TaskBlock                             0x08005fb9   Thumb Code    56  os_core.o(i.OS_TaskBlock)
    OS_TaskDbgListAdd                        0x08005ff1   Thumb Code    42  os_task.o(i.OS_TaskDbgListAdd)
    OS_TaskDbgListRemove                     0x08006021   Thumb Code    64  os_task.o(i.OS_TaskDbgListRemove)
    OS_TaskInit                              0x08006065   Thumb Code    18  os_task.o(i.OS_TaskInit)
    OS_TaskInitTCB                           0x08006085   Thumb Code   186  os_task.o(i.OS_TaskInitTCB)
    OS_TaskRdy                               0x0800614d   Thumb Code    28  os_core.o(i.OS_TaskRdy)
    OS_TaskResume                            0x08006169   Thumb Code   256  os_task.o(i.OS_TaskResume)
    OS_TaskReturn                            0x08006269   Thumb Code    20  os_task.o(i.OS_TaskReturn)
    OS_TaskSemPost                           0x08006281   Thumb Code   448  os_task.o(i.OS_TaskSemPost)
    OS_TaskSuspend                           0x08006445   Thumb Code   272  os_task.o(i.OS_TaskSuspend)
    OS_TickListInit                          0x0800655d   Thumb Code    32  os_tick.o(i.OS_TickListInit)
    OS_TickListInsert                        0x08006585   Thumb Code   430  os_tick.o(i.OS_TickListInsert)
    OS_TickListRemove                        0x08006741   Thumb Code    56  os_tick.o(i.OS_TickListRemove)
    OS_TickListResetPeak                     0x08006779   Thumb Code    28  os_tick.o(i.OS_TickListResetPeak)
    OS_TickListUpdate                        0x0800679d   Thumb Code   376  os_tick.o(i.OS_TickListUpdate)
    OS_TickTask                              0x08006925   Thumb Code    38  os_tick.o(i.OS_TickTask)
    OS_TickTaskInit                          0x08006951   Thumb Code   128  os_tick.o(i.OS_TickTaskInit)
    OS_TmrInit                               0x08006a09   Thumb Code   206  os_tmr.o(i.OS_TmrInit)
    OS_TmrLink                               0x08006b31   Thumb Code   196  os_tmr.o(i.OS_TmrLink)
    OS_TmrResetPeak                          0x08006c01   Thumb Code    28  os_tmr.o(i.OS_TmrResetPeak)
    OS_TmrTask                               0x08006c25   Thumb Code   176  os_tmr.o(i.OS_TmrTask)
    OS_TmrUnlink                             0x08006ce5   Thumb Code    72  os_tmr.o(i.OS_TmrUnlink)
    PID_Control                              0x08006d35   Thumb Code   220  pid_control.o(i.PID_Control)
    PWM_Init                                 0x08006e11   Thumb Code   276  mcpwm.o(i.PWM_Init)
    PWM_OUTPUT                               0x08006f2d   Thumb Code    66  attitude_control.o(i.PWM_OUTPUT)
    PlaceStausCheck                          0x08006f79   Thumb Code   258  mpu6000.o(i.PlaceStausCheck)
    PositionParameterclear                   0x08007091   Thumb Code   262  position_control.o(i.PositionParameterclear)
    Position_control                         0x080071bd   Thumb Code   436  position_control.o(i.Position_control)
    Position_task                            0x080073c1   Thumb Code    72  task.o(i.Position_task)
    RCC_AHB1PeriphClockCmd                   0x08007419   Thumb Code    26  stm32f4xx_rcc.o(i.RCC_AHB1PeriphClockCmd)
    RCC_APB1PeriphClockCmd                   0x08007439   Thumb Code    26  stm32f4xx_rcc.o(i.RCC_APB1PeriphClockCmd)
    RCC_APB2PeriphClockCmd                   0x08007459   Thumb Code    26  stm32f4xx_rcc.o(i.RCC_APB2PeriphClockCmd)
    RCC_APB2PeriphResetCmd                   0x08007479   Thumb Code    26  stm32f4xx_rcc.o(i.RCC_APB2PeriphResetCmd)
    RCC_GetClocksFreq                        0x08007499   Thumb Code   214  stm32f4xx_rcc.o(i.RCC_GetClocksFreq)
    SPI1_Configuration                       0x080075c5   Thumb Code   198  spi1.o(i.SPI1_Configuration)
    SPI1_ReadWrite_Byte                      0x08007699   Thumb Code    42  spi1.o(i.SPI1_ReadWrite_Byte)
    SPI1_readRegs                            0x080076c9   Thumb Code    40  spi1.o(i.SPI1_readRegs)
    SPI_Cmd                                  0x080076f1   Thumb Code    24  stm32f4xx_spi.o(i.SPI_Cmd)
    SPI_Init                                 0x08007709   Thumb Code    60  stm32f4xx_spi.o(i.SPI_Init)
    STMFLASH_GetFlashSector                  0x08007745   Thumb Code   116  flash.o(i.STMFLASH_GetFlashSector)
    STMFLASH_Read                            0x080077e5   Thumb Code    32  flash.o(i.STMFLASH_Read)
    STMFLASH_ReadWord                        0x08007805   Thumb Code     6  flash.o(i.STMFLASH_ReadWord)
    STMFLASH_Write                           0x0800780d   Thumb Code   146  flash.o(i.STMFLASH_Write)
    SVC_Handler                              0x080078a9   Thumb Code     2  stm32f4xx_it.o(i.SVC_Handler)
    Safety_Protection                        0x080078ad   Thumb Code   160  attitude_control.o(i.Safety_Protection)
    SysTick_CLKSourceConfig                  0x08007a49   Thumb Code    40  misc.o(i.SysTick_CLKSourceConfig)
    SysTick_Handler                          0x08007a71   Thumb Code    34  explore_systick.o(i.SysTick_Handler)
    SystemInit                               0x08007a9d   Thumb Code    88  system_stm32f4xx.o(i.SystemInit)
    Systick_Init                             0x08007b05   Thumb Code    94  explore_systick.o(i.Systick_Init)
    TIM_ARRPreloadConfig                     0x08007b75   Thumb Code    24  stm32f4xx_tim.o(i.TIM_ARRPreloadConfig)
    TIM_Cmd                                  0x08007b8d   Thumb Code    24  stm32f4xx_tim.o(i.TIM_Cmd)
    TIM_CtrlPWMOutputs                       0x08007ba5   Thumb Code    30  stm32f4xx_tim.o(i.TIM_CtrlPWMOutputs)
    TIM_OC1Init                              0x08007bc5   Thumb Code   114  stm32f4xx_tim.o(i.TIM_OC1Init)
    TIM_OC1PreloadConfig                     0x08007c41   Thumb Code    18  stm32f4xx_tim.o(i.TIM_OC1PreloadConfig)
    TIM_OC2Init                              0x08007c55   Thumb Code   154  stm32f4xx_tim.o(i.TIM_OC2Init)
    TIM_OC2PreloadConfig                     0x08007cf9   Thumb Code    26  stm32f4xx_tim.o(i.TIM_OC2PreloadConfig)
    TIM_OC3Init                              0x08007d15   Thumb Code   150  stm32f4xx_tim.o(i.TIM_OC3Init)
    TIM_OC3PreloadConfig                     0x08007db5   Thumb Code    18  stm32f4xx_tim.o(i.TIM_OC3PreloadConfig)
    TIM_OC4Init                              0x08007dc9   Thumb Code   112  stm32f4xx_tim.o(i.TIM_OC4Init)
    TIM_OC4PreloadConfig                     0x08007e41   Thumb Code    26  stm32f4xx_tim.o(i.TIM_OC4PreloadConfig)
    TIM_TimeBaseInit                         0x08007e5d   Thumb Code   104  stm32f4xx_tim.o(i.TIM_TimeBaseInit)
    ThrustMixer                              0x08007ee1   Thumb Code   644  attitude_control.o(i.ThrustMixer)
    Timer5_Timinginit                        0x0800817d   Thumb Code    66  timer5_timing.o(i.Timer5_Timinginit)
    USART1_IRQHandler                        0x080081c9   Thumb Code    16  usart1toodroid.o(i.USART1_IRQHandler)
    USART3_IRQHandler                        0x080081d9   Thumb Code    16  usart3tobluetooth.o(i.USART3_IRQHandler)
    USART_Cmd                                0x080081e9   Thumb Code    24  stm32f4xx_usart.o(i.USART_Cmd)
    USART_DMACmd                             0x08008201   Thumb Code    18  stm32f4xx_usart.o(i.USART_DMACmd)
    USART_GetITStatus                        0x08008213   Thumb Code    84  stm32f4xx_usart.o(i.USART_GetITStatus)
    USART_ITConfig                           0x08008267   Thumb Code    74  stm32f4xx_usart.o(i.USART_ITConfig)
    USART_Init                               0x080082b1   Thumb Code   204  stm32f4xx_usart.o(i.USART_Init)
    Uart1_dma_tx_irq_handler                 0x08008385   Thumb Code     8  usart1toodroid.o(i.Uart1_dma_tx_irq_handler)
    Uart1_irq_handler                        0x0800838d   Thumb Code    36  usart1toodroid.o(i.Uart1_irq_handler)
    Uart3_dma_tx_irq_handler                 0x080083b9   Thumb Code     8  usart3tobluetooth.o(i.Uart3_dma_tx_irq_handler)
    Uart3_irq_handler                        0x080083c1   Thumb Code    36  usart3tobluetooth.o(i.Uart3_irq_handler)
    Uart3_tx                                 0x080083ed   Thumb Code    50  usart3tobluetooth.o(i.Uart3_tx)
    UsageFault_Handler                       0x08008523   Thumb Code     4  stm32f4xx_it.o(i.UsageFault_Handler)
    Usart1toOdroid_Init                      0x08008529   Thumb Code   498  usart1toodroid.o(i.Usart1toOdroid_Init)
    Usart3toBluetooth_Init                   0x08008731   Thumb Code   496  usart3tobluetooth.o(i.Usart3toBluetooth_Init)
    Vision_datadeal                          0x08008935   Thumb Code   688  visiondata_deal.o(i.Vision_datadeal)
    Vision_task                              0x08008c29   Thumb Code    78  task.o(i.Vision_task)
    Write_config                             0x08008c91   Thumb Code    38  flash.o(i.Write_config)
    _Uart1_deal_irq_dma_tx                   0x08008cc9   Thumb Code    44  usart1toodroid.o(i._Uart1_deal_irq_dma_tx)
    _Uart1_deal_irq_rx_end                   0x08008d01   Thumb Code    88  usart1toodroid.o(i._Uart1_deal_irq_rx_end)
    _Uart1_deal_irq_tx_end                   0x08008d69   Thumb Code    40  usart1toodroid.o(i._Uart1_deal_irq_tx_end)
    _Uart3_deal_irq_dma_tx                   0x08008d99   Thumb Code    44  usart3tobluetooth.o(i._Uart3_deal_irq_dma_tx)
    _Uart3_deal_irq_rx_end                   0x08008dd1   Thumb Code    90  usart3tobluetooth.o(i._Uart3_deal_irq_rx_end)
    _Uart3_deal_irq_tx_end                   0x08008e3d   Thumb Code    40  usart3tobluetooth.o(i._Uart3_deal_irq_tx_end)
    __ARM_fpclassify                         0x08008e6d   Thumb Code    48  fpclassify.o(i.__ARM_fpclassify)
    __hardfp_asin                            0x08008ea1   Thumb Code   770  asin.o(i.__hardfp_asin)
    __hardfp_atan                            0x08009201   Thumb Code   622  atan.o(i.__hardfp_atan)
    __hardfp_atan2                           0x080094d9   Thumb Code   432  atan2.o(i.__hardfp_atan2)
    __kernel_poly                            0x080096c9   Thumb Code   248  poly.o(i.__kernel_poly)
    __mathlib_dbl_infnan                     0x080097c1   Thumb Code    20  dunder.o(i.__mathlib_dbl_infnan)
    __mathlib_dbl_infnan2                    0x080097d5   Thumb Code    20  dunder.o(i.__mathlib_dbl_infnan2)
    __mathlib_dbl_invalid                    0x080097e9   Thumb Code    24  dunder.o(i.__mathlib_dbl_invalid)
    __mathlib_dbl_underflow                  0x08009809   Thumb Code    24  dunder.o(i.__mathlib_dbl_underflow)
    arrycat                                  0x08009829   Thumb Code    26  type_conversion.o(i.arrycat)
    atan                                     0x08009843   Thumb Code    16  atan.o(i.atan)
    delay_ms                                 0x08009855   Thumb Code    66  explore_systick.o(i.delay_ms)
    delay_osschedlock                        0x080098a5   Thumb Code    10  explore_systick.o(i.delay_osschedlock)
    delay_osschedunlock                      0x080098af   Thumb Code    10  explore_systick.o(i.delay_osschedunlock)
    delay_ostimedly                          0x080098b9   Thumb Code    16  explore_systick.o(i.delay_ostimedly)
    delay_us                                 0x080098c9   Thumb Code    84  explore_systick.o(i.delay_us)
    fabs                                     0x08009921   Thumb Code    24  fabs.o(i.fabs)
    inf_Uart1_deal_irq_dma_tx                0x08009939   Thumb Code     8  usart1toodroid.o(i.inf_Uart1_deal_irq_dma_tx)
    inf_Uart1_deal_irq_rx_end                0x08009941   Thumb Code    12  usart1toodroid.o(i.inf_Uart1_deal_irq_rx_end)
    inf_Uart1_deal_irq_tx_end                0x0800994d   Thumb Code     8  usart1toodroid.o(i.inf_Uart1_deal_irq_tx_end)
    inf_Uart3_deal_irq_dma_tx                0x08009955   Thumb Code     8  usart3tobluetooth.o(i.inf_Uart3_deal_irq_dma_tx)
    inf_Uart3_deal_irq_rx_end                0x0800995d   Thumb Code    12  usart3tobluetooth.o(i.inf_Uart3_deal_irq_rx_end)
    inf_Uart3_deal_irq_tx_end                0x08009969   Thumb Code     8  usart3tobluetooth.o(i.inf_Uart3_deal_irq_tx_end)
    invSqrt                                  0x08009971   Thumb Code    56  mahonyahrs.o(i.invSqrt)
    main                                     0x080099ad   Thumb Code   158  stm32f4xx_main.o(i.main)
    micros                                   0x08009a65   Thumb Code     8  timer5_timing.o(i.micros)
    safe_asin                                0x08009a71   Thumb Code   122  imu_ahrs.o(i.safe_asin)
    sendParaInfo                             0x08009af9   Thumb Code  1110  data_pc.o(i.sendParaInfo)
    sendRTInfo                               0x08009f51   Thumb Code   330  data_pc.o(i.sendRTInfo)
    sqrt                                     0x0800a0b1   Thumb Code   110  sqrt.o(i.sqrt)
    start_task                               0x0800a121   Thumb Code   406  stm32f4xx_main.o(i.start_task)
    __aeabi_dneg                             0x0800a37d   Thumb Code     0  basic.o(x$fpl$basic)
    _dneg                                    0x0800a37d   Thumb Code     6  basic.o(x$fpl$basic)
    __aeabi_fneg                             0x0800a383   Thumb Code     0  basic.o(x$fpl$basic)
    _fneg                                    0x0800a383   Thumb Code     6  basic.o(x$fpl$basic)
    _dabs                                    0x0800a389   Thumb Code     6  basic.o(x$fpl$basic)
    _fabs                                    0x0800a38f   Thumb Code     6  basic.o(x$fpl$basic)
    __aeabi_d2f                              0x0800a395   Thumb Code     0  d2f.o(x$fpl$d2f)
    _d2f                                     0x0800a395   Thumb Code    98  d2f.o(x$fpl$d2f)
    __aeabi_dadd                             0x0800a3f9   Thumb Code     0  daddsub_clz.o(x$fpl$dadd)
    _dadd                                    0x0800a3f9   Thumb Code   332  daddsub_clz.o(x$fpl$dadd)
    __fpl_dcmp_Inf                           0x0800a549   Thumb Code    24  dcmpi.o(x$fpl$dcmpinf)
    __aeabi_ddiv                             0x0800a561   Thumb Code     0  ddiv.o(x$fpl$ddiv)
    _ddiv                                    0x0800a561   Thumb Code   552  ddiv.o(x$fpl$ddiv)
    __aeabi_cdcmple                          0x0800a811   Thumb Code     0  dleqf.o(x$fpl$dleqf)
    _dcmple                                  0x0800a811   Thumb Code   120  dleqf.o(x$fpl$dleqf)
    __fpl_dcmple_InfNaN                      0x0800a873   Thumb Code     0  dleqf.o(x$fpl$dleqf)
    __aeabi_dmul                             0x0800a889   Thumb Code     0  dmul.o(x$fpl$dmul)
    _dmul                                    0x0800a889   Thumb Code   332  dmul.o(x$fpl$dmul)
    __fpl_dnaninf                            0x0800a9dd   Thumb Code   156  dnaninf.o(x$fpl$dnaninf)
    __fpl_dretinf                            0x0800aa79   Thumb Code    12  dretinf.o(x$fpl$dretinf)
    __aeabi_cdrcmple                         0x0800aa85   Thumb Code     0  drleqf.o(x$fpl$drleqf)
    _drcmple                                 0x0800aa85   Thumb Code   108  drleqf.o(x$fpl$drleqf)
    __aeabi_drsub                            0x0800aaf1   Thumb Code     0  daddsub_clz.o(x$fpl$drsb)
    _drsb                                    0x0800aaf1   Thumb Code    22  daddsub_clz.o(x$fpl$drsb)
    _dsqrt                                   0x0800ab09   Thumb Code   404  dsqrt_umaal.o(x$fpl$dsqrt)
    __aeabi_dsub                             0x0800aca1   Thumb Code     0  daddsub_clz.o(x$fpl$dsub)
    _dsub                                    0x0800aca1   Thumb Code   464  daddsub_clz.o(x$fpl$dsub)
    __aeabi_f2d                              0x0800ae75   Thumb Code     0  f2d.o(x$fpl$f2d)
    _f2d                                     0x0800ae75   Thumb Code    86  f2d.o(x$fpl$f2d)
    __fpl_fnaninf                            0x0800aecb   Thumb Code   140  fnaninf.o(x$fpl$fnaninf)
    _fp_init                                 0x0800af57   Thumb Code    10  fpinit.o(x$fpl$fpinit)
    __fplib_config_fpu_vfp                   0x0800af5f   Thumb Code     0  fpinit.o(x$fpl$fpinit)
    __fplib_config_pureend_doubles           0x0800af5f   Thumb Code     0  fpinit.o(x$fpl$fpinit)
    __fpl_fretinf                            0x0800af61   Thumb Code    10  fretinf.o(x$fpl$fretinf)
    __I$use$fp                               0x0800af6a   Number         0  usenofp.o(x$fpl$usenofp)
    OSCfg_IdleTaskStkBasePtr                 0x0800af6c   Data           4  os_cfg_app.o(.constdata)
    OSCfg_IdleTaskStkLimit                   0x0800af70   Data           4  os_cfg_app.o(.constdata)
    OSCfg_IdleTaskStkSize                    0x0800af74   Data           4  os_cfg_app.o(.constdata)
    OSCfg_IdleTaskStkSizeRAM                 0x0800af78   Data           4  os_cfg_app.o(.constdata)
    OSCfg_IntQBasePtr                        0x0800af7c   Data           4  os_cfg_app.o(.constdata)
    OSCfg_IntQSize                           0x0800af80   Data           2  os_cfg_app.o(.constdata)
    OSCfg_IntQSizeRAM                        0x0800af84   Data           4  os_cfg_app.o(.constdata)
    OSCfg_IntQTaskStkBasePtr                 0x0800af88   Data           4  os_cfg_app.o(.constdata)
    OSCfg_IntQTaskStkLimit                   0x0800af8c   Data           4  os_cfg_app.o(.constdata)
    OSCfg_IntQTaskStkSize                    0x0800af90   Data           4  os_cfg_app.o(.constdata)
    OSCfg_IntQTaskStkSizeRAM                 0x0800af94   Data           4  os_cfg_app.o(.constdata)
    OSCfg_ISRStkBasePtr                      0x0800af98   Data           4  os_cfg_app.o(.constdata)
    OSCfg_ISRStkSize                         0x0800af9c   Data           4  os_cfg_app.o(.constdata)
    OSCfg_ISRStkSizeRAM                      0x0800afa0   Data           4  os_cfg_app.o(.constdata)
    OSCfg_MsgPoolSize                        0x0800afa4   Data           2  os_cfg_app.o(.constdata)
    OSCfg_MsgPoolSizeRAM                     0x0800afa8   Data           4  os_cfg_app.o(.constdata)
    OSCfg_MsgPoolBasePtr                     0x0800afac   Data           4  os_cfg_app.o(.constdata)
    OSCfg_StatTaskPrio                       0x0800afb0   Data           1  os_cfg_app.o(.constdata)
    OSCfg_StatTaskRate_Hz                    0x0800afb4   Data           4  os_cfg_app.o(.constdata)
    OSCfg_StatTaskStkBasePtr                 0x0800afb8   Data           4  os_cfg_app.o(.constdata)
    OSCfg_StatTaskStkLimit                   0x0800afbc   Data           4  os_cfg_app.o(.constdata)
    OSCfg_StatTaskStkSize                    0x0800afc0   Data           4  os_cfg_app.o(.constdata)
    OSCfg_StatTaskStkSizeRAM                 0x0800afc4   Data           4  os_cfg_app.o(.constdata)
    OSCfg_StkSizeMin                         0x0800afc8   Data           4  os_cfg_app.o(.constdata)
    OSCfg_TickRate_Hz                        0x0800afcc   Data           4  os_cfg_app.o(.constdata)
    OSCfg_TickTaskPrio                       0x0800afd0   Data           1  os_cfg_app.o(.constdata)
    OSCfg_TickTaskStkBasePtr                 0x0800afd4   Data           4  os_cfg_app.o(.constdata)
    OSCfg_TickTaskStkLimit                   0x0800afd8   Data           4  os_cfg_app.o(.constdata)
    OSCfg_TickTaskStkSize                    0x0800afdc   Data           4  os_cfg_app.o(.constdata)
    OSCfg_TickTaskStkSizeRAM                 0x0800afe0   Data           4  os_cfg_app.o(.constdata)
    OSCfg_TickWheelSize                      0x0800afe4   Data           2  os_cfg_app.o(.constdata)
    OSCfg_TickWheelSizeRAM                   0x0800afe8   Data           4  os_cfg_app.o(.constdata)
    OSCfg_TmrTaskPrio                        0x0800afec   Data           1  os_cfg_app.o(.constdata)
    OSCfg_TmrTaskRate_Hz                     0x0800aff0   Data           4  os_cfg_app.o(.constdata)
    OSCfg_TmrTaskStkBasePtr                  0x0800aff4   Data           4  os_cfg_app.o(.constdata)
    OSCfg_TmrTaskStkLimit                    0x0800aff8   Data           4  os_cfg_app.o(.constdata)
    OSCfg_TmrTaskStkSize                     0x0800affc   Data           4  os_cfg_app.o(.constdata)
    OSCfg_TmrTaskStkSizeRAM                  0x0800b000   Data           4  os_cfg_app.o(.constdata)
    OSCfg_TmrWheelSize                       0x0800b004   Data           2  os_cfg_app.o(.constdata)
    OSCfg_TmrWheelSizeRAM                    0x0800b008   Data           4  os_cfg_app.o(.constdata)
    OSCfg_DataSizeRAM                        0x0800b00c   Data           4  os_cfg_app.o(.constdata)
    OSDbg_DbgEn                              0x0800b010   Data           1  os_dbg.o(.constdata)
    OSDbg_ArgChkEn                           0x0800b011   Data           1  os_dbg.o(.constdata)
    OSDbg_AppHooksEn                         0x0800b012   Data           1  os_dbg.o(.constdata)
    OSDbg_EndiannessTest                     0x0800b014   Data           4  os_dbg.o(.constdata)
    OSDbg_CalledFromISRChkEn                 0x0800b018   Data           1  os_dbg.o(.constdata)
    OSDbg_FlagEn                             0x0800b019   Data           1  os_dbg.o(.constdata)
    OSDbg_FlagGrp                            0x0800b01c   Data          40  os_dbg.o(.constdata)
    OSDbg_FlagDelEn                          0x0800b044   Data           1  os_dbg.o(.constdata)
    OSDbg_FlagModeClrEn                      0x0800b045   Data           1  os_dbg.o(.constdata)
    OSDbg_FlagPendAbortEn                    0x0800b046   Data           1  os_dbg.o(.constdata)
    OSDbg_FlagGrpSize                        0x0800b048   Data           2  os_dbg.o(.constdata)
    OSDbg_FlagWidth                          0x0800b04a   Data           2  os_dbg.o(.constdata)
    OSDbg_IntQ                               0x0800b04c   Data           2  os_dbg.o(.constdata)
    OSDbg_ISRPostDeferredEn                  0x0800b04e   Data           1  os_dbg.o(.constdata)
    OSDbg_Mem                                0x0800b050   Data          32  os_dbg.o(.constdata)
    OSDbg_MemEn                              0x0800b070   Data           1  os_dbg.o(.constdata)
    OSDbg_MemSize                            0x0800b072   Data           2  os_dbg.o(.constdata)
    OSDbg_MsgEn                              0x0800b074   Data           1  os_dbg.o(.constdata)
    OSDbg_MsgSize                            0x0800b076   Data           2  os_dbg.o(.constdata)
    OSDbg_MsgPoolSize                        0x0800b078   Data           2  os_dbg.o(.constdata)
    OSDbg_MsgQSize                           0x0800b07a   Data           2  os_dbg.o(.constdata)
    OSDbg_Mutex                              0x0800b07c   Data          44  os_dbg.o(.constdata)
    OSDbg_MutexEn                            0x0800b0a8   Data           1  os_dbg.o(.constdata)
    OSDbg_MutexDelEn                         0x0800b0a9   Data           1  os_dbg.o(.constdata)
    OSDbg_MutexPendAbortEn                   0x0800b0aa   Data           1  os_dbg.o(.constdata)
    OSDbg_MutexSize                          0x0800b0ac   Data           2  os_dbg.o(.constdata)
    OSDbg_ObjTypeChkEn                       0x0800b0ae   Data           1  os_dbg.o(.constdata)
    OSDbg_PendMultiEn                        0x0800b0af   Data           1  os_dbg.o(.constdata)
    OSDbg_PendDataSize                       0x0800b0b0   Data           2  os_dbg.o(.constdata)
    OSDbg_PendListSize                       0x0800b0b2   Data           2  os_dbg.o(.constdata)
    OSDbg_PendObjSize                        0x0800b0b4   Data           2  os_dbg.o(.constdata)
    OSDbg_PrioMax                            0x0800b0b6   Data           2  os_dbg.o(.constdata)
    OSDbg_PrioTblSize                        0x0800b0b8   Data           2  os_dbg.o(.constdata)
    OSDbg_PtrSize                            0x0800b0ba   Data           2  os_dbg.o(.constdata)
    OSDbg_Q                                  0x0800b0bc   Data          48  os_dbg.o(.constdata)
    OSDbg_QEn                                0x0800b0ec   Data           1  os_dbg.o(.constdata)
    OSDbg_QDelEn                             0x0800b0ed   Data           1  os_dbg.o(.constdata)
    OSDbg_QFlushEn                           0x0800b0ee   Data           1  os_dbg.o(.constdata)
    OSDbg_QPendAbortEn                       0x0800b0ef   Data           1  os_dbg.o(.constdata)
    OSDbg_QSize                              0x0800b0f0   Data           2  os_dbg.o(.constdata)
    OSDbg_SchedRoundRobinEn                  0x0800b0f2   Data           1  os_dbg.o(.constdata)
    OSDbg_Sem                                0x0800b0f4   Data          40  os_dbg.o(.constdata)
    OSDbg_SemEn                              0x0800b11c   Data           1  os_dbg.o(.constdata)
    OSDbg_SemDelEn                           0x0800b11d   Data           1  os_dbg.o(.constdata)
    OSDbg_SemPendAbortEn                     0x0800b11e   Data           1  os_dbg.o(.constdata)
    OSDbg_SemSetEn                           0x0800b11f   Data           1  os_dbg.o(.constdata)
    OSDbg_SemSize                            0x0800b120   Data           2  os_dbg.o(.constdata)
    OSDbg_RdyList                            0x0800b122   Data           2  os_dbg.o(.constdata)
    OSDbg_RdyListSize                        0x0800b124   Data           4  os_dbg.o(.constdata)
    OSDbg_StkWidth                           0x0800b128   Data           1  os_dbg.o(.constdata)
    OSDbg_StatTaskEn                         0x0800b129   Data           1  os_dbg.o(.constdata)
    OSDbg_StatTaskStkChkEn                   0x0800b12a   Data           1  os_dbg.o(.constdata)
    OSDbg_TaskChangePrioEn                   0x0800b12b   Data           1  os_dbg.o(.constdata)
    OSDbg_TaskDelEn                          0x0800b12c   Data           1  os_dbg.o(.constdata)
    OSDbg_TaskQEn                            0x0800b12d   Data           1  os_dbg.o(.constdata)
    OSDbg_TaskQPendAbortEn                   0x0800b12e   Data           1  os_dbg.o(.constdata)
    OSDbg_TaskProfileEn                      0x0800b12f   Data           1  os_dbg.o(.constdata)
    OSDbg_TaskRegTblSize                     0x0800b130   Data           2  os_dbg.o(.constdata)
    OSDbg_TaskSemPendAbortEn                 0x0800b132   Data           1  os_dbg.o(.constdata)
    OSDbg_TaskSuspendEn                      0x0800b133   Data           1  os_dbg.o(.constdata)
    OSDbg_TCBSize                            0x0800b134   Data           2  os_dbg.o(.constdata)
    OSDbg_TickSpokeSize                      0x0800b136   Data           2  os_dbg.o(.constdata)
    OSDbg_TimeDlyHMSMEn                      0x0800b138   Data           1  os_dbg.o(.constdata)
    OSDbg_TimeDlyResumeEn                    0x0800b139   Data           1  os_dbg.o(.constdata)
    OSDbg_TLS_TblSize                        0x0800b13a   Data           2  os_dbg.o(.constdata)
    OSDbg_Tmr                                0x0800b13c   Data          52  os_dbg.o(.constdata)
    OSDbg_TmrEn                              0x0800b170   Data           1  os_dbg.o(.constdata)
    OSDbg_TmrDelEn                           0x0800b171   Data           1  os_dbg.o(.constdata)
    OSDbg_TmrSize                            0x0800b172   Data           2  os_dbg.o(.constdata)
    OSDbg_TmrSpokeSize                       0x0800b174   Data           2  os_dbg.o(.constdata)
    OSDbg_VersionNbr                         0x0800b176   Data           2  os_dbg.o(.constdata)
    OSDbg_DataSize                           0x0800b178   Data           4  os_dbg.o(.constdata)
    __mathlib_zero                           0x0800b268   Data           8  qnan.o(.constdata)
    Region$$Table$$Base                      0x0800b270   Number         0  anon$$obj.o(Region$$Table)
    Region$$Table$$Limit                     0x0800b290   Number         0  anon$$obj.o(Region$$Table)
    Millisecond                              0x20000014   Data           4  explore_systick.o(.data)
    CPU_TS_TmrFreq_Hz                        0x20000018   Data           4  cpu_core.o(.data)
    OSPrioTbl                                0x2000001c   Data           8  os_prio.o(.data)
    OS_AppTaskCreateHookPtr                  0x20000024   Data           4  os_var.o(.data)
    OS_AppTaskDelHookPtr                     0x20000028   Data           4  os_var.o(.data)
    OS_AppTaskReturnHookPtr                  0x2000002c   Data           4  os_var.o(.data)
    OS_AppIdleTaskHookPtr                    0x20000030   Data           4  os_var.o(.data)
    OS_AppStatTaskHookPtr                    0x20000034   Data           4  os_var.o(.data)
    OS_AppTaskSwHookPtr                      0x20000038   Data           4  os_var.o(.data)
    OS_AppTimeTickHookPtr                    0x2000003c   Data           4  os_var.o(.data)
    OSIdleTaskCtr                            0x20000040   Data           4  os_var.o(.data)
    OSIntNestingCtr                          0x20000044   Data           1  os_var.o(.data)
    OSRunning                                0x20000045   Data           1  os_var.o(.data)
    OSFlagDbgListPtr                         0x20000048   Data           4  os_var.o(.data)
    OSFlagQty                                0x2000004c   Data           2  os_var.o(.data)
    OSMemDbgListPtr                          0x20000050   Data           4  os_var.o(.data)
    OSMemQty                                 0x20000054   Data           2  os_var.o(.data)
    OSMutexDbgListPtr                        0x20000058   Data           4  os_var.o(.data)
    OSMutexQty                               0x2000005c   Data           2  os_var.o(.data)
    OSPrioCur                                0x2000005e   Data           1  os_var.o(.data)
    OSPrioHighRdy                            0x2000005f   Data           1  os_var.o(.data)
    OSPrioSaved                              0x20000060   Data           1  os_var.o(.data)
    OSQDbgListPtr                            0x20000064   Data           4  os_var.o(.data)
    OSQQty                                   0x20000068   Data           2  os_var.o(.data)
    OSSchedLockTimeBegin                     0x2000006c   Data           4  os_var.o(.data)
    OSSchedLockTimeMax                       0x20000070   Data           4  os_var.o(.data)
    OSSchedLockTimeMaxCur                    0x20000074   Data           4  os_var.o(.data)
    OSSchedLockNestingCtr                    0x20000078   Data           1  os_var.o(.data)
    OSSchedRoundRobinDfltTimeQuanta          0x2000007c   Data           4  os_var.o(.data)
    OSSchedRoundRobinEn                      0x20000080   Data           1  os_var.o(.data)
    OSSemDbgListPtr                          0x20000084   Data           4  os_var.o(.data)
    OSSemQty                                 0x20000088   Data           2  os_var.o(.data)
    OSStatResetFlag                          0x2000008a   Data           1  os_var.o(.data)
    OSStatTaskCPUUsage                       0x2000008c   Data           2  os_var.o(.data)
    OSStatTaskCPUUsageMax                    0x2000008e   Data           2  os_var.o(.data)
    OSStatTaskCtr                            0x20000090   Data           4  os_var.o(.data)
    OSStatTaskCtrMax                         0x20000094   Data           4  os_var.o(.data)
    OSStatTaskCtrRun                         0x20000098   Data           4  os_var.o(.data)
    OSStatTaskRdy                            0x2000009c   Data           1  os_var.o(.data)
    OSStatTaskTimeMax                        0x200000a0   Data           4  os_var.o(.data)
    OSTaskCtxSwCtr                           0x200000a4   Data           4  os_var.o(.data)
    OSTaskDbgListPtr                         0x200000a8   Data           4  os_var.o(.data)
    OSTaskQty                                0x200000ac   Data           2  os_var.o(.data)
    OSTaskRegNextAvailID                     0x200000ae   Data           1  os_var.o(.data)
    OSTickCtr                                0x200000b0   Data           4  os_var.o(.data)
    OSTickTaskTimeMax                        0x200000b4   Data           4  os_var.o(.data)
    OSTmrDbgListPtr                          0x200000b8   Data           4  os_var.o(.data)
    OSTmrQty                                 0x200000bc   Data           2  os_var.o(.data)
    OSTmrTaskTimeMax                         0x200000c0   Data           4  os_var.o(.data)
    OSTmrTickCtr                             0x200000c4   Data           4  os_var.o(.data)
    OSTmrUpdateCnt                           0x200000c8   Data           4  os_var.o(.data)
    OSTmrUpdateCtr                           0x200000cc   Data           4  os_var.o(.data)
    OSTCBCurPtr                              0x200000d0   Data           4  os_var.o(.data)
    OSTCBHighRdyPtr                          0x200000d4   Data           4  os_var.o(.data)
    OS_CPU_ExceptStkBase                     0x200000d8   Data           4  os_cpu_c.o(.data)
    FlightControl                            0x200000dc   Data           8  task.o(.data)
    DataCombineflag                          0x200000e4   Data           1  task.o(.data)
    PositionControlFlag                      0x200000e5   Data           1  task.o(.data)
    Flag_Tx_Uart3_Busy                       0x2000010c   Data           4  usart3tobluetooth.o(.data)
    MPU6000Wr_Index                          0x20000110   Data           1  mpu6000.o(.data)
    MPU6000Gx_offset                         0x20000114   Data           4  mpu6000.o(.data)
    MPU6000Gy_offset                         0x20000118   Data           4  mpu6000.o(.data)
    MPU6000Gz_offset                         0x2000011c   Data           4  mpu6000.o(.data)
    orientationStatus                        0x20000120   Data           1  mpu6000.o(.data)
    placement                                0x20000121   Data           1  mpu6000.o(.data)
    testdata                                 0x20000122   Data           2  mpu6000.o(.data)
    Flag_Tx_Uart1_Busy                       0x20000148   Data           4  usart1toodroid.o(.data)
    AttitueDivision                          0x2000014c   Data           1  attitude_control.o(.data)
    PositionDivision                         0x2000014d   Data           1  position_control.o(.data)
    position_x                               0x20000154   Data           4  visiondata_deal.o(.data)
    position_y                               0x20000158   Data           4  visiondata_deal.o(.data)
    position_z                               0x2000015c   Data           4  visiondata_deal.o(.data)
    velocity_x                               0x20000160   Data           4  visiondata_deal.o(.data)
    velocity_y                               0x20000164   Data           4  visiondata_deal.o(.data)
    velocity_z                               0x20000168   Data           4  visiondata_deal.o(.data)
    Quaternion0                              0x2000016c   Data           4  visiondata_deal.o(.data)
    Quaternion1                              0x20000170   Data           4  visiondata_deal.o(.data)
    Quaternion2                              0x20000174   Data           4  visiondata_deal.o(.data)
    Quaternion3                              0x20000178   Data           4  visiondata_deal.o(.data)
    reference_posx                           0x2000017c   Data           4  visiondata_deal.o(.data)
    reference_posy                           0x20000180   Data           4  visiondata_deal.o(.data)
    reference_posz                           0x20000184   Data           4  visiondata_deal.o(.data)
    twoKp                                    0x2000018c   Data           4  mahonyahrs.o(.data)
    twoKi                                    0x20000190   Data           4  mahonyahrs.o(.data)
    q0                                       0x20000194   Data           4  mahonyahrs.o(.data)
    q1                                       0x20000198   Data           4  mahonyahrs.o(.data)
    q2                                       0x2000019c   Data           4  mahonyahrs.o(.data)
    q3                                       0x200001a0   Data           4  mahonyahrs.o(.data)
    integralFBx                              0x200001a4   Data           4  mahonyahrs.o(.data)
    integralFBy                              0x200001a8   Data           4  mahonyahrs.o(.data)
    integralFBz                              0x200001ac   Data           4  mahonyahrs.o(.data)
    lm_lambda                                0x200001b0   Data           8  levenbergmarquardt.o(.data)
    CPU_Name                                 0x200001b8   Data          16  cpu_core.o(.bss)
    OSCfg_IdleTaskStk                        0x200001c8   Data         512  os_cfg_app.o(.bss)
    OSCfg_ISRStk                             0x200003c8   Data         512  os_cfg_app.o(.bss)
    OSCfg_MsgPool                            0x200005c8   Data        1600  os_cfg_app.o(.bss)
    OSCfg_StatTaskStk                        0x20000c08   Data         512  os_cfg_app.o(.bss)
    OSCfg_TickTaskStk                        0x20000e08   Data         512  os_cfg_app.o(.bss)
    OSCfg_TickWheel                          0x20001008   Data         136  os_cfg_app.o(.bss)
    OSCfg_TmrTaskStk                         0x20001090   Data         512  os_cfg_app.o(.bss)
    OSCfg_TmrWheel                           0x20001290   Data         136  os_cfg_app.o(.bss)
    OSIdleTaskTCB                            0x20001318   Data         196  os_var.o(.bss)
    OSMsgPool                                0x200013dc   Data          12  os_var.o(.bss)
    OSRdyList                                0x200013e8   Data         768  os_var.o(.bss)
    OSStatTaskTCB                            0x200016e8   Data         196  os_var.o(.bss)
    OSTickTaskTCB                            0x200017ac   Data         196  os_var.o(.bss)
    OSTmrTaskTCB                             0x20001870   Data         196  os_var.o(.bss)
    StartTaskTCB                             0x20001934   Data         196  stm32f4xx_main.o(.bss)
    START_TASK_STK                           0x200019f8   Data        2048  stm32f4xx_main.o(.bss)
    IMUTaskTCB                               0x200021f8   Data         196  stm32f4xx_main.o(.bss)
    IMU_TASK_STK                             0x200022bc   Data        2048  stm32f4xx_main.o(.bss)
    AttitudeTaskTCB                          0x20002abc   Data         196  stm32f4xx_main.o(.bss)
    Attitude_TASK_STK                        0x20002b80   Data        2048  stm32f4xx_main.o(.bss)
    VisionTaskTCB                            0x20003380   Data         196  stm32f4xx_main.o(.bss)
    Vision_TASK_STK                          0x20003444   Data        2048  stm32f4xx_main.o(.bss)
    PositionTaskTCB                          0x20003c44   Data         196  stm32f4xx_main.o(.bss)
    Position_TASK_STK                        0x20003d08   Data        2048  stm32f4xx_main.o(.bss)
    DataDealTaskTCB                          0x20004508   Data         196  stm32f4xx_main.o(.bss)
    DataDeal_TASK_STK                        0x200045cc   Data        2048  stm32f4xx_main.o(.bss)
    BluetoothtoPCTaskTCB                     0x20004dcc   Data         196  stm32f4xx_main.o(.bss)
    BluetoothtoPC_TASK_STK                   0x20004e90   Data        2048  stm32f4xx_main.o(.bss)
    BatteryTaskTCB                           0x20005690   Data         196  stm32f4xx_main.o(.bss)
    Battery_TASK_STK                         0x20005754   Data        2048  stm32f4xx_main.o(.bss)
    RT_Info                                  0x20005f54   Data          72  task.o(.bss)
    Target_Info                              0x20005f9c   Data          36  task.o(.bss)
    RockerControl                            0x20005fc0   Data          16  task.o(.bss)
    OffsetData                               0x20005fd0   Data          32  task.o(.bss)
    UAVThrust                                0x20005ff0   Data          52  task.o(.bss)
    Throttle_Info                            0x20006024   Data          16  task.o(.bss)
    OriginalPitch                            0x20006034   Data          32  task.o(.bss)
    OriginalRoll                             0x20006054   Data          32  task.o(.bss)
    OriginalYaw                              0x20006074   Data          32  task.o(.bss)
    OriginalPosX                             0x20006094   Data          32  task.o(.bss)
    OriginalPosY                             0x200060b4   Data          32  task.o(.bss)
    OriginalPosZ                             0x200060d4   Data          32  task.o(.bss)
    OriginalWxRate                           0x200060f4   Data          32  task.o(.bss)
    OriginalWyRate                           0x20006114   Data          32  task.o(.bss)
    OriginalWzRate                           0x20006134   Data          32  task.o(.bss)
    OriginalVelX                             0x20006154   Data          32  task.o(.bss)
    OriginalVelY                             0x20006174   Data          32  task.o(.bss)
    OriginalVelZ                             0x20006194   Data          32  task.o(.bss)
    PID_ParaInfo                             0x200061b4   Data         144  task.o(.bss)
    state_estimate                           0x20006244   Data          36  task.o(.bss)
    reference_state                          0x20006268   Data          52  task.o(.bss)
    quaternion                               0x2000629c   Data          16  task.o(.bss)
    Vision_proc                              0x200062ac   Data          40  task.o(.bss)
    DataDeal_proc                            0x200062d4   Data          40  task.o(.bss)
    flashData                                0x20006394   Data         180  flash.o(.bss)
    Adc_Battery                              0x20006448   Data          20  adc_battery.o(.bss)
    Tx_Buf_Uart3                             0x2000645c   Data         160  usart3tobluetooth.o(.bss)
    Rx_Buf_Uart3                             0x200064fc   Data         160  usart3tobluetooth.o(.bss)
    Bluetooth_rx                             0x2000659c   Data          68  usart3tobluetooth.o(.bss)
    MPU6000_FIFO                             0x200065e0   Data         140  mpu6000.o(.bss)
    Tx_Buf_Uart1                             0x200066e8   Data         160  usart1toodroid.o(.bss)
    Rx_Buf_Uart1                             0x20006788   Data          64  usart1toodroid.o(.bss)
    Odroid_rx                                0x200067c8   Data          68  usart1toodroid.o(.bss)
    Stitchingdata                            0x20006834   Data          68  data_deal.o(.bss)
    __libspace_start                         0x2000688c   Data          96  libspace.o(.bss)
    __temporary_stack_top$libspace           0x200068ec   Data           0  libspace.o(.bss)



==============================================================================

Memory Map of the image

  Image Entry point : 0x08000189

  Load Region LR_IROM1 (Base: 0x08000000, Size: 0x0000b448, Max: 0x00100000, ABSOLUTE, COMPRESSED[0x0000b2b0])

    Execution Region ER_IROM1 (Base: 0x08000000, Size: 0x0000b290, Max: 0x00100000, ABSOLUTE)

    Base Addr    Size         Type   Attr      Idx    E Section Name        Object

    0x08000000   0x00000188   Data   RO           95    RESET               startup_stm32f40_41xxx.o
    0x08000188   0x00000008   Code   RO         5469  * !!!main             c_w.l(__main.o)
    0x08000190   0x00000034   Code   RO         5844    !!!scatter          c_w.l(__scatter.o)
    0x080001c4   0x0000005a   Code   RO         5842    !!dczerorl2         c_w.l(__dczerorl2.o)
    0x0800021e   0x00000002   PAD
    0x08000220   0x0000001c   Code   RO         5846    !!handler_zi        c_w.l(__scatter_zi.o)
    0x0800023c   0x00000002   Code   RO         5781    .ARM.Collect$$libinit$$00000000  c_w.l(libinit.o)
    0x0800023e   0x00000004   Code   RO         5589    .ARM.Collect$$libinit$$00000001  c_w.l(libinit2.o)
    0x08000242   0x00000000   Code   RO         5592    .ARM.Collect$$libinit$$00000004  c_w.l(libinit2.o)
    0x08000242   0x00000000   Code   RO         5595    .ARM.Collect$$libinit$$0000000A  c_w.l(libinit2.o)
    0x08000242   0x00000000   Code   RO         5597    .ARM.Collect$$libinit$$0000000C  c_w.l(libinit2.o)
    0x08000242   0x00000000   Code   RO         5599    .ARM.Collect$$libinit$$0000000E  c_w.l(libinit2.o)
    0x08000242   0x00000000   Code   RO         5602    .ARM.Collect$$libinit$$00000011  c_w.l(libinit2.o)
    0x08000242   0x00000000   Code   RO         5604    .ARM.Collect$$libinit$$00000013  c_w.l(libinit2.o)
    0x08000242   0x00000000   Code   RO         5606    .ARM.Collect$$libinit$$00000015  c_w.l(libinit2.o)
    0x08000242   0x00000000   Code   RO         5608    .ARM.Collect$$libinit$$00000017  c_w.l(libinit2.o)
    0x08000242   0x00000000   Code   RO         5610    .ARM.Collect$$libinit$$00000019  c_w.l(libinit2.o)
    0x08000242   0x00000000   Code   RO         5612    .ARM.Collect$$libinit$$0000001B  c_w.l(libinit2.o)
    0x08000242   0x00000000   Code   RO         5614    .ARM.Collect$$libinit$$0000001D  c_w.l(libinit2.o)
    0x08000242   0x00000000   Code   RO         5616    .ARM.Collect$$libinit$$0000001F  c_w.l(libinit2.o)
    0x08000242   0x00000000   Code   RO         5618    .ARM.Collect$$libinit$$00000021  c_w.l(libinit2.o)
    0x08000242   0x00000000   Code   RO         5620    .ARM.Collect$$libinit$$00000023  c_w.l(libinit2.o)
    0x08000242   0x00000000   Code   RO         5622    .ARM.Collect$$libinit$$00000025  c_w.l(libinit2.o)
    0x08000242   0x00000000   Code   RO         5626    .ARM.Collect$$libinit$$0000002C  c_w.l(libinit2.o)
    0x08000242   0x00000000   Code   RO         5628    .ARM.Collect$$libinit$$0000002E  c_w.l(libinit2.o)
    0x08000242   0x00000000   Code   RO         5630    .ARM.Collect$$libinit$$00000030  c_w.l(libinit2.o)
    0x08000242   0x00000000   Code   RO         5632    .ARM.Collect$$libinit$$00000032  c_w.l(libinit2.o)
    0x08000242   0x00000002   Code   RO         5633    .ARM.Collect$$libinit$$00000033  c_w.l(libinit2.o)
    0x08000244   0x00000002   Code   RO         5839    .ARM.Collect$$libshutdown$$00000000  c_w.l(libshutdown.o)
    0x08000246   0x00000000   Code   RO         5797    .ARM.Collect$$libshutdown$$00000002  c_w.l(libshutdown2.o)
    0x08000246   0x00000000   Code   RO         5799    .ARM.Collect$$libshutdown$$00000004  c_w.l(libshutdown2.o)
    0x08000246   0x00000000   Code   RO         5802    .ARM.Collect$$libshutdown$$00000007  c_w.l(libshutdown2.o)
    0x08000246   0x00000000   Code   RO         5805    .ARM.Collect$$libshutdown$$0000000A  c_w.l(libshutdown2.o)
    0x08000246   0x00000000   Code   RO         5807    .ARM.Collect$$libshutdown$$0000000C  c_w.l(libshutdown2.o)
    0x08000246   0x00000000   Code   RO         5810    .ARM.Collect$$libshutdown$$0000000F  c_w.l(libshutdown2.o)
    0x08000246   0x00000002   Code   RO         5811    .ARM.Collect$$libshutdown$$00000010  c_w.l(libshutdown2.o)
    0x08000248   0x00000000   Code   RO         5555    .ARM.Collect$$rtentry$$00000000  c_w.l(__rtentry.o)
    0x08000248   0x00000000   Code   RO         5713    .ARM.Collect$$rtentry$$00000002  c_w.l(__rtentry2.o)
    0x08000248   0x00000006   Code   RO         5725    .ARM.Collect$$rtentry$$00000004  c_w.l(__rtentry4.o)
    0x0800024e   0x00000000   Code   RO         5715    .ARM.Collect$$rtentry$$00000009  c_w.l(__rtentry2.o)
    0x0800024e   0x00000004   Code   RO         5716    .ARM.Collect$$rtentry$$0000000A  c_w.l(__rtentry2.o)
    0x08000252   0x00000000   Code   RO         5718    .ARM.Collect$$rtentry$$0000000C  c_w.l(__rtentry2.o)
    0x08000252   0x00000008   Code   RO         5719    .ARM.Collect$$rtentry$$0000000D  c_w.l(__rtentry2.o)
    0x0800025a   0x00000002   Code   RO         5784    .ARM.Collect$$rtexit$$00000000  c_w.l(rtexit.o)
    0x0800025c   0x00000000   Code   RO         5815    .ARM.Collect$$rtexit$$00000002  c_w.l(rtexit2.o)
    0x0800025c   0x00000004   Code   RO         5816    .ARM.Collect$$rtexit$$00000003  c_w.l(rtexit2.o)
    0x08000260   0x00000006   Code   RO         5817    .ARM.Collect$$rtexit$$00000004  c_w.l(rtexit2.o)
    0x08000266   0x00000002   PAD
    0x08000268   0x00000040   Code   RO           96    .text               startup_stm32f40_41xxx.o
    0x080002a8   0x00000034   Code   RO         2490    .text               cpu_a.o
    0x080002dc   0x0000008a   Code   RO         5463    .text               c_w.l(rt_memcpy_v6.o)
    0x08000366   0x00000064   Code   RO         5465    .text               c_w.l(rt_memcpy_w.o)
    0x080003ca   0x00000006   Code   RO         5467    .text               c_w.l(heapauxi.o)
    0x080003d0   0x00000016   Code   RO         5585    .text               c_w.l(_rserrno.o)
    0x080003e6   0x00000002   PAD
    0x080003e8   0x00000008   Code   RO         5709    .text               c_w.l(libspace.o)
    0x080003f0   0x00000008   Code   RO         5732    .text               c_w.l(rt_errno_addr_intlibspace.o)
    0x080003f8   0x00000002   Code   RO         5753    .text               c_w.l(use_no_semi.o)
    0x080003fa   0x00000000   Code   RO         5755    .text               c_w.l(indicate_semi.o)
    0x080003fa   0x0000004a   Code   RO         5756    .text               c_w.l(sys_stackheap_outer.o)
    0x08000444   0x00000012   Code   RO         5762    .text               c_w.l(exit.o)
    0x08000456   0x00000002   PAD
    0x08000458   0x0000000c   Code   RO         5782    .text               c_w.l(sys_exit.o)
    0x08000464   0x000000ac   Code   RO         3982    CODE                os_cpu_a.o
    0x08000510   0x00000016   Code   RO         1884    i.ADC_Cmd           stm32f4xx_adc.o
    0x08000526   0x00000002   PAD
    0x08000528   0x00000030   Code   RO         1885    i.ADC_CommonInit    stm32f4xx_adc.o
    0x08000558   0x00000016   Code   RO         1888    i.ADC_DMACmd        stm32f4xx_adc.o
    0x0800056e   0x00000016   Code   RO         1889    i.ADC_DMARequestAfterLastTransferCmd  stm32f4xx_adc.o
    0x08000584   0x00000054   Code   RO         1904    i.ADC_Init          stm32f4xx_adc.o
    0x080005d8   0x000000b8   Code   RO         1909    i.ADC_RegularChannelConfig  stm32f4xx_adc.o
    0x08000690   0x0000000a   Code   RO         1911    i.ADC_SoftwareStartConv  stm32f4xx_adc.o
    0x0800069a   0x00000002   PAD
    0x0800069c   0x00000110   Code   RO         4502    i.Adc_Batteryinit   adc_battery.o
    0x080007ac   0x000002dc   Code   RO         4931    i.Attitude_control  attitude_control.o
    0x08000a88   0x00000080   Code   RO         4311    i.Attitude_task     task.o
    0x08000b08   0x00000064   Code   RO         5291    i.Average_Filter    simpledigitalfiltering.o
    0x08000b6c   0x0000000e   Code   RO         2277    i.BSP_CPU_ClkFreq   bsp.o
    0x08000b7a   0x00000002   PAD
    0x08000b7c   0x00000084   Code   RO         4312    i.Battery_task      task.o
    0x08000c00   0x0000000c   Code   RO         4644    i.Bluetooth_init    bluetooth.o
    0x08000c0c   0x00000034   Code   RO         4313    i.BluetoothtoPC_task  task.o
    0x08000c40   0x00000004   Code   RO         4258    i.BusFault_Handler  stm32f4xx_it.o
    0x08000c44   0x0000000c   Code   RO         2324    i.CPU_Init          cpu_core.o
    0x08000c50   0x00000030   Code   RO         2325    i.CPU_NameClr       cpu_core.o
    0x08000c80   0x00000008   Code   RO         2327    i.CPU_NameInit      cpu_core.o
    0x08000c88   0x00000014   Code   RO         2331    i.CPU_TS_Init       cpu_core.o
    0x08000c9c   0x0000000c   Code   RO         2333    i.CPU_TS_TmrFreqSet  cpu_core.o
    0x08000ca8   0x00000034   Code   RO         2279    i.CPU_TS_TmrInit    bsp.o
    0x08000cdc   0x0000000c   Code   RO         2280    i.CPU_TS_TmrRd      bsp.o
    0x08000ce8   0x0000050c   Code   RO         4667    i.Calibration_ACC   mpu6000.o
    0x080011f4   0x00000048   Code   RO         5355    i.ConstrainFloat    levenbergmarquardt.o
    0x0800123c   0x00000010   Code   RO         4551    i.DMA1_Stream3_IRQHandler  usart3tobluetooth.o
    0x0800124c   0x00000010   Code   RO         4808    i.DMA2_Stream7_IRQHandler  usart1toodroid.o
    0x0800125c   0x00000034   Code   RO         1496    i.DMA_ClearFlag     stm32f4xx_dma.o
    0x08001290   0x00000016   Code   RO         1498    i.DMA_Cmd           stm32f4xx_dma.o
    0x080012a6   0x00000002   PAD
    0x080012a8   0x00000158   Code   RO         1499    i.DMA_DeInit        stm32f4xx_dma.o
    0x08001400   0x00000008   Code   RO         1504    i.DMA_GetCurrDataCounter  stm32f4xx_dma.o
    0x08001408   0x00000064   Code   RO         1508    i.DMA_GetITStatus   stm32f4xx_dma.o
    0x0800146c   0x0000003a   Code   RO         1509    i.DMA_ITConfig      stm32f4xx_dma.o
    0x080014a6   0x00000002   PAD
    0x080014a8   0x00000058   Code   RO         1510    i.DMA_Init          stm32f4xx_dma.o
    0x08001500   0x00000004   Code   RO         1513    i.DMA_SetCurrDataCounter  stm32f4xx_dma.o
    0x08001504   0x000007d8   Code   RO         5115    i.DataDeal          data_deal.o
    0x08001cdc   0x0000006c   Code   RO         4314    i.DataDeal_task     task.o
    0x08001d48   0x00000134   Code   RO         5116    i.DataStitching     data_deal.o
    0x08001e7c   0x00000002   Code   RO         4259    i.DebugMon_Handler  stm32f4xx_it.o
    0x08001e7e   0x00000002   PAD
    0x08001e80   0x00000024   Code   RO         1625    i.FLASH_DataCacheCmd  stm32f4xx_flash.o
    0x08001ea4   0x00000088   Code   RO         1630    i.FLASH_EraseSector  stm32f4xx_flash.o
    0x08001f2c   0x00000054   Code   RO         1632    i.FLASH_GetStatus   stm32f4xx_flash.o
    0x08001f80   0x00000014   Code   RO         1636    i.FLASH_Lock        stm32f4xx_flash.o
    0x08001f94   0x00000050   Code   RO         1660    i.FLASH_ProgramWord  stm32f4xx_flash.o
    0x08001fe4   0x00000024   Code   RO         1662    i.FLASH_Unlock      stm32f4xx_flash.o
    0x08002008   0x00000022   Code   RO         1663    i.FLASH_WaitForLastOperation  stm32f4xx_flash.o
    0x0800202a   0x0000001c   Code   RO         5054    i.FloatToByte       type_conversion.o
    0x08002046   0x00000090   Code   RO          151    i.GPIO_Init         stm32f4xx_gpio.o
    0x080020d6   0x00000046   Code   RO          152    i.GPIO_PinAFConfig  stm32f4xx_gpio.o
    0x0800211c   0x00000004   Code   RO          158    i.GPIO_ResetBits    stm32f4xx_gpio.o
    0x08002120   0x00000004   Code   RO          159    i.GPIO_SetBits      stm32f4xx_gpio.o
    0x08002124   0x000001c8   Code   RO         5356    i.GaussEliminateSolveDelta  levenbergmarquardt.o
    0x080022ec   0x00000038   Code   RO         4531    i.General_Gpioinit  general_gpio.o
    0x08002324   0x0000000c   Code   RO         4668    i.GetImuOrientation  mpu6000.o
    0x08002330   0x0000000c   Code   RO         4669    i.GetPlaceStatus    mpu6000.o
    0x0800233c   0x00000030   Code   RO         4503    i.Get_battery       adc_battery.o
    0x0800236c   0x00000004   Code   RO         4260    i.HardFault_Handler  stm32f4xx_it.o
    0x08002370   0x0000001a   Code   RO         5055    i.Hex_To_Decimal    type_conversion.o
    0x0800238a   0x00000018   Code   RO         4374    i.IMU_HardwareInit  imu_ahrs.o
    0x080023a2   0x00000002   PAD
    0x080023a4   0x00000318   Code   RO         4375    i.IMU_getInfo       imu_ahrs.o
    0x080026bc   0x00000130   Code   RO         4670    i.IMU_getValues     mpu6000.o
    0x080027ec   0x00000028   Code   RO         4315    i.IMU_task          task.o
    0x08002814   0x000001b0   Code   RO         4671    i.ImuOrientationDetect  mpu6000.o
    0x080029c4   0x00000018   Code   RO         5058    i.IntToByte         type_conversion.o
    0x080029dc   0x00000278   Code   RO         5357    i.LevenbergMarquardt  levenbergmarquardt.o
    0x08002c54   0x0000001e   Code   RO         5197    i.Limits_data       limits.o
    0x08002c72   0x00000002   PAD
    0x08002c74   0x000004e8   Code   RO         4419    i.Load_config       flash.o
    0x0800315c   0x0000001e   Code   RO         4672    i.MPU6000_GetAvg    mpu6000.o
    0x0800317a   0x00000002   PAD
    0x0800317c   0x00000010   Code   RO         4673    i.MPU6000_NewVal    mpu6000.o
    0x0800318c   0x000000ac   Code   RO         4674    i.MPU6000_initOffset  mpu6000.o
    0x08003238   0x00000082   Code   RO         4675    i.MPU6000_initialize  mpu6000.o
    0x080032ba   0x00000002   PAD
    0x080032bc   0x000001bc   Code   RO         4676    i.MPU6000_readGyro_Acc  mpu6000.o
    0x08003478   0x0000002c   Code   RO         4677    i.MPU6000_writeReg  mpu6000.o
    0x080034a4   0x00000344   Code   RO         5318    i.MahonyAHRSupdateIMU  mahonyahrs.o
    0x080037e8   0x00000004   Code   RO         4261    i.MemManage_Handler  stm32f4xx_it.o
    0x080037ec   0x00000012   Code   RO         2634    i.Mem_Clr           lib_mem.o
    0x080037fe   0x00000054   Code   RO         2650    i.Mem_Set           lib_mem.o
    0x08003852   0x00000002   PAD
    0x08003854   0x000001bc   Code   RO         4932    i.MotorThrust       attitude_control.o
    0x08003a10   0x00000002   Code   RO         4262    i.NMI_Handler       stm32f4xx_it.o
    0x08003a12   0x00000002   PAD
    0x08003a14   0x00000078   Code   RO          102    i.NVIC_Init         misc.o
    0x08003a8c   0x00000014   Code   RO          103    i.NVIC_PriorityGroupConfig  misc.o
    0x08003aa0   0x00000002   Code   RO         2903    i.OSCfg_Init        os_cfg_app.o
    0x08003aa2   0x00000002   PAD
    0x08003aa4   0x00000014   Code   RO         3987    i.OSIdleTaskHook    os_cpu_c.o
    0x08003ab8   0x00000180   Code   RO         2926    i.OSInit            os_core.o
    0x08003c38   0x00000028   Code   RO         3988    i.OSInitHook        os_cpu_c.o
    0x08003c60   0x0000002c   Code   RO         2927    i.OSIntEnter        os_core.o
    0x08003c8c   0x000000dc   Code   RO         2928    i.OSIntExit         os_core.o
    0x08003d68   0x000000a0   Code   RO         2929    i.OSSched           os_core.o
    0x08003e08   0x00000074   Code   RO         2930    i.OSSchedLock       os_core.o
    0x08003e7c   0x00000064   Code   RO         2931    i.OSSchedRoundRobinCfg  os_core.o
    0x08003ee0   0x00000094   Code   RO         2933    i.OSSchedUnlock     os_core.o
    0x08003f74   0x00000080   Code   RO         3518    i.OSSemCreate       os_sem.o
    0x08003ff4   0x000001a8   Code   RO         3520    i.OSSemPend         os_sem.o
    0x0800419c   0x00000070   Code   RO         3522    i.OSSemPost         os_sem.o
    0x0800420c   0x00000068   Code   RO         2934    i.OSStart           os_core.o
    0x08004274   0x00000128   Code   RO         3590    i.OSStatReset       os_stat.o
    0x0800439c   0x000000f0   Code   RO         3591    i.OSStatTaskCPUUsageInit  os_stat.o
    0x0800448c   0x00000014   Code   RO         3989    i.OSStatTaskHook    os_cpu_c.o
    0x080044a0   0x000001b4   Code   RO         3621    i.OSTaskCreate      os_task.o
    0x08004654   0x00000018   Code   RO         3990    i.OSTaskCreateHook  os_cpu_c.o
    0x0800466c   0x00000128   Code   RO         3622    i.OSTaskDel         os_task.o
    0x08004794   0x00000018   Code   RO         3991    i.OSTaskDelHook     os_cpu_c.o
    0x080047ac   0x00000068   Code   RO         3630    i.OSTaskResume      os_task.o
    0x08004814   0x00000018   Code   RO         3992    i.OSTaskReturnHook  os_cpu_c.o
    0x0800482c   0x000001dc   Code   RO         3631    i.OSTaskSemPend     os_task.o
    0x08004a08   0x0000003e   Code   RO         3633    i.OSTaskSemPost     os_task.o
    0x08004a46   0x00000002   PAD
    0x08004a48   0x000000d4   Code   RO         3635    i.OSTaskStkChk      os_task.o
    0x08004b1c   0x0000025c   Code   RO         3993    i.OSTaskStkInit     os_cpu_c.o
    0x08004d78   0x00000038   Code   RO         3636    i.OSTaskSuspend     os_task.o
    0x08004db0   0x00000088   Code   RO         3994    i.OSTaskSwHook      os_cpu_c.o
    0x08004e38   0x000000c4   Code   RO         3836    i.OSTimeDly         os_time.o
    0x08004efc   0x0000019c   Code   RO         3837    i.OSTimeDlyHMSM     os_time.o
    0x08005098   0x0000005c   Code   RO         3841    i.OSTimeTick        os_time.o
    0x080050f4   0x00000014   Code   RO         3995    i.OSTimeTickHook    os_cpu_c.o
    0x08005108   0x000001ac   Code   RO         3166    i.OS_Dbg_Init       os_dbg.o
    0x080052b4   0x00000018   Code   RO         3191    i.OS_FlagInit       os_flag.o
    0x080052cc   0x00000044   Code   RO         2936    i.OS_IdleTask       os_core.o
    0x08005310   0x00000070   Code   RO         2937    i.OS_IdleTaskInit   os_core.o
    0x08005380   0x00000018   Code   RO         3275    i.OS_MemInit        os_mem.o
    0x08005398   0x0000007c   Code   RO         3307    i.OS_MsgPoolInit    os_msg.o
    0x08005414   0x00000044   Code   RO         3308    i.OS_MsgQFreeAll    os_msg.o
    0x08005458   0x0000000e   Code   RO         3310    i.OS_MsgQInit       os_msg.o
    0x08005466   0x00000002   PAD
    0x08005468   0x00000018   Code   RO         3351    i.OS_MutexInit      os_mutex.o
    0x08005480   0x00000068   Code   RO         2938    i.OS_Pend           os_core.o
    0x080054e8   0x00000026   Code   RO         2941    i.OS_PendDataInit   os_core.o
    0x0800550e   0x00000002   PAD
    0x08005510   0x0000005c   Code   RO         2942    i.OS_PendDbgNameAdd  os_core.o
    0x0800556c   0x00000024   Code   RO         2943    i.OS_PendDbgNameRemove  os_core.o
    0x08005590   0x0000000a   Code   RO         2945    i.OS_PendListInit   os_core.o
    0x0800559a   0x00000066   Code   RO         2947    i.OS_PendListInsertPrio  os_core.o
    0x08005600   0x00000030   Code   RO         2948    i.OS_PendListRemove  os_core.o
    0x08005630   0x00000042   Code   RO         2949    i.OS_PendListRemove1  os_core.o
    0x08005672   0x000000c0   Code   RO         2952    i.OS_Post           os_core.o
    0x08005732   0x0000002a   Code   RO         2953    i.OS_Post1          os_core.o
    0x0800575c   0x00000028   Code   RO         3409    i.OS_PrioGetHighest  os_prio.o
    0x08005784   0x00000018   Code   RO         3410    i.OS_PrioInit       os_prio.o
    0x0800579c   0x00000024   Code   RO         3411    i.OS_PrioInsert     os_prio.o
    0x080057c0   0x00000024   Code   RO         3412    i.OS_PrioRemove     os_prio.o
    0x080057e4   0x00000018   Code   RO         3455    i.OS_QInit          os_q.o
    0x080057fc   0x00000024   Code   RO         2954    i.OS_RdyListInit    os_core.o
    0x08005820   0x0000002c   Code   RO         2955    i.OS_RdyListInsert  os_core.o
    0x0800584c   0x00000040   Code   RO         2956    i.OS_RdyListInsertHead  os_core.o
    0x0800588c   0x0000003c   Code   RO         2957    i.OS_RdyListInsertTail  os_core.o
    0x080058c8   0x00000044   Code   RO         2958    i.OS_RdyListMoveHeadToTail  os_core.o
    0x0800590c   0x0000005c   Code   RO         2959    i.OS_RdyListRemove  os_core.o
    0x08005968   0x0000001c   Code   RO         2960    i.OS_SchedLockTimeMeasStart  os_core.o
    0x08005984   0x0000003c   Code   RO         2961    i.OS_SchedLockTimeMeasStop  os_core.o
    0x080059c0   0x000000d0   Code   RO         2962    i.OS_SchedRoundRobin  os_core.o
    0x08005a90   0x00000030   Code   RO         3525    i.OS_SemDbgListAdd  os_sem.o
    0x08005ac0   0x00000018   Code   RO         3527    i.OS_SemInit        os_sem.o
    0x08005ad8   0x00000126   Code   RO         3528    i.OS_SemPost        os_sem.o
    0x08005bfe   0x00000002   PAD
    0x08005c00   0x000002ec   Code   RO         3592    i.OS_StatTask       os_stat.o
    0x08005eec   0x000000cc   Code   RO         3593    i.OS_StatTaskInit   os_stat.o
    0x08005fb8   0x00000038   Code   RO         2963    i.OS_TaskBlock      os_core.o
    0x08005ff0   0x00000030   Code   RO         3638    i.OS_TaskDbgListAdd  os_task.o
    0x08006020   0x00000044   Code   RO         3639    i.OS_TaskDbgListRemove  os_task.o
    0x08006064   0x00000020   Code   RO         3640    i.OS_TaskInit       os_task.o
    0x08006084   0x000000c8   Code   RO         3641    i.OS_TaskInitTCB    os_task.o
    0x0800614c   0x0000001c   Code   RO         2964    i.OS_TaskRdy        os_core.o
    0x08006168   0x00000100   Code   RO         3643    i.OS_TaskResume     os_task.o
    0x08006268   0x00000018   Code   RO         3644    i.OS_TaskReturn     os_task.o
    0x08006280   0x000001c4   Code   RO         3645    i.OS_TaskSemPost    os_task.o
    0x08006444   0x00000118   Code   RO         3646    i.OS_TaskSuspend    os_task.o
    0x0800655c   0x00000028   Code   RO         3788    i.OS_TickListInit   os_tick.o
    0x08006584   0x000001bc   Code   RO         3789    i.OS_TickListInsert  os_tick.o
    0x08006740   0x00000038   Code   RO         3790    i.OS_TickListRemove  os_tick.o
    0x08006778   0x00000024   Code   RO         3791    i.OS_TickListResetPeak  os_tick.o
    0x0800679c   0x00000188   Code   RO         3792    i.OS_TickListUpdate  os_tick.o
    0x08006924   0x0000002c   Code   RO         3793    i.OS_TickTask       os_tick.o
    0x08006950   0x000000b8   Code   RO         3794    i.OS_TickTaskInit   os_tick.o
    0x08006a08   0x00000128   Code   RO         3887    i.OS_TmrInit        os_tmr.o
    0x08006b30   0x000000d0   Code   RO         3888    i.OS_TmrLink        os_tmr.o
    0x08006c00   0x00000024   Code   RO         3889    i.OS_TmrResetPeak   os_tmr.o
    0x08006c24   0x000000c0   Code   RO         3890    i.OS_TmrTask        os_tmr.o
    0x08006ce4   0x00000050   Code   RO         3891    i.OS_TmrUnlink      os_tmr.o
    0x08006d34   0x000000dc   Code   RO         5007    i.PID_Control       pid_control.o
    0x08006e10   0x0000011c   Code   RO         4482    i.PWM_Init          mcpwm.o
    0x08006f2c   0x0000004c   Code   RO         4933    i.PWM_OUTPUT        attitude_control.o
    0x08006f78   0x00000118   Code   RO         4678    i.PlaceStausCheck   mpu6000.o
    0x08007090   0x0000012c   Code   RO         4978    i.PositionParameterclear  position_control.o
    0x080071bc   0x00000204   Code   RO         4979    i.Position_control  position_control.o
    0x080073c0   0x00000058   Code   RO         4316    i.Position_task     task.o
    0x08007418   0x00000020   Code   RO          248    i.RCC_AHB1PeriphClockCmd  stm32f4xx_rcc.o
    0x08007438   0x00000020   Code   RO          257    i.RCC_APB1PeriphClockCmd  stm32f4xx_rcc.o
    0x08007458   0x00000020   Code   RO          260    i.RCC_APB2PeriphClockCmd  stm32f4xx_rcc.o
    0x08007478   0x00000020   Code   RO          262    i.RCC_APB2PeriphResetCmd  stm32f4xx_rcc.o
    0x08007498   0x000000e8   Code   RO          269    i.RCC_GetClocksFreq  stm32f4xx_rcc.o
    0x08007580   0x00000044   Code   RO         5358    i.ResetMatrices     levenbergmarquardt.o
    0x080075c4   0x000000d4   Code   RO         4764    i.SPI1_Configuration  spi1.o
    0x08007698   0x00000030   Code   RO         4765    i.SPI1_ReadWrite_Byte  spi1.o
    0x080076c8   0x00000028   Code   RO         4767    i.SPI1_readRegs     spi1.o
    0x080076f0   0x00000018   Code   RO          776    i.SPI_Cmd           stm32f4xx_spi.o
    0x08007708   0x0000003c   Code   RO          789    i.SPI_Init          stm32f4xx_spi.o
    0x08007744   0x000000a0   Code   RO         4420    i.STMFLASH_GetFlashSector  flash.o
    0x080077e4   0x00000020   Code   RO         4421    i.STMFLASH_Read     flash.o
    0x08007804   0x00000006   Code   RO         4422    i.STMFLASH_ReadWord  flash.o
    0x0800780a   0x00000002   PAD
    0x0800780c   0x0000009c   Code   RO         4423    i.STMFLASH_Write    flash.o
    0x080078a8   0x00000002   Code   RO         4264    i.SVC_Handler       stm32f4xx_it.o
    0x080078aa   0x00000002   PAD
    0x080078ac   0x000000b0   Code   RO         4934    i.Safety_Protection  attitude_control.o
    0x0800795c   0x000000ec   Code   RO            3    i.SetSysClock       system_stm32f4xx.o
    0x08007a48   0x00000028   Code   RO          106    i.SysTick_CLKSourceConfig  misc.o
    0x08007a70   0x0000002c   Code   RO         2141    i.SysTick_Handler   explore_systick.o
    0x08007a9c   0x00000068   Code   RO            5    i.SystemInit        system_stm32f4xx.o
    0x08007b04   0x00000070   Code   RO         2142    i.Systick_Init      explore_systick.o
    0x08007b74   0x00000018   Code   RO          938    i.TIM_ARRPreloadConfig  stm32f4xx_tim.o
    0x08007b8c   0x00000018   Code   RO          950    i.TIM_Cmd           stm32f4xx_tim.o
    0x08007ba4   0x0000001e   Code   RO          952    i.TIM_CtrlPWMOutputs  stm32f4xx_tim.o
    0x08007bc2   0x00000002   PAD
    0x08007bc4   0x0000007c   Code   RO          979    i.TIM_OC1Init       stm32f4xx_tim.o
    0x08007c40   0x00000012   Code   RO          982    i.TIM_OC1PreloadConfig  stm32f4xx_tim.o
    0x08007c52   0x00000002   PAD
    0x08007c54   0x000000a4   Code   RO          984    i.TIM_OC2Init       stm32f4xx_tim.o
    0x08007cf8   0x0000001a   Code   RO          987    i.TIM_OC2PreloadConfig  stm32f4xx_tim.o
    0x08007d12   0x00000002   PAD
    0x08007d14   0x000000a0   Code   RO          989    i.TIM_OC3Init       stm32f4xx_tim.o
    0x08007db4   0x00000012   Code   RO          992    i.TIM_OC3PreloadConfig  stm32f4xx_tim.o
    0x08007dc6   0x00000002   PAD
    0x08007dc8   0x00000078   Code   RO          994    i.TIM_OC4Init       stm32f4xx_tim.o
    0x08007e40   0x0000001a   Code   RO          996    i.TIM_OC4PreloadConfig  stm32f4xx_tim.o
    0x08007e5a   0x00000002   PAD
    0x08007e5c   0x00000084   Code   RO         1022    i.TIM_TimeBaseInit  stm32f4xx_tim.o
    0x08007ee0   0x0000029c   Code   RO         4935    i.ThrustMixer       attitude_control.o
    0x0800817c   0x0000004c   Code   RO         4901    i.Timer5_Timinginit  timer5_timing.o
    0x080081c8   0x00000010   Code   RO         4809    i.USART1_IRQHandler  usart1toodroid.o
    0x080081d8   0x00000010   Code   RO         4552    i.USART3_IRQHandler  usart3tobluetooth.o
    0x080081e8   0x00000018   Code   RO          586    i.USART_Cmd         stm32f4xx_usart.o
    0x08008200   0x00000012   Code   RO          587    i.USART_DMACmd      stm32f4xx_usart.o
    0x08008212   0x00000054   Code   RO          590    i.USART_GetITStatus  stm32f4xx_usart.o
    0x08008266   0x0000004a   Code   RO          592    i.USART_ITConfig    stm32f4xx_usart.o
    0x080082b0   0x000000d4   Code   RO          593    i.USART_Init        stm32f4xx_usart.o
    0x08008384   0x00000008   Code   RO         4810    i.Uart1_dma_tx_irq_handler  usart1toodroid.o
    0x0800838c   0x0000002c   Code   RO         4811    i.Uart1_irq_handler  usart1toodroid.o
    0x080083b8   0x00000008   Code   RO         4553    i.Uart3_dma_tx_irq_handler  usart3tobluetooth.o
    0x080083c0   0x0000002c   Code   RO         4554    i.Uart3_irq_handler  usart3tobluetooth.o
    0x080083ec   0x00000040   Code   RO         4555    i.Uart3_tx          usart3tobluetooth.o
    0x0800842c   0x000000f6   Code   RO         5359    i.UpdateMatrices    levenbergmarquardt.o
    0x08008522   0x00000004   Code   RO         4265    i.UsageFault_Handler  stm32f4xx_it.o
    0x08008526   0x00000002   PAD
    0x08008528   0x00000208   Code   RO         4813    i.Usart1toOdroid_Init  usart1toodroid.o
    0x08008730   0x00000204   Code   RO         4556    i.Usart3toBluetooth_Init  usart3tobluetooth.o
    0x08008934   0x000002f4   Code   RO         5151    i.Vision_datadeal   visiondata_deal.o
    0x08008c28   0x00000068   Code   RO         4317    i.Vision_task       task.o
    0x08008c90   0x00000038   Code   RO         4424    i.Write_config      flash.o
    0x08008cc8   0x00000038   Code   RO         4814    i._Uart1_deal_irq_dma_tx  usart1toodroid.o
    0x08008d00   0x00000068   Code   RO         4815    i._Uart1_deal_irq_rx_end  usart1toodroid.o
    0x08008d68   0x00000030   Code   RO         4816    i._Uart1_deal_irq_tx_end  usart1toodroid.o
    0x08008d98   0x00000038   Code   RO         4557    i._Uart3_deal_irq_dma_tx  usart3tobluetooth.o
    0x08008dd0   0x0000006c   Code   RO         4558    i._Uart3_deal_irq_rx_end  usart3tobluetooth.o
    0x08008e3c   0x00000030   Code   RO         4559    i._Uart3_deal_irq_tx_end  usart3tobluetooth.o
    0x08008e6c   0x00000030   Code   RO         5683    i.__ARM_fpclassify  m_wm.l(fpclassify.o)
    0x08008e9c   0x00000004   PAD
    0x08008ea0   0x00000360   Code   RO         5491    i.__hardfp_asin     m_wm.l(asin.o)
    0x08009200   0x000002d8   Code   RO         5649    i.__hardfp_atan     m_wm.l(atan.o)
    0x080094d8   0x000001f0   Code   RO         5505    i.__hardfp_atan2    m_wm.l(atan2.o)
    0x080096c8   0x000000f8   Code   RO         5701    i.__kernel_poly     m_wm.l(poly.o)
    0x080097c0   0x00000014   Code   RO         5664    i.__mathlib_dbl_infnan  m_wm.l(dunder.o)
    0x080097d4   0x00000014   Code   RO         5665    i.__mathlib_dbl_infnan2  m_wm.l(dunder.o)
    0x080097e8   0x00000020   Code   RO         5666    i.__mathlib_dbl_invalid  m_wm.l(dunder.o)
    0x08009808   0x00000020   Code   RO         5669    i.__mathlib_dbl_underflow  m_wm.l(dunder.o)
    0x08009828   0x0000001a   Code   RO         5060    i.arrycat           type_conversion.o
    0x08009842   0x00000010   Code   RO         5651    i.atan              m_wm.l(atan.o)
    0x08009852   0x00000002   PAD
    0x08009854   0x00000050   Code   RO         2143    i.delay_ms          explore_systick.o
    0x080098a4   0x0000000a   Code   RO         2144    i.delay_osschedlock  explore_systick.o
    0x080098ae   0x0000000a   Code   RO         2145    i.delay_osschedunlock  explore_systick.o
    0x080098b8   0x00000010   Code   RO         2146    i.delay_ostimedly   explore_systick.o
    0x080098c8   0x00000058   Code   RO         2147    i.delay_us          explore_systick.o
    0x08009920   0x00000018   Code   RO         5679    i.fabs              m_wm.l(fabs.o)
    0x08009938   0x00000008   Code   RO         4817    i.inf_Uart1_deal_irq_dma_tx  usart1toodroid.o
    0x08009940   0x0000000c   Code   RO         4818    i.inf_Uart1_deal_irq_rx_end  usart1toodroid.o
    0x0800994c   0x00000008   Code   RO         4819    i.inf_Uart1_deal_irq_tx_end  usart1toodroid.o
    0x08009954   0x00000008   Code   RO         4560    i.inf_Uart3_deal_irq_dma_tx  usart3tobluetooth.o
    0x0800995c   0x0000000c   Code   RO         4561    i.inf_Uart3_deal_irq_rx_end  usart3tobluetooth.o
    0x08009968   0x00000008   Code   RO         4562    i.inf_Uart3_deal_irq_tx_end  usart3tobluetooth.o
    0x08009970   0x0000003c   Code   RO         5319    i.invSqrt           mahonyahrs.o
    0x080099ac   0x000000b8   Code   RO         4142    i.main              stm32f4xx_main.o
    0x08009a64   0x0000000c   Code   RO         4902    i.micros            timer5_timing.o
    0x08009a70   0x00000088   Code   RO         4376    i.safe_asin         imu_ahrs.o
    0x08009af8   0x00000456   Code   RO         5027    i.sendParaInfo      data_pc.o
    0x08009f4e   0x00000002   PAD
    0x08009f50   0x00000160   Code   RO         5028    i.sendRTInfo        data_pc.o
    0x0800a0b0   0x0000006e   Code   RO         5543    i.sqrt              m_wm.l(sqrt.o)
    0x0800a11e   0x00000002   PAD
    0x0800a120   0x0000025c   Code   RO         4143    i.start_task        stm32f4xx_main.o
    0x0800a37c   0x00000018   Code   RO         5634    x$fpl$basic         fz_wm.l(basic.o)
    0x0800a394   0x00000062   Code   RO         5471    x$fpl$d2f           fz_wm.l(d2f.o)
    0x0800a3f6   0x00000002   PAD
    0x0800a3f8   0x00000150   Code   RO         5473    x$fpl$dadd          fz_wm.l(daddsub_clz.o)
    0x0800a548   0x00000018   Code   RO         5636    x$fpl$dcmpinf       fz_wm.l(dcmpi.o)
    0x0800a560   0x000002b0   Code   RO         5480    x$fpl$ddiv          fz_wm.l(ddiv.o)
    0x0800a810   0x00000078   Code   RO         5483    x$fpl$dleqf         fz_wm.l(dleqf.o)
    0x0800a888   0x00000154   Code   RO         5485    x$fpl$dmul          fz_wm.l(dmul.o)
    0x0800a9dc   0x0000009c   Code   RO         5638    x$fpl$dnaninf       fz_wm.l(dnaninf.o)
    0x0800aa78   0x0000000c   Code   RO         5640    x$fpl$dretinf       fz_wm.l(dretinf.o)
    0x0800aa84   0x0000006c   Code   RO         5487    x$fpl$drleqf        fz_wm.l(drleqf.o)
    0x0800aaf0   0x00000016   Code   RO         5474    x$fpl$drsb          fz_wm.l(daddsub_clz.o)
    0x0800ab06   0x00000002   PAD
    0x0800ab08   0x00000198   Code   RO         5642    x$fpl$dsqrt         fz_wm.l(dsqrt_umaal.o)
    0x0800aca0   0x000001d4   Code   RO         5475    x$fpl$dsub          fz_wm.l(daddsub_clz.o)
    0x0800ae74   0x00000056   Code   RO         5489    x$fpl$f2d           fz_wm.l(f2d.o)
    0x0800aeca   0x0000008c   Code   RO         5644    x$fpl$fnaninf       fz_wm.l(fnaninf.o)
    0x0800af56   0x0000000a   Code   RO         5751    x$fpl$fpinit        fz_wm.l(fpinit.o)
    0x0800af60   0x0000000a   Code   RO         5646    x$fpl$fretinf       fz_wm.l(fretinf.o)
    0x0800af6a   0x00000000   Code   RO         5648    x$fpl$usenofp       fz_wm.l(usenofp.o)
    0x0800af6a   0x00000002   PAD
    0x0800af6c   0x000000a4   Data   RO         2905    .constdata          os_cfg_app.o
    0x0800b010   0x0000016c   Data   RO         3167    .constdata          os_dbg.o
    0x0800b17c   0x00000004   PAD
    0x0800b180   0x00000050   Data   RO         5494    .constdata          m_wm.l(asin.o)
    0x0800b1d0   0x00000098   Data   RO         5652    .constdata          m_wm.l(atan.o)
    0x0800b268   0x00000008   Data   RO         5703    .constdata          m_wm.l(qnan.o)
    0x0800b270   0x00000020   Data   RO         5840    Region$$Table       anon$$obj.o


    Execution Region RW_IRAM1 (Base: 0x20000000, Size: 0x00006ef0, Max: 0x00020000, ABSOLUTE, COMPRESSED[0x00000020])

    Base Addr    Size         Type   Attr      Idx    E Section Name        Object

    0x20000000   0x00000010   Data   RW          301    .data               stm32f4xx_rcc.o
    0x20000010   0x00000008   Data   RW         2148    .data               explore_systick.o
    0x20000018   0x00000004   Data   RW         2337    .data               cpu_core.o
    0x2000001c   0x00000008   Data   RW         3413    .data               os_prio.o
    0x20000024   0x000000b4   Data   RW         3969    .data               os_var.o
    0x200000d8   0x00000004   Data   RW         3998    .data               os_cpu_c.o
    0x200000dc   0x0000000a   Data   RW         4319    .data               task.o
    0x200000e6   0x00000002   PAD
    0x200000e8   0x00000024   Data   RW         4378    .data               imu_ahrs.o
    0x2000010c   0x00000004   Data   RW         4564    .data               usart3tobluetooth.o
    0x20000110   0x00000038   Data   RW         4680    .data               mpu6000.o
    0x20000148   0x00000004   Data   RW         4821    .data               usart1toodroid.o
    0x2000014c   0x00000001   Data   RW         4936    .data               attitude_control.o
    0x2000014d   0x00000001   Data   RW         4980    .data               position_control.o
    0x2000014e   0x00000003   Data   RW         5119    .data               data_deal.o
    0x20000151   0x00000003   PAD
    0x20000154   0x00000038   Data   RW         5152    .data               visiondata_deal.o
    0x2000018c   0x00000024   Data   RW         5320    .data               mahonyahrs.o
    0x200001b0   0x00000008   Data   RW         5360    .data               levenbergmarquardt.o
    0x200001b8   0x00000010   Zero   RW         2335    .bss                cpu_core.o
    0x200001c8   0x00001150   Zero   RW         2904    .bss                os_cfg_app.o
    0x20001318   0x0000061c   Zero   RW         3968    .bss                os_var.o
    0x20001934   0x00004620   Zero   RW         4144    .bss                stm32f4xx_main.o
    0x20005f54   0x00000430   Zero   RW         4318    .bss                task.o
    0x20006384   0x00000010   Zero   RW         4377    .bss                imu_ahrs.o
    0x20006394   0x000000b4   Zero   RW         4425    .bss                flash.o
    0x20006448   0x00000014   Zero   RW         4504    .bss                adc_battery.o
    0x2000645c   0x00000184   Zero   RW         4563    .bss                usart3tobluetooth.o
    0x200065e0   0x00000108   Zero   RW         4679    .bss                mpu6000.o
    0x200066e8   0x00000124   Zero   RW         4820    .bss                usart1toodroid.o
    0x2000680c   0x00000080   Zero   RW         5118    .bss                data_deal.o
    0x2000688c   0x00000060   Zero   RW         5710    .bss                c_w.l(libspace.o)
    0x200068ec   0x00000004   PAD
    0x200068f0   0x00000200   Zero   RW           94    HEAP                startup_stm32f40_41xxx.o
    0x20006af0   0x00000400   Zero   RW           93    STACK               startup_stm32f40_41xxx.o


==============================================================================

Image component sizes


      Code (inc. data)   RO Data    RW Data    ZI Data      Debug   Object Name

       320         36          0          0         20       1854   adc_battery.o
      2096        152          0          1          0       3790   attitude_control.o
        12          0          0          0          0        485   bluetooth.o
        78         14          0          0          0       1498   bsp.o
        52          0          0          0          0        260   cpu_a.o
       100         18          0          4         16       4209   cpu_core.o
      2316         84          0          3        128       3511   data_deal.o
      1462         26          0          0          0       1744   data_pc.o
       360         46          0          8          0      42133   explore_systick.o
      1666        108          0          0        180       4564   flash.o
        56          6          0          0          0        551   general_gpio.o
       952         84          0         36         16       6668   imu_ahrs.o
      1474         56          0          8          0       5350   levenbergmarquardt.o
       102          0          0          0          0       1748   lib_mem.o
        30          0          0          0          0        622   limits.o
       896         52          0         36          0       2258   mahonyahrs.o
       284          8          0          0          0        755   mcpwm.o
       180         24          0          0          0       1989   misc.o
      3168        222          0         56        264       9473   mpu6000.o
         2          0        164          0       4432      19354   os_cfg_app.o
      2930        396          0          0          0      20014   os_core.o
       172         32          0          0          0        296   os_cpu_a.o
       912         56          0          4          0       5960   os_cpu_c.o
       428        280        364          0          0       4669   os_dbg.o
        24         10          0          0          0        778   os_flag.o
        24         10          0          0          0        777   os_mem.o
       206         20          0          0          0       2188   os_msg.o
        24         10          0          0          0        787   os_mutex.o
       136         16          0          8          0       2630   os_prio.o
        24         10          0          0          0        779   os_q.o
      1030         54          0          0          0       5339   os_sem.o
      1488        192          0          0          0       3747   os_stat.o
      3002        172          0          0          0      12249   os_task.o
      1196        116          0          0          0       5229   os_tick.o
       700         56          0          0          0       2833   os_time.o
       812        134          0          0          0       3992   os_tmr.o
         0          0          0        180       1564      17941   os_var.o
       220          0          0          0          0       1330   pid_control.o
       816        118          0          1          0       1423   position_control.o
       100          4          0          0          0        793   simpledigitalfiltering.o
       300         20          0          0          0       2115   spi1.o
        64         26        392          0       1536        816   startup_stm32f40_41xxx.o
       392         24          0          0          0       5339   stm32f4xx_adc.o
       676         58          0          0          0       6113   stm32f4xx_dma.o
       426         40          0          0          0       4336   stm32f4xx_flash.o
       222          0          0          0          0       2771   stm32f4xx_gpio.o
        22          0          0          0          0       3055   stm32f4xx_it.o
       788        224          0          0      17952       6506   stm32f4xx_main.o
       360         42          0         16          0       5056   stm32f4xx_rcc.o
        84          0          0          0          0       1673   stm32f4xx_spi.o
       866         66          0          0          0       8045   stm32f4xx_tim.o
       412          8          0          0          0       4181   stm32f4xx_usart.o
       340         32          0          0          0     326361   system_stm32f4xx.o
       652        102          0         10       1072       5261   task.o
        88         14          0          0          0       1013   timer5_timing.o
       104          0          0          0          0       2965   type_conversion.o
       840         66          0          4        292       7295   usart1toodroid.o
       904         80          0          4        388       8088   usart3tobluetooth.o
       756         68          0         56          0       1635   visiondata_deal.o

    ----------------------------------------------------------------------
     38198       3492        956        440      27860     609194   Object Totals
         0          0         32          0          0          0   (incl. Generated)
        52          0          4          5          0          0   (incl. Padding)

    ----------------------------------------------------------------------

      Code (inc. data)   RO Data    RW Data    ZI Data      Debug   Library Member Name

        90          0          0          0          0          0   __dczerorl2.o
         8          0          0          0          0         68   __main.o
         0          0          0          0          0          0   __rtentry.o
        12          0          0          0          0          0   __rtentry2.o
         6          0          0          0          0          0   __rtentry4.o
        52          8          0          0          0          0   __scatter.o
        28          0          0          0          0          0   __scatter_zi.o
        22          0          0          0          0        100   _rserrno.o
        18          0          0          0          0         80   exit.o
         6          0          0          0          0        152   heapauxi.o
         0          0          0          0          0          0   indicate_semi.o
         2          0          0          0          0          0   libinit.o
         6          0          0          0          0          0   libinit2.o
         2          0          0          0          0          0   libshutdown.o
         2          0          0          0          0          0   libshutdown2.o
         8          4          0          0         96         68   libspace.o
         8          4          0          0          0         68   rt_errno_addr_intlibspace.o
       138          0          0          0          0         68   rt_memcpy_v6.o
       100          0          0          0          0         80   rt_memcpy_w.o
         2          0          0          0          0          0   rtexit.o
        10          0          0          0          0          0   rtexit2.o
        12          4          0          0          0         68   sys_exit.o
        74          0          0          0          0         80   sys_stackheap_outer.o
         2          0          0          0          0         68   use_no_semi.o
        24          0          0          0          0        164   basic.o
        98          4          0          0          0        140   d2f.o
       826         16          0          0          0        492   daddsub_clz.o
        24          0          0          0          0        116   dcmpi.o
       688        140          0          0          0        256   ddiv.o
       120          4          0          0          0        140   dleqf.o
       340         12          0          0          0        152   dmul.o
       156          4          0          0          0        140   dnaninf.o
        12          0          0          0          0        116   dretinf.o
       108          0          0          0          0        128   drleqf.o
       408         56          0          0          0        168   dsqrt_umaal.o
        86          4          0          0          0        132   f2d.o
       140          4          0          0          0        132   fnaninf.o
        10          0          0          0          0        116   fpinit.o
        10          0          0          0          0        116   fretinf.o
         0          0          0          0          0          0   usenofp.o
       864         94         80          0          0        280   asin.o
       744        106        152          0          0        352   atan.o
       496         64          0          0          0        192   atan2.o
       104         16          0          0          0        496   dunder.o
        24          0          0          0          0        124   fabs.o
        48          0          0          0          0        124   fpclassify.o
       248          0          0          0          0        152   poly.o
         0          0          8          0          0          0   qnan.o
       110          0          0          0          0        148   sqrt.o

    ----------------------------------------------------------------------
      6318        544        240          0        100       5276   Library Totals
        22          0          0          0          4          0   (incl. Padding)

    ----------------------------------------------------------------------

      Code (inc. data)   RO Data    RW Data    ZI Data      Debug   Library Name

       608         20          0          0         96        900   c_w.l
      3050        244          0          0          0       2508   fz_wm.l
      2638        280        240          0          0       1868   m_wm.l

    ----------------------------------------------------------------------
      6318        544        240          0        100       5276   Library Totals

    ----------------------------------------------------------------------

==============================================================================


      Code (inc. data)   RO Data    RW Data    ZI Data      Debug   

     44516       4036       1196        440      27960     587006   Grand Totals
     44516       4036       1196         32      27960     587006   ELF Image Totals (compressed)
     44516       4036       1196         32          0          0   ROM Totals

==============================================================================

    Total RO  Size (Code + RO Data)                45712 (  44.64kB)
    Total RW  Size (RW Data + ZI Data)             28400 (  27.73kB)
    Total ROM Size (Code + RO Data + RW Data)      45744 (  44.67kB)

==============================================================================

