Component: ARM Compiler 5.06 update 1 (build 61) Tool: armlink [4d35a8]

==============================================================================

Section Cross References

    system_stm32f4xx.o(i.SystemCoreClockUpdate) refers to system_stm32f4xx.o(.data) for SystemCoreClock
    system_stm32f4xx.o(i.SystemInit) refers to system_stm32f4xx.o(i.SetSysClock) for SetSysClock
    startup_stm32f40_41xxx.o(STACK) refers (Special) to heapauxi.o(.text) for __use_two_region_memory
    startup_stm32f40_41xxx.o(HEAP) refers (Special) to heapauxi.o(.text) for __use_two_region_memory
    startup_stm32f40_41xxx.o(RESET) refers (Special) to heapauxi.o(.text) for __use_two_region_memory
    startup_stm32f40_41xxx.o(RESET) refers to startup_stm32f40_41xxx.o(STACK) for __initial_sp
    startup_stm32f40_41xxx.o(RESET) refers to startup_stm32f40_41xxx.o(.text) for Reset_Handler
    startup_stm32f40_41xxx.o(RESET) refers to stm32f4xx_it.o(i.NMI_Handler) for NMI_Handler
    startup_stm32f40_41xxx.o(RESET) refers to stm32f4xx_it.o(i.HardFault_Handler) for HardFault_Handler
    startup_stm32f40_41xxx.o(RESET) refers to stm32f4xx_it.o(i.MemManage_Handler) for MemManage_Handler
    startup_stm32f40_41xxx.o(RESET) refers to stm32f4xx_it.o(i.BusFault_Handler) for BusFault_Handler
    startup_stm32f40_41xxx.o(RESET) refers to stm32f4xx_it.o(i.UsageFault_Handler) for UsageFault_Handler
    startup_stm32f40_41xxx.o(RESET) refers to stm32f4xx_it.o(i.SVC_Handler) for SVC_Handler
    startup_stm32f40_41xxx.o(RESET) refers to stm32f4xx_it.o(i.DebugMon_Handler) for DebugMon_Handler
    startup_stm32f40_41xxx.o(RESET) refers to os_cpu_a.o(CODE) for PendSV_Handler
    startup_stm32f40_41xxx.o(RESET) refers to explore_systick.o(i.SysTick_Handler) for SysTick_Handler
    startup_stm32f40_41xxx.o(RESET) refers to usart3tobluetooth.o(i.DMA1_Stream3_IRQHandler) for DMA1_Stream3_IRQHandler
    startup_stm32f40_41xxx.o(RESET) refers to usart1toodroid.o(i.USART1_IRQHandler) for USART1_IRQHandler
    startup_stm32f40_41xxx.o(RESET) refers to usart3tobluetooth.o(i.USART3_IRQHandler) for USART3_IRQHandler
    startup_stm32f40_41xxx.o(RESET) refers to usart1toodroid.o(i.DMA2_Stream7_IRQHandler) for DMA2_Stream7_IRQHandler
    startup_stm32f40_41xxx.o(.text) refers (Special) to heapauxi.o(.text) for __use_two_region_memory
    startup_stm32f40_41xxx.o(.text) refers to system_stm32f4xx.o(i.SystemInit) for SystemInit
    startup_stm32f40_41xxx.o(.text) refers to __main.o(!!!main) for __main
    startup_stm32f40_41xxx.o(.text) refers to startup_stm32f40_41xxx.o(HEAP) for Heap_Mem
    startup_stm32f40_41xxx.o(.text) refers to startup_stm32f40_41xxx.o(STACK) for Stack_Mem
    stm32f4xx_gpio.o(i.GPIO_DeInit) refers to stm32f4xx_rcc.o(i.RCC_AHB1PeriphResetCmd) for RCC_AHB1PeriphResetCmd
    stm32f4xx_rcc.o(i.RCC_GetClocksFreq) refers to stm32f4xx_rcc.o(.data) for APBAHBPrescTable
    stm32f4xx_rcc.o(i.RCC_WaitForHSEStartUp) refers to stm32f4xx_rcc.o(i.RCC_GetFlagStatus) for RCC_GetFlagStatus
    stm32f4xx_usart.o(i.USART_DeInit) refers to stm32f4xx_rcc.o(i.RCC_APB2PeriphResetCmd) for RCC_APB2PeriphResetCmd
    stm32f4xx_usart.o(i.USART_DeInit) refers to stm32f4xx_rcc.o(i.RCC_APB1PeriphResetCmd) for RCC_APB1PeriphResetCmd
    stm32f4xx_usart.o(i.USART_Init) refers to stm32f4xx_rcc.o(i.RCC_GetClocksFreq) for RCC_GetClocksFreq
    stm32f4xx_spi.o(i.SPI_I2S_DeInit) refers to stm32f4xx_rcc.o(i.RCC_APB2PeriphResetCmd) for RCC_APB2PeriphResetCmd
    stm32f4xx_spi.o(i.SPI_I2S_DeInit) refers to stm32f4xx_rcc.o(i.RCC_APB1PeriphResetCmd) for RCC_APB1PeriphResetCmd
    stm32f4xx_tim.o(i.TIM_DeInit) refers to stm32f4xx_rcc.o(i.RCC_APB2PeriphResetCmd) for RCC_APB2PeriphResetCmd
    stm32f4xx_tim.o(i.TIM_DeInit) refers to stm32f4xx_rcc.o(i.RCC_APB1PeriphResetCmd) for RCC_APB1PeriphResetCmd
    stm32f4xx_tim.o(i.TIM_ETRClockMode1Config) refers to stm32f4xx_tim.o(i.TIM_ETRConfig) for TIM_ETRConfig
    stm32f4xx_tim.o(i.TIM_ETRClockMode2Config) refers to stm32f4xx_tim.o(i.TIM_ETRConfig) for TIM_ETRConfig
    stm32f4xx_tim.o(i.TIM_ICInit) refers to stm32f4xx_tim.o(i.TI1_Config) for TI1_Config
    stm32f4xx_tim.o(i.TIM_ICInit) refers to stm32f4xx_tim.o(i.TIM_SetIC1Prescaler) for TIM_SetIC1Prescaler
    stm32f4xx_tim.o(i.TIM_ICInit) refers to stm32f4xx_tim.o(i.TI2_Config) for TI2_Config
    stm32f4xx_tim.o(i.TIM_ICInit) refers to stm32f4xx_tim.o(i.TIM_SetIC2Prescaler) for TIM_SetIC2Prescaler
    stm32f4xx_tim.o(i.TIM_ICInit) refers to stm32f4xx_tim.o(i.TI3_Config) for TI3_Config
    stm32f4xx_tim.o(i.TIM_ICInit) refers to stm32f4xx_tim.o(i.TIM_SetIC3Prescaler) for TIM_SetIC3Prescaler
    stm32f4xx_tim.o(i.TIM_ICInit) refers to stm32f4xx_tim.o(i.TI4_Config) for TI4_Config
    stm32f4xx_tim.o(i.TIM_ICInit) refers to stm32f4xx_tim.o(i.TIM_SetIC4Prescaler) for TIM_SetIC4Prescaler
    stm32f4xx_tim.o(i.TIM_ITRxExternalClockConfig) refers to stm32f4xx_tim.o(i.TIM_SelectInputTrigger) for TIM_SelectInputTrigger
[...]
    DMA_GetITStatus                          0x08000e01   Thumb Code    82  stm32f4xx_dma.o(i.DMA_GetITStatus)
    DMA_ITConfig                             0x08000e65   Thumb Code    58  stm32f4xx_dma.o(i.DMA_ITConfig)
    DMA_Init                                 0x08000ea1   Thumb Code    82  stm32f4xx_dma.o(i.DMA_Init)
    DMA_SetCurrDataCounter                   0x08000ef9   Thumb Code     4  stm32f4xx_dma.o(i.DMA_SetCurrDataCounter)
    DataDeal                                 0x08000efd   Thumb Code  1988  data_deal.o(i.DataDeal)
    DataDeal_task                            0x080016d5   Thumb Code    78  task.o(i.DataDeal_task)
    DataStitching                            0x08001741   Thumb Code   278  data_deal.o(i.DataStitching)
    DebugMon_Handler                         0x08001875   Thumb Code     2  stm32f4xx_it.o(i.DebugMon_Handler)
    FLASH_DataCacheCmd                       0x08001879   Thumb Code    30  stm32f4xx_flash.o(i.FLASH_DataCacheCmd)
    FLASH_EraseSector                        0x0800189d   Thumb Code   130  stm32f4xx_flash.o(i.FLASH_EraseSector)
    FLASH_GetStatus                          0x08001925   Thumb Code    80  stm32f4xx_flash.o(i.FLASH_GetStatus)
    FLASH_Lock                               0x08001979   Thumb Code    14  stm32f4xx_flash.o(i.FLASH_Lock)
    FLASH_ProgramWord                        0x0800198d   Thumb Code    74  stm32f4xx_flash.o(i.FLASH_ProgramWord)
    FLASH_Unlock                             0x080019dd   Thumb Code    24  stm32f4xx_flash.o(i.FLASH_Unlock)
    FLASH_WaitForLastOperation               0x08001a01   Thumb Code    34  stm32f4xx_flash.o(i.FLASH_WaitForLastOperation)
    FloatToByte                              0x08001a23   Thumb Code    28  type_conversion.o(i.FloatToByte)
    GPIO_Init                                0x08001a3f   Thumb Code   144  stm32f4xx_gpio.o(i.GPIO_Init)
    GPIO_PinAFConfig                         0x08001acf   Thumb Code    70  stm32f4xx_gpio.o(i.GPIO_PinAFConfig)
    GPIO_ResetBits                           0x08001b15   Thumb Code     4  stm32f4xx_gpio.o(i.GPIO_ResetBits)
    GPIO_SetBits                             0x08001b19   Thumb Code     4  stm32f4xx_gpio.o(i.GPIO_SetBits)
    GeneralGpio_Init                         0x08001b1d   Thumb Code    50  general_gpio.o(i.GeneralGpio_Init)
    HardFault_Handler                        0x08001b55   Thumb Code     4  stm32f4xx_it.o(i.HardFault_Handler)
    Hex_To_Decimal                           0x08001b59   Thumb Code    26  type_conversion.o(i.Hex_To_Decimal)
    IntToByte                                0x08001b73   Thumb Code    24  type_conversion.o(i.IntToByte)
    Limits_data                              0x08001b8b   Thumb Code    30  limits.o(i.Limits_data)
    Load_Config                              0x08001ba9   Thumb Code  1246  flash.o(i.Load_Config)
    MPU6000_Initialize                       0x08002091   Thumb Code   144  mpu6000.o(i.MPU6000_Initialize)
    MPU6000_writeReg                         0x08002121   Thumb Code    40  mpu6000.o(i.MPU6000_writeReg)
    MemManage_Handler                        0x0800214d   Thumb Code     4  stm32f4xx_it.o(i.MemManage_Handler)
    Mem_Clr                                  0x08002151   Thumb Code    18  lib_mem.o(i.Mem_Clr)
    Mem_Set                                  0x08002163   Thumb Code    84  lib_mem.o(i.Mem_Set)
    MotorThrust                              0x080021b9   Thumb Code   418  attitude_control.o(i.MotorThrust)
    NMI_Handler                              0x08002375   Thumb Code     2  stm32f4xx_it.o(i.NMI_Handler)
    NVIC_Init                                0x08002379   Thumb Code   106  misc.o(i.NVIC_Init)
    NVIC_PriorityGroupConfig                 0x080023f1   Thumb Code    10  misc.o(i.NVIC_PriorityGroupConfig)
    OSCfg_Init                               0x08002405   Thumb Code     2  os_cfg_app.o(i.OSCfg_Init)
    OSIdleTaskHook                           0x08002409   Thumb Code    16  os_cpu_c.o(i.OSIdleTaskHook)
    OSInit                                   0x0800241d   Thumb Code   288  os_core.o(i.OSInit)
    OSInitHook                               0x0800259d   Thumb Code    28  os_cpu_c.o(i.OSInitHook)
    OSIntEnter                               0x080025c5   Thumb Code    34  os_core.o(i.OSIntEnter)
    OSIntExit                                0x080025f1   Thumb Code   188  os_core.o(i.OSIntExit)
    OSSched                                  0x080026cd   Thumb Code   130  os_core.o(i.OSSched)
    OSSchedLock                              0x0800276d   Thumb Code   104  os_core.o(i.OSSchedLock)
    OSSchedRoundRobinCfg                     0x080027e1   Thumb Code    88  os_core.o(i.OSSchedRoundRobinCfg)
    OSSchedUnlock                            0x08002845   Thumb Code   136  os_core.o(i.OSSchedUnlock)
    OSSemCreate                              0x080028d9   Thumb Code   116  os_sem.o(i.OSSemCreate)
    OSSemPend                                0x08002959   Thumb Code   406  os_sem.o(i.OSSemPend)
    OSSemPost                                0x08002b01   Thumb Code   108  os_sem.o(i.OSSemPost)
    OSStart                                  0x08002b71   Thumb Code    78  os_core.o(i.OSStart)
    OSStatReset                              0x08002bd9   Thumb Code   262  os_stat.o(i.OSStatReset)
    OSStatTaskCPUUsageInit                   0x08002d01   Thumb Code   212  os_stat.o(i.OSStatTaskCPUUsageInit)
    OSStatTaskHook                           0x08002df1   Thumb Code    16  os_cpu_c.o(i.OSStatTaskHook)
    OSTaskCreate                             0x08002e05   Thumb Code   412  os_task.o(i.OSTaskCreate)
    OSTaskCreateHook                         0x08002fb9   Thumb Code    20  os_cpu_c.o(i.OSTaskCreateHook)
    OSTaskDel                                0x08002fd1   Thumb Code   278  os_task.o(i.OSTaskDel)
    OSTaskDelHook                            0x080030f9   Thumb Code    20  os_cpu_c.o(i.OSTaskDelHook)
    OSTaskResume                             0x08003111   Thumb Code    96  os_task.o(i.OSTaskResume)
    OSTaskReturnHook                         0x08003179   Thumb Code    20  os_cpu_c.o(i.OSTaskReturnHook)
    OSTaskSemPend                            0x08003191   Thumb Code   464  os_task.o(i.OSTaskSemPend)
    OSTaskSemPost                            0x0800336d   Thumb Code    62  os_task.o(i.OSTaskSemPost)
    OSTaskStkChk                             0x080033ad   Thumb Code   204  os_task.o(i.OSTaskStkChk)
    OSTaskStkInit                            0x08003481   Thumb Code   600  os_cpu_c.o(i.OSTaskStkInit)
    OSTaskSuspend                            0x080036dd   Thumb Code    48  os_task.o(i.OSTaskSuspend)
    OSTaskSwHook                             0x08003715   Thumb Code   120  os_cpu_c.o(i.OSTaskSwHook)
    OSTimeDly                                0x0800379d   Thumb Code   182  os_time.o(i.OSTimeDly)
    OSTimeDlyHMSM                            0x08003861   Thumb Code   394  os_time.o(i.OSTimeDlyHMSM)
    OSTimeTick                               0x080039fd   Thumb Code    68  os_time.o(i.OSTimeTick)
    OSTimeTickHook                           0x08003a59   Thumb Code    16  os_cpu_c.o(i.OSTimeTickHook)
    OS_Dbg_Init                              0x08003a6d   Thumb Code   148  os_dbg.o(i.OS_Dbg_Init)
    OS_FlagInit                              0x08003c19   Thumb Code    14  os_flag.o(i.OS_FlagInit)
    OS_IdleTask                              0x08003c31   Thumb Code    60  os_core.o(i.OS_IdleTask)
    OS_IdleTaskInit                          0x08003c75   Thumb Code    66  os_core.o(i.OS_IdleTaskInit)
    OS_MemInit                               0x08003ce5   Thumb Code    14  os_mem.o(i.OS_MemInit)
    OS_MsgPoolInit                           0x08003cfd   Thumb Code   110  os_msg.o(i.OS_MsgPoolInit)
    OS_MsgQFreeAll                           0x08003d79   Thumb Code    62  os_msg.o(i.OS_MsgQFreeAll)
    OS_MsgQInit                              0x08003dbd   Thumb Code    14  os_msg.o(i.OS_MsgQInit)
    OS_MutexInit                             0x08003dcd   Thumb Code    14  os_mutex.o(i.OS_MutexInit)
    OS_Pend                                  0x08003de5   Thumb Code    98  os_core.o(i.OS_Pend)
    OS_PendDataInit                          0x08003e4d   Thumb Code    38  os_core.o(i.OS_PendDataInit)
    OS_PendDbgNameAdd                        0x08003e75   Thumb Code    66  os_core.o(i.OS_PendDbgNameAdd)
    OS_PendDbgNameRemove                     0x08003ed1   Thumb Code    30  os_core.o(i.OS_PendDbgNameRemove)
    OS_PendListInit                          0x08003ef5   Thumb Code    10  os_core.o(i.OS_PendListInit)
    OS_PendListInsertPrio                    0x08003eff   Thumb Code   102  os_core.o(i.OS_PendListInsertPrio)
    OS_PendListRemove                        0x08003f65   Thumb Code    48  os_core.o(i.OS_PendListRemove)
    OS_PendListRemove1                       0x08003f95   Thumb Code    66  os_core.o(i.OS_PendListRemove1)
    OS_Post                                  0x08003fd7   Thumb Code   192  os_core.o(i.OS_Post)
    OS_Post1                                 0x08004097   Thumb Code    42  os_core.o(i.OS_Post1)
    OS_PrioGetHighest                        0x080040c1   Thumb Code    36  os_prio.o(i.OS_PrioGetHighest)
    OS_PrioInit                              0x080040e9   Thumb Code    20  os_prio.o(i.OS_PrioInit)
    OS_PrioInsert                            0x08004101   Thumb Code    32  os_prio.o(i.OS_PrioInsert)
    OS_PrioRemove                            0x08004125   Thumb Code    32  os_prio.o(i.OS_PrioRemove)
    OS_QInit                                 0x08004149   Thumb Code    14  os_q.o(i.OS_QInit)
    OS_RdyListInit                           0x08004161   Thumb Code    32  os_core.o(i.OS_RdyListInit)
    OS_RdyListInsert                         0x08004185   Thumb Code    40  os_core.o(i.OS_RdyListInsert)
    OS_RdyListInsertHead                     0x080041b1   Thumb Code    58  os_core.o(i.OS_RdyListInsertHead)
    OS_RdyListInsertTail                     0x080041f1   Thumb Code    56  os_core.o(i.OS_RdyListInsertTail)
    OS_RdyListMoveHeadToTail                 0x0800422d   Thumb Code    68  os_core.o(i.OS_RdyListMoveHeadToTail)
    OS_RdyListRemove                         0x08004271   Thumb Code    86  os_core.o(i.OS_RdyListRemove)
    OS_SchedLockTimeMeasStart                0x080042cd   Thumb Code    20  os_core.o(i.OS_SchedLockTimeMeasStart)
    OS_SchedLockTimeMeasStop                 0x080042e9   Thumb Code    44  os_core.o(i.OS_SchedLockTimeMeasStop)
    OS_SchedRoundRobin                       0x08004325   Thumb Code   190  os_core.o(i.OS_SchedRoundRobin)
    OS_SemDbgListAdd                         0x080043f5   Thumb Code    38  os_sem.o(i.OS_SemDbgListAdd)
    OS_SemInit                               0x08004425   Thumb Code    14  os_sem.o(i.OS_SemInit)
    OS_SemPost                               0x0800443d   Thumb Code   294  os_sem.o(i.OS_SemPost)
    OS_StatTask                              0x08004565   Thumb Code   686  os_stat.o(i.OS_StatTask)
    OS_StatTaskInit                          0x08004851   Thumb Code   136  os_stat.o(i.OS_StatTaskInit)
    OS_TaskBlock                             0x0800491d   Thumb Code    56  os_core.o(i.OS_TaskBlock)
    OS_TaskDbgListAdd                        0x08004955   Thumb Code    42  os_task.o(i.OS_TaskDbgListAdd)
    OS_TaskDbgListRemove                     0x08004985   Thumb Code    64  os_task.o(i.OS_TaskDbgListRemove)
    OS_TaskInit                              0x080049c9   Thumb Code    18  os_task.o(i.OS_TaskInit)
    OS_TaskInitTCB                           0x080049e9   Thumb Code   186  os_task.o(i.OS_TaskInitTCB)
    OS_TaskRdy                               0x08004ab1   Thumb Code    28  os_core.o(i.OS_TaskRdy)
    OS_TaskResume                            0x08004acd   Thumb Code   256  os_task.o(i.OS_TaskResume)
    OS_TaskReturn                            0x08004bcd   Thumb Code    20  os_task.o(i.OS_TaskReturn)
    OS_TaskSemPost                           0x08004be5   Thumb Code   448  os_task.o(i.OS_TaskSemPost)
    OS_TaskSuspend                           0x08004da9   Thumb Code   272  os_task.o(i.OS_TaskSuspend)
    OS_TickListInit                          0x08004ec1   Thumb Code    32  os_tick.o(i.OS_TickListInit)
    OS_TickListInsert                        0x08004ee9   Thumb Code   430  os_tick.o(i.OS_TickListInsert)
    OS_TickListRemove                        0x080050a5   Thumb Code    56  os_tick.o(i.OS_TickListRemove)
    OS_TickListResetPeak                     0x080050dd   Thumb Code    28  os_tick.o(i.OS_TickListResetPeak)
    OS_TickListUpdate                        0x08005101   Thumb Code   376  os_tick.o(i.OS_TickListUpdate)
    OS_TickTask                              0x08005289   Thumb Code    38  os_tick.o(i.OS_TickTask)
    OS_TickTaskInit                          0x080052b5   Thumb Code   128  os_tick.o(i.OS_TickTaskInit)
    OS_TmrInit                               0x0800536d   Thumb Code   206  os_tmr.o(i.OS_TmrInit)
    OS_TmrLink                               0x08005495   Thumb Code   196  os_tmr.o(i.OS_TmrLink)
    OS_TmrResetPeak                          0x08005565   Thumb Code    28  os_tmr.o(i.OS_TmrResetPeak)
    OS_TmrTask                               0x08005589   Thumb Code   176  os_tmr.o(i.OS_TmrTask)
    OS_TmrUnlink                             0x08005649   Thumb Code    72  os_tmr.o(i.OS_TmrUnlink)
    PID_Control                              0x08005699   Thumb Code   220  pid_control.o(i.PID_Control)
    PWM_Init                                 0x08005775   Thumb Code   276  mcpwm.o(i.PWM_Init)
    PWM_OUTPUT                               0x08005891   Thumb Code    66  attitude_control.o(i.PWM_OUTPUT)
    PositionParameterclear                   0x080058dd   Thumb Code   262  position_control.o(i.PositionParameterclear)
    Position_control                         0x08005a09   Thumb Code   436  position_control.o(i.Position_control)
    Position_task                            0x08005c0d   Thumb Code    72  task.o(i.Position_task)
    RCC_AHB1PeriphClockCmd                   0x08005c65   Thumb Code    26  stm32f4xx_rcc.o(i.RCC_AHB1PeriphClockCmd)
    RCC_APB1PeriphClockCmd                   0x08005c85   Thumb Code    26  stm32f4xx_rcc.o(i.RCC_APB1PeriphClockCmd)
    RCC_APB2PeriphClockCmd                   0x08005ca5   Thumb Code    26  stm32f4xx_rcc.o(i.RCC_APB2PeriphClockCmd)
    RCC_APB2PeriphResetCmd                   0x08005cc5   Thumb Code    26  stm32f4xx_rcc.o(i.RCC_APB2PeriphResetCmd)
    RCC_GetClocksFreq                        0x08005ce5   Thumb Code   214  stm32f4xx_rcc.o(i.RCC_GetClocksFreq)
    SPI1_Configuration                       0x08005dcd   Thumb Code   198  spi1.o(i.SPI1_Configuration)
    SPI1_ReadWrite_Byte                      0x08005ea1   Thumb Code    42  spi1.o(i.SPI1_ReadWrite_Byte)
    SPI_Cmd                                  0x08005ed1   Thumb Code    24  stm32f4xx_spi.o(i.SPI_Cmd)
    SPI_Init                                 0x08005ee9   Thumb Code    60  stm32f4xx_spi.o(i.SPI_Init)
    STMFLASH_GetFlashSector                  0x08005f25   Thumb Code   116  flash.o(i.STMFLASH_GetFlashSector)
    STMFLASH_Read                            0x08005fc5   Thumb Code    32  flash.o(i.STMFLASH_Read)
    STMFLASH_ReadWord                        0x08005fe5   Thumb Code     6  flash.o(i.STMFLASH_ReadWord)
    STMFLASH_Write                           0x08005fed   Thumb Code   146  flash.o(i.STMFLASH_Write)
    SVC_Handler                              0x08006089   Thumb Code     2  stm32f4xx_it.o(i.SVC_Handler)
    Safety_Protection                        0x0800608d   Thumb Code   160  attitude_control.o(i.Safety_Protection)
    Sensor_Init                              0x0800613d   Thumb Code     8  sensor.o(i.Sensor_Init)
    SysTick_CLKSourceConfig                  0x08006231   Thumb Code    40  misc.o(i.SysTick_CLKSourceConfig)
    SysTick_Handler                          0x08006259   Thumb Code    34  explore_systick.o(i.SysTick_Handler)
    SystemInit                               0x08006285   Thumb Code    88  system_stm32f4xx.o(i.SystemInit)
    Systick_Init                             0x080062ed   Thumb Code    94  explore_systick.o(i.Systick_Init)
    TIM_ARRPreloadConfig                     0x0800635d   Thumb Code    24  stm32f4xx_tim.o(i.TIM_ARRPreloadConfig)
    TIM_Cmd                                  0x08006375   Thumb Code    24  stm32f4xx_tim.o(i.TIM_Cmd)
    TIM_CtrlPWMOutputs                       0x0800638d   Thumb Code    30  stm32f4xx_tim.o(i.TIM_CtrlPWMOutputs)
    TIM_OC1Init                              0x080063ad   Thumb Code   114  stm32f4xx_tim.o(i.TIM_OC1Init)
    TIM_OC1PreloadConfig                     0x08006429   Thumb Code    18  stm32f4xx_tim.o(i.TIM_OC1PreloadConfig)
    TIM_OC2Init                              0x0800643d   Thumb Code   154  stm32f4xx_tim.o(i.TIM_OC2Init)
    TIM_OC2PreloadConfig                     0x080064e1   Thumb Code    26  stm32f4xx_tim.o(i.TIM_OC2PreloadConfig)
    TIM_OC3Init                              0x080064fd   Thumb Code   150  stm32f4xx_tim.o(i.TIM_OC3Init)
    TIM_OC3PreloadConfig                     0x0800659d   Thumb Code    18  stm32f4xx_tim.o(i.TIM_OC3PreloadConfig)
    TIM_OC4Init                              0x080065b1   Thumb Code   112  stm32f4xx_tim.o(i.TIM_OC4Init)
    TIM_OC4PreloadConfig                     0x08006629   Thumb Code    26  stm32f4xx_tim.o(i.TIM_OC4PreloadConfig)
    TIM_TimeBaseInit                         0x08006645   Thumb Code   104  stm32f4xx_tim.o(i.TIM_TimeBaseInit)
    ThrustMixer                              0x080066c9   Thumb Code   644  attitude_control.o(i.ThrustMixer)
    USART1_IRQHandler                        0x08006965   Thumb Code    16  usart1toodroid.o(i.USART1_IRQHandler)
    USART3_IRQHandler                        0x08006975   Thumb Code    16  usart3tobluetooth.o(i.USART3_IRQHandler)
    USART_Cmd                                0x08006985   Thumb Code    24  stm32f4xx_usart.o(i.USART_Cmd)
    USART_DMACmd                             0x0800699d   Thumb Code    18  stm32f4xx_usart.o(i.USART_DMACmd)
    USART_GetITStatus                        0x080069af   Thumb Code    84  stm32f4xx_usart.o(i.USART_GetITStatus)
    USART_ITConfig                           0x08006a03   Thumb Code    74  stm32f4xx_usart.o(i.USART_ITConfig)
    USART_Init                               0x08006a4d   Thumb Code   204  stm32f4xx_usart.o(i.USART_Init)
    Uart1_dma_tx_irq_handler                 0x08006b21   Thumb Code     8  usart1toodroid.o(i.Uart1_dma_tx_irq_handler)
    Uart1_irq_handler                        0x08006b29   Thumb Code    36  usart1toodroid.o(i.Uart1_irq_handler)
    Uart3_dma_tx_irq_handler                 0x08006b55   Thumb Code     8  usart3tobluetooth.o(i.Uart3_dma_tx_irq_handler)
    Uart3_irq_handler                        0x08006b5d   Thumb Code    36  usart3tobluetooth.o(i.Uart3_irq_handler)
    Uart3_tx                                 0x08006b89   Thumb Code    50  usart3tobluetooth.o(i.Uart3_tx)
    UsageFault_Handler                       0x08006bc9   Thumb Code     4  stm32f4xx_it.o(i.UsageFault_Handler)
    Usart1toOdroid_Init                      0x08006bcd   Thumb Code   498  usart1toodroid.o(i.Usart1toOdroid_Init)
    Usart3toBluetooth_Init                   0x08006dd5   Thumb Code   496  usart3tobluetooth.o(i.Usart3toBluetooth_Init)
    Vision_datadeal                          0x08006fd9   Thumb Code   638  visiondata_deal.o(i.Vision_datadeal)
    Vision_task                              0x08007291   Thumb Code    78  task.o(i.Vision_task)
    Write_config                             0x080072f9   Thumb Code    38  flash.o(i.Write_config)
    _Uart1_deal_irq_dma_tx                   0x08007331   Thumb Code    44  usart1toodroid.o(i._Uart1_deal_irq_dma_tx)
    _Uart1_deal_irq_rx_end                   0x08007369   Thumb Code    88  usart1toodroid.o(i._Uart1_deal_irq_rx_end)
    _Uart1_deal_irq_tx_end                   0x080073d1   Thumb Code    40  usart1toodroid.o(i._Uart1_deal_irq_tx_end)
    _Uart3_deal_irq_dma_tx                   0x08007401   Thumb Code    44  usart3tobluetooth.o(i._Uart3_deal_irq_dma_tx)
    _Uart3_deal_irq_rx_end                   0x08007439   Thumb Code    90  usart3tobluetooth.o(i._Uart3_deal_irq_rx_end)
    _Uart3_deal_irq_tx_end                   0x080074a5   Thumb Code    40  usart3tobluetooth.o(i._Uart3_deal_irq_tx_end)
    __ARM_fpclassify                         0x080074d5   Thumb Code    48  fpclassify.o(i.__ARM_fpclassify)
    __hardfp_atan                            0x08007509   Thumb Code   622  atan.o(i.__hardfp_atan)
    __hardfp_atan2                           0x080077e1   Thumb Code   432  atan2.o(i.__hardfp_atan2)
    __kernel_poly                            0x080079d1   Thumb Code   248  poly.o(i.__kernel_poly)
    __mathlib_dbl_infnan                     0x08007ac9   Thumb Code    20  dunder.o(i.__mathlib_dbl_infnan)
    __mathlib_dbl_infnan2                    0x08007add   Thumb Code    20  dunder.o(i.__mathlib_dbl_infnan2)
    __mathlib_dbl_underflow                  0x08007af1   Thumb Code    24  dunder.o(i.__mathlib_dbl_underflow)
    arrycat                                  0x08007b11   Thumb Code    26  type_conversion.o(i.arrycat)
    atan                                     0x08007b2b   Thumb Code    16  atan.o(i.atan)
    delay_ms                                 0x08007b3d   Thumb Code    66  explore_systick.o(i.delay_ms)
    delay_osschedlock                        0x08007b8d   Thumb Code    10  explore_systick.o(i.delay_osschedlock)
    delay_osschedunlock                      0x08007b97   Thumb Code    10  explore_systick.o(i.delay_osschedunlock)
    delay_ostimedly                          0x08007ba1   Thumb Code    16  explore_systick.o(i.delay_ostimedly)
    delay_us                                 0x08007bb1   Thumb Code    84  explore_systick.o(i.delay_us)
    fabs                                     0x08007c09   Thumb Code    24  fabs.o(i.fabs)
    inf_Uart1_deal_irq_dma_tx                0x08007c21   Thumb Code     8  usart1toodroid.o(i.inf_Uart1_deal_irq_dma_tx)
    inf_Uart1_deal_irq_rx_end                0x08007c29   Thumb Code    12  usart1toodroid.o(i.inf_Uart1_deal_irq_rx_end)
    inf_Uart1_deal_irq_tx_end                0x08007c35   Thumb Code     8  usart1toodroid.o(i.inf_Uart1_deal_irq_tx_end)
    inf_Uart3_deal_irq_dma_tx                0x08007c3d   Thumb Code     8  usart3tobluetooth.o(i.inf_Uart3_deal_irq_dma_tx)
    inf_Uart3_deal_irq_rx_end                0x08007c45   Thumb Code    12  usart3tobluetooth.o(i.inf_Uart3_deal_irq_rx_end)
    inf_Uart3_deal_irq_tx_end                0x08007c51   Thumb Code     8  usart3tobluetooth.o(i.inf_Uart3_deal_irq_tx_end)
    main                                     0x08007c59   Thumb Code   108  stm32f4xx_main.o(i.main)
    sendParaInfo                             0x08007cdd   Thumb Code  1110  data_pc.o(i.sendParaInfo)
    sendRTInfo                               0x08008135   Thumb Code   330  data_pc.o(i.sendRTInfo)
    start_task                               0x08008295   Thumb Code   406  stm32f4xx_main.o(i.start_task)
    __aeabi_dneg                             0x080084f1   Thumb Code     0  basic.o(x$fpl$basic)
    _dneg                                    0x080084f1   Thumb Code     6  basic.o(x$fpl$basic)
    __aeabi_fneg                             0x080084f7   Thumb Code     0  basic.o(x$fpl$basic)
    _fneg                                    0x080084f7   Thumb Code     6  basic.o(x$fpl$basic)
    _dabs                                    0x080084fd   Thumb Code     6  basic.o(x$fpl$basic)
    _fabs                                    0x08008503   Thumb Code     6  basic.o(x$fpl$basic)
    __aeabi_d2f                              0x08008509   Thumb Code     0  d2f.o(x$fpl$d2f)
    _d2f                                     0x08008509   Thumb Code    98  d2f.o(x$fpl$d2f)
    __aeabi_dadd                             0x0800856d   Thumb Code     0  daddsub_clz.o(x$fpl$dadd)
    _dadd                                    0x0800856d   Thumb Code   332  daddsub_clz.o(x$fpl$dadd)
    __aeabi_ddiv                             0x080086bd   Thumb Code     0  ddiv.o(x$fpl$ddiv)
    _ddiv                                    0x080086bd   Thumb Code   552  ddiv.o(x$fpl$ddiv)
    __aeabi_dmul                             0x0800896d   Thumb Code     0  dmul.o(x$fpl$dmul)
    _dmul                                    0x0800896d   Thumb Code   332  dmul.o(x$fpl$dmul)
    __fpl_dnaninf                            0x08008ac1   Thumb Code   156  dnaninf.o(x$fpl$dnaninf)
    __fpl_dretinf                            0x08008b5d   Thumb Code    12  dretinf.o(x$fpl$dretinf)
    __aeabi_drsub                            0x08008b69   Thumb Code     0  daddsub_clz.o(x$fpl$drsb)
    _drsb                                    0x08008b69   Thumb Code    22  daddsub_clz.o(x$fpl$drsb)
    __aeabi_dsub                             0x08008b81   Thumb Code     0  daddsub_clz.o(x$fpl$dsub)
    _dsub                                    0x08008b81   Thumb Code   464  daddsub_clz.o(x$fpl$dsub)
    __aeabi_f2d                              0x08008d55   Thumb Code     0  f2d.o(x$fpl$f2d)
    _f2d                                     0x08008d55   Thumb Code    86  f2d.o(x$fpl$f2d)
    __fpl_fnaninf                            0x08008dab   Thumb Code   140  fnaninf.o(x$fpl$fnaninf)
    _fp_init                                 0x08008e37   Thumb Code    10  fpinit.o(x$fpl$fpinit)
    __fplib_config_fpu_vfp                   0x08008e3f   Thumb Code     0  fpinit.o(x$fpl$fpinit)
    __fplib_config_pureend_doubles           0x08008e3f   Thumb Code     0  fpinit.o(x$fpl$fpinit)
    __fpl_fretinf                            0x08008e41   Thumb Code    10  fretinf.o(x$fpl$fretinf)
    __I$use$fp                               0x08008e4a   Number         0  usenofp.o(x$fpl$usenofp)
    OSCfg_IdleTaskStkBasePtr                 0x08008e4c   Data           4  os_cfg_app.o(.constdata)
    OSCfg_IdleTaskStkLimit                   0x08008e50   Data           4  os_cfg_app.o(.constdata)
    OSCfg_IdleTaskStkSize                    0x08008e54   Data           4  os_cfg_app.o(.constdata)
    OSCfg_IdleTaskStkSizeRAM                 0x08008e58   Data           4  os_cfg_app.o(.constdata)
    OSCfg_IntQBasePtr                        0x08008e5c   Data           4  os_cfg_app.o(.constdata)
    OSCfg_IntQSize                           0x08008e60   Data           2  os_cfg_app.o(.constdata)
    OSCfg_IntQSizeRAM                        0x08008e64   Data           4  os_cfg_app.o(.constdata)
    OSCfg_IntQTaskStkBasePtr                 0x08008e68   Data           4  os_cfg_app.o(.constdata)
    OSCfg_IntQTaskStkLimit                   0x08008e6c   Data           4  os_cfg_app.o(.constdata)
    OSCfg_IntQTaskStkSize                    0x08008e70   Data           4  os_cfg_app.o(.constdata)
    OSCfg_IntQTaskStkSizeRAM                 0x08008e74   Data           4  os_cfg_app.o(.constdata)
    OSCfg_ISRStkBasePtr                      0x08008e78   Data           4  os_cfg_app.o(.constdata)
    OSCfg_ISRStkSize                         0x08008e7c   Data           4  os_cfg_app.o(.constdata)
    OSCfg_ISRStkSizeRAM                      0x08008e80   Data           4  os_cfg_app.o(.constdata)
    OSCfg_MsgPoolSize                        0x08008e84   Data           2  os_cfg_app.o(.constdata)
    OSCfg_MsgPoolSizeRAM                     0x08008e88   Data           4  os_cfg_app.o(.constdata)
    OSCfg_MsgPoolBasePtr                     0x08008e8c   Data           4  os_cfg_app.o(.constdata)
    OSCfg_StatTaskPrio                       0x08008e90   Data           1  os_cfg_app.o(.constdata)
    OSCfg_StatTaskRate_Hz                    0x08008e94   Data           4  os_cfg_app.o(.constdata)
    OSCfg_StatTaskStkBasePtr                 0x08008e98   Data           4  os_cfg_app.o(.constdata)
    OSCfg_StatTaskStkLimit                   0x08008e9c   Data           4  os_cfg_app.o(.constdata)
    OSCfg_StatTaskStkSize                    0x08008ea0   Data           4  os_cfg_app.o(.constdata)
    OSCfg_StatTaskStkSizeRAM                 0x08008ea4   Data           4  os_cfg_app.o(.constdata)
    OSCfg_StkSizeMin                         0x08008ea8   Data           4  os_cfg_app.o(.constdata)
    OSCfg_TickRate_Hz                        0x08008eac   Data           4  os_cfg_app.o(.constdata)
    OSCfg_TickTaskPrio                       0x08008eb0   Data           1  os_cfg_app.o(.constdata)
    OSCfg_TickTaskStkBasePtr                 0x08008eb4   Data           4  os_cfg_app.o(.constdata)
    OSCfg_TickTaskStkLimit                   0x08008eb8   Data           4  os_cfg_app.o(.constdata)
    OSCfg_TickTaskStkSize                    0x08008ebc   Data           4  os_cfg_app.o(.constdata)
    OSCfg_TickTaskStkSizeRAM                 0x08008ec0   Data           4  os_cfg_app.o(.constdata)
    OSCfg_TickWheelSize                      0x08008ec4   Data           2  os_cfg_app.o(.constdata)
    OSCfg_TickWheelSizeRAM                   0x08008ec8   Data           4  os_cfg_app.o(.constdata)
    OSCfg_TmrTaskPrio                        0x08008ecc   Data           1  os_cfg_app.o(.constdata)
    OSCfg_TmrTaskRate_Hz                     0x08008ed0   Data           4  os_cfg_app.o(.constdata)
    OSCfg_TmrTaskStkBasePtr                  0x08008ed4   Data           4  os_cfg_app.o(.constdata)
    OSCfg_TmrTaskStkLimit                    0x08008ed8   Data           4  os_cfg_app.o(.constdata)
    OSCfg_TmrTaskStkSize                     0x08008edc   Data           4  os_cfg_app.o(.constdata)
    OSCfg_TmrTaskStkSizeRAM                  0x08008ee0   Data           4  os_cfg_app.o(.constdata)
    OSCfg_TmrWheelSize                       0x08008ee4   Data           2  os_cfg_app.o(.constdata)
    OSCfg_TmrWheelSizeRAM                    0x08008ee8   Data           4  os_cfg_app.o(.constdata)
    OSCfg_DataSizeRAM                        0x08008eec   Data           4  os_cfg_app.o(.constdata)
    OSDbg_DbgEn                              0x08008ef0   Data           1  os_dbg.o(.constdata)
    OSDbg_ArgChkEn                           0x08008ef1   Data           1  os_dbg.o(.constdata)
    OSDbg_AppHooksEn                         0x08008ef2   Data           1  os_dbg.o(.constdata)
    OSDbg_EndiannessTest                     0x08008ef4   Data           4  os_dbg.o(.constdata)
    OSDbg_CalledFromISRChkEn                 0x08008ef8   Data           1  os_dbg.o(.constdata)
    OSDbg_FlagEn                             0x08008ef9   Data           1  os_dbg.o(.constdata)
    OSDbg_FlagGrp                            0x08008efc   Data          40  os_dbg.o(.constdata)
    OSDbg_FlagDelEn                          0x08008f24   Data           1  os_dbg.o(.constdata)
    OSDbg_FlagModeClrEn                      0x08008f25   Data           1  os_dbg.o(.constdata)
    OSDbg_FlagPendAbortEn                    0x08008f26   Data           1  os_dbg.o(.constdata)
    OSDbg_FlagGrpSize                        0x08008f28   Data           2  os_dbg.o(.constdata)
    OSDbg_FlagWidth                          0x08008f2a   Data           2  os_dbg.o(.constdata)
    OSDbg_IntQ                               0x08008f2c   Data           2  os_dbg.o(.constdata)
    OSDbg_ISRPostDeferredEn                  0x08008f2e   Data           1  os_dbg.o(.constdata)
    OSDbg_Mem                                0x08008f30   Data          32  os_dbg.o(.constdata)
    OSDbg_MemEn                              0x08008f50   Data           1  os_dbg.o(.constdata)
    OSDbg_MemSize                            0x08008f52   Data           2  os_dbg.o(.constdata)
    OSDbg_MsgEn                              0x08008f54   Data           1  os_dbg.o(.constdata)
    OSDbg_MsgSize                            0x08008f56   Data           2  os_dbg.o(.constdata)
    OSDbg_MsgPoolSize                        0x08008f58   Data           2  os_dbg.o(.constdata)
    OSDbg_MsgQSize                           0x08008f5a   Data           2  os_dbg.o(.constdata)
    OSDbg_Mutex                              0x08008f5c   Data          44  os_dbg.o(.constdata)
    OSDbg_MutexEn                            0x08008f88   Data           1  os_dbg.o(.constdata)
    OSDbg_MutexDelEn                         0x08008f89   Data           1  os_dbg.o(.constdata)
    OSDbg_MutexPendAbortEn                   0x08008f8a   Data           1  os_dbg.o(.constdata)
    OSDbg_MutexSize                          0x08008f8c   Data           2  os_dbg.o(.constdata)
    OSDbg_ObjTypeChkEn                       0x08008f8e   Data           1  os_dbg.o(.constdata)
    OSDbg_PendMultiEn                        0x08008f8f   Data           1  os_dbg.o(.constdata)
    OSDbg_PendDataSize                       0x08008f90   Data           2  os_dbg.o(.constdata)
    OSDbg_PendListSize                       0x08008f92   Data           2  os_dbg.o(.constdata)
    OSDbg_PendObjSize                        0x08008f94   Data           2  os_dbg.o(.constdata)
    OSDbg_PrioMax                            0x08008f96   Data           2  os_dbg.o(.constdata)
    OSDbg_PrioTblSize                        0x08008f98   Data           2  os_dbg.o(.constdata)
    OSDbg_PtrSize                            0x08008f9a   Data           2  os_dbg.o(.constdata)
    OSDbg_Q                                  0x08008f9c   Data          48  os_dbg.o(.constdata)
    OSDbg_QEn                                0x08008fcc   Data           1  os_dbg.o(.constdata)
    OSDbg_QDelEn                             0x08008fcd   Data           1  os_dbg.o(.constdata)
    OSDbg_QFlushEn                           0x08008fce   Data           1  os_dbg.o(.constdata)
    OSDbg_QPendAbortEn                       0x08008fcf   Data           1  os_dbg.o(.constdata)
    OSDbg_QSize                              0x08008fd0   Data           2  os_dbg.o(.constdata)
    OSDbg_SchedRoundRobinEn                  0x08008fd2   Data           1  os_dbg.o(.constdata)
    OSDbg_Sem                                0x08008fd4   Data          40  os_dbg.o(.constdata)
    OSDbg_SemEn                              0x08008ffc   Data           1  os_dbg.o(.constdata)
    OSDbg_SemDelEn                           0x08008ffd   Data           1  os_dbg.o(.constdata)
    OSDbg_SemPendAbortEn                     0x08008ffe   Data           1  os_dbg.o(.constdata)
    OSDbg_SemSetEn                           0x08008fff   Data           1  os_dbg.o(.constdata)
    OSDbg_SemSize                            0x08009000   Data           2  os_dbg.o(.constdata)
    OSDbg_RdyList                            0x08009002   Data           2  os_dbg.o(.constdata)
    OSDbg_RdyListSize                        0x08009004   Data           4  os_dbg.o(.constdata)
    OSDbg_StkWidth                           0x08009008   Data           1  os_dbg.o(.constdata)
    OSDbg_StatTaskEn                         0x08009009   Data           1  os_dbg.o(.constdata)
    OSDbg_StatTaskStkChkEn                   0x0800900a   Data           1  os_dbg.o(.constdata)
    OSDbg_TaskChangePrioEn                   0x0800900b   Data           1  os_dbg.o(.constdata)
    OSDbg_TaskDelEn                          0x0800900c   Data           1  os_dbg.o(.constdata)
    OSDbg_TaskQEn                            0x0800900d   Data           1  os_dbg.o(.constdata)
    OSDbg_TaskQPendAbortEn                   0x0800900e   Data           1  os_dbg.o(.constdata)
    OSDbg_TaskProfileEn                      0x0800900f   Data           1  os_dbg.o(.constdata)
    OSDbg_TaskRegTblSize                     0x08009010   Data           2  os_dbg.o(.constdata)
    OSDbg_TaskSemPendAbortEn                 0x08009012   Data           1  os_dbg.o(.constdata)
    OSDbg_TaskSuspendEn                      0x08009013   Data           1  os_dbg.o(.constdata)
    OSDbg_TCBSize                            0x08009014   Data           2  os_dbg.o(.constdata)
    OSDbg_TickSpokeSize                      0x08009016   Data           2  os_dbg.o(.constdata)
    OSDbg_TimeDlyHMSMEn                      0x08009018   Data           1  os_dbg.o(.constdata)
    OSDbg_TimeDlyResumeEn                    0x08009019   Data           1  os_dbg.o(.constdata)
    OSDbg_TLS_TblSize                        0x0800901a   Data           2  os_dbg.o(.constdata)
    OSDbg_Tmr                                0x0800901c   Data          52  os_dbg.o(.constdata)
    OSDbg_TmrEn                              0x08009050   Data           1  os_dbg.o(.constdata)
    OSDbg_TmrDelEn                           0x08009051   Data           1  os_dbg.o(.constdata)
    OSDbg_TmrSize                            0x08009052   Data           2  os_dbg.o(.constdata)
    OSDbg_TmrSpokeSize                       0x08009054   Data           2  os_dbg.o(.constdata)
    OSDbg_VersionNbr                         0x08009056   Data           2  os_dbg.o(.constdata)
    OSDbg_DataSize                           0x08009058   Data           4  os_dbg.o(.constdata)
    __mathlib_zero                           0x080090f8   Data           8  qnan.o(.constdata)
    Region$$Table$$Base                      0x08009100   Number         0  anon$$obj.o(Region$$Table)
    Region$$Table$$Limit                     0x08009120   Number         0  anon$$obj.o(Region$$Table)
    Millisecond                              0x20000014   Data           4  explore_systick.o(.data)
    CPU_TS_TmrFreq_Hz                        0x20000018   Data           4  cpu_core.o(.data)
    OSPrioTbl                                0x2000001c   Data           8  os_prio.o(.data)
    OS_AppTaskCreateHookPtr                  0x20000024   Data           4  os_var.o(.data)
    OS_AppTaskDelHookPtr                     0x20000028   Data           4  os_var.o(.data)
    OS_AppTaskReturnHookPtr                  0x2000002c   Data           4  os_var.o(.data)
    OS_AppIdleTaskHookPtr                    0x20000030   Data           4  os_var.o(.data)
    OS_AppStatTaskHookPtr                    0x20000034   Data           4  os_var.o(.data)
    OS_AppTaskSwHookPtr                      0x20000038   Data           4  os_var.o(.data)
    OS_AppTimeTickHookPtr                    0x2000003c   Data           4  os_var.o(.data)
    OSIdleTaskCtr                            0x20000040   Data           4  os_var.o(.data)
    OSIntNestingCtr                          0x20000044   Data           1  os_var.o(.data)
    OSRunning                                0x20000045   Data           1  os_var.o(.data)
    OSFlagDbgListPtr                         0x20000048   Data           4  os_var.o(.data)
    OSFlagQty                                0x2000004c   Data           2  os_var.o(.data)
    OSMemDbgListPtr                          0x20000050   Data           4  os_var.o(.data)
    OSMemQty                                 0x20000054   Data           2  os_var.o(.data)
    OSMutexDbgListPtr                        0x20000058   Data           4  os_var.o(.data)
    OSMutexQty                               0x2000005c   Data           2  os_var.o(.data)
    OSPrioCur                                0x2000005e   Data           1  os_var.o(.data)
    OSPrioHighRdy                            0x2000005f   Data           1  os_var.o(.data)
    OSPrioSaved                              0x20000060   Data           1  os_var.o(.data)
    OSQDbgListPtr                            0x20000064   Data           4  os_var.o(.data)
    OSQQty                                   0x20000068   Data           2  os_var.o(.data)
    OSSchedLockTimeBegin                     0x2000006c   Data           4  os_var.o(.data)
    OSSchedLockTimeMax                       0x20000070   Data           4  os_var.o(.data)
    OSSchedLockTimeMaxCur                    0x20000074   Data           4  os_var.o(.data)
    OSSchedLockNestingCtr                    0x20000078   Data           1  os_var.o(.data)
    OSSchedRoundRobinDfltTimeQuanta          0x2000007c   Data           4  os_var.o(.data)
    OSSchedRoundRobinEn                      0x20000080   Data           1  os_var.o(.data)
    OSSemDbgListPtr                          0x20000084   Data           4  os_var.o(.data)
    OSSemQty                                 0x20000088   Data           2  os_var.o(.data)
    OSStatResetFlag                          0x2000008a   Data           1  os_var.o(.data)
    OSStatTaskCPUUsage                       0x2000008c   Data           2  os_var.o(.data)
    OSStatTaskCPUUsageMax                    0x2000008e   Data           2  os_var.o(.data)
    OSStatTaskCtr                            0x20000090   Data           4  os_var.o(.data)
    OSStatTaskCtrMax                         0x20000094   Data           4  os_var.o(.data)
    OSStatTaskCtrRun                         0x20000098   Data           4  os_var.o(.data)
    OSStatTaskRdy                            0x2000009c   Data           1  os_var.o(.data)
    OSStatTaskTimeMax                        0x200000a0   Data           4  os_var.o(.data)
    OSTaskCtxSwCtr                           0x200000a4   Data           4  os_var.o(.data)
    OSTaskDbgListPtr                         0x200000a8   Data           4  os_var.o(.data)
    OSTaskQty                                0x200000ac   Data           2  os_var.o(.data)
    OSTaskRegNextAvailID                     0x200000ae   Data           1  os_var.o(.data)
    OSTickCtr                                0x200000b0   Data           4  os_var.o(.data)
    OSTickTaskTimeMax                        0x200000b4   Data           4  os_var.o(.data)
    OSTmrDbgListPtr                          0x200000b8   Data           4  os_var.o(.data)
    OSTmrQty                                 0x200000bc   Data           2  os_var.o(.data)
    OSTmrTaskTimeMax                         0x200000c0   Data           4  os_var.o(.data)
    OSTmrTickCtr                             0x200000c4   Data           4  os_var.o(.data)
    OSTmrUpdateCnt                           0x200000c8   Data           4  os_var.o(.data)
    OSTmrUpdateCtr                           0x200000cc   Data           4  os_var.o(.data)
    OSTCBCurPtr                              0x200000d0   Data           4  os_var.o(.data)
    OSTCBHighRdyPtr                          0x200000d4   Data           4  os_var.o(.data)
    OS_CPU_ExceptStkBase                     0x200000d8   Data           4  os_cpu_c.o(.data)
    FlightControl                            0x200000dc   Data           8  task.o(.data)
    DataCombineflag                          0x200000e4   Data           1  task.o(.data)
    PositionControlFlag                      0x200000e5   Data           1  task.o(.data)
    Flag_Tx_Uart3_Busy                       0x200000e8   Data           4  usart3tobluetooth.o(.data)
    Flag_Tx_Uart1_Busy                       0x200000ec   Data           4  usart1toodroid.o(.data)
    AttitueDivision                          0x200000f0   Data           1  attitude_control.o(.data)
    PositionDivision                         0x200000f1   Data           1  position_control.o(.data)
    position_x                               0x200000f8   Data           4  visiondata_deal.o(.data)
    position_y                               0x200000fc   Data           4  visiondata_deal.o(.data)
    position_z                               0x20000100   Data           4  visiondata_deal.o(.data)
    velocity_x                               0x20000104   Data           4  visiondata_deal.o(.data)
    velocity_y                               0x20000108   Data           4  visiondata_deal.o(.data)
    velocity_z                               0x2000010c   Data           4  visiondata_deal.o(.data)
    Quaternion0                              0x20000110   Data           4  visiondata_deal.o(.data)
    Quaternion1                              0x20000114   Data           4  visiondata_deal.o(.data)
    Quaternion2                              0x20000118   Data           4  visiondata_deal.o(.data)
    Quaternion3                              0x2000011c   Data           4  visiondata_deal.o(.data)
    reference_posx                           0x20000120   Data           4  visiondata_deal.o(.data)
    reference_posy                           0x20000124   Data           4  visiondata_deal.o(.data)
    reference_posz                           0x20000128   Data           4  visiondata_deal.o(.data)
    CPU_Name                                 0x2000012c   Data          16  cpu_core.o(.bss)
    OSCfg_IdleTaskStk                        0x2000013c   Data         512  os_cfg_app.o(.bss)
    OSCfg_ISRStk                             0x2000033c   Data         512  os_cfg_app.o(.bss)
    OSCfg_MsgPool                            0x2000053c   Data        1600  os_cfg_app.o(.bss)
    OSCfg_StatTaskStk                        0x20000b7c   Data         512  os_cfg_app.o(.bss)
    OSCfg_TickTaskStk                        0x20000d7c   Data         512  os_cfg_app.o(.bss)
    OSCfg_TickWheel                          0x20000f7c   Data         136  os_cfg_app.o(.bss)
    OSCfg_TmrTaskStk                         0x20001004   Data         512  os_cfg_app.o(.bss)
    OSCfg_TmrWheel                           0x20001204   Data         136  os_cfg_app.o(.bss)
    OSIdleTaskTCB                            0x2000128c   Data         196  os_var.o(.bss)
    OSMsgPool                                0x20001350   Data          12  os_var.o(.bss)
    OSRdyList                                0x2000135c   Data         768  os_var.o(.bss)
    OSStatTaskTCB                            0x2000165c   Data         196  os_var.o(.bss)
    OSTickTaskTCB                            0x20001720   Data         196  os_var.o(.bss)
    OSTmrTaskTCB                             0x200017e4   Data         196  os_var.o(.bss)
    StartTaskTCB                             0x200018a8   Data         196  stm32f4xx_main.o(.bss)
    START_TASK_STK                           0x2000196c   Data        2048  stm32f4xx_main.o(.bss)
    AHRSTaskTCB                              0x2000216c   Data         196  stm32f4xx_main.o(.bss)
    AHRS_TASK_STK                            0x20002230   Data        2048  stm32f4xx_main.o(.bss)
    AttitudeTaskTCB                          0x20002a30   Data         196  stm32f4xx_main.o(.bss)
    Attitude_TASK_STK                        0x20002af4   Data        2048  stm32f4xx_main.o(.bss)
    VisionTaskTCB                            0x200032f4   Data         196  stm32f4xx_main.o(.bss)
    Vision_TASK_STK                          0x200033b8   Data        2048  stm32f4xx_main.o(.bss)
    PositionTaskTCB                          0x20003bb8   Data         196  stm32f4xx_main.o(.bss)
    Position_TASK_STK                        0x20003c7c   Data        2048  stm32f4xx_main.o(.bss)
    DataDealTaskTCB                          0x2000447c   Data         196  stm32f4xx_main.o(.bss)
    DataDeal_TASK_STK                        0x20004540   Data        2048  stm32f4xx_main.o(.bss)
    BluetoothtoPCTaskTCB                     0x20004d40   Data         196  stm32f4xx_main.o(.bss)
    BluetoothtoPC_TASK_STK                   0x20004e04   Data        2048  stm32f4xx_main.o(.bss)
    BatteryTaskTCB                           0x20005604   Data         196  stm32f4xx_main.o(.bss)
    Battery_TASK_STK                         0x200056c8   Data        2048  stm32f4xx_main.o(.bss)
    RT_Info                                  0x20005ec8   Data          72  task.o(.bss)
    Target_Info                              0x20005f10   Data          36  task.o(.bss)
    RockerControl                            0x20005f34   Data          16  task.o(.bss)
    OffsetData                               0x20005f44   Data          32  task.o(.bss)
    UAVThrust                                0x20005f64   Data          52  task.o(.bss)
    Throttle_Info                            0x20005f98   Data          16  task.o(.bss)
    OriginalPitch                            0x20005fa8   Data          32  task.o(.bss)
    OriginalRoll                             0x20005fc8   Data          32  task.o(.bss)
    OriginalYaw                              0x20005fe8   Data          32  task.o(.bss)
    OriginalPosX                             0x20006008   Data          32  task.o(.bss)
    OriginalPosY                             0x20006028   Data          32  task.o(.bss)
    OriginalPosZ                             0x20006048   Data          32  task.o(.bss)
    OriginalWxRate                           0x20006068   Data          32  task.o(.bss)
    OriginalWyRate                           0x20006088   Data          32  task.o(.bss)
    OriginalWzRate                           0x200060a8   Data          32  task.o(.bss)
    OriginalVelX                             0x200060c8   Data          32  task.o(.bss)
    OriginalVelY                             0x200060e8   Data          32  task.o(.bss)
    OriginalVelZ                             0x20006108   Data          32  task.o(.bss)
    PID_ParaInfo                             0x20006128   Data         144  task.o(.bss)
    state_estimate                           0x200061b8   Data          36  task.o(.bss)
    reference_state                          0x200061dc   Data          52  task.o(.bss)
    quaternion                               0x20006210   Data          16  task.o(.bss)
    Vision_proc                              0x20006220   Data          40  task.o(.bss)
    DataDeal_proc                            0x20006248   Data          40  task.o(.bss)
    flashData                                0x200062f8   Data         180  flash.o(.bss)
    Adc_Battery                              0x200063ac   Data          20  adc_battery.o(.bss)
    Tx_Buf_Uart3                             0x200063c0   Data         160  usart3tobluetooth.o(.bss)
    Rx_Buf_Uart3                             0x20006460   Data         160  usart3tobluetooth.o(.bss)
    Bluetooth_rx                             0x20006500   Data          68  usart3tobluetooth.o(.bss)
    Tx_Buf_Uart1                             0x20006544   Data         160  usart1toodroid.o(.bss)
    Rx_Buf_Uart1                             0x200065e4   Data          64  usart1toodroid.o(.bss)
    Odroid_rx                                0x20006624   Data          68  usart1toodroid.o(.bss)
    Stitchingdata                            0x20006690   Data          68  data_deal.o(.bss)
    __libspace_start                         0x200066e8   Data          96  libspace.o(.bss)
    __temporary_stack_top$libspace           0x20006748   Data           0  libspace.o(.bss)



==============================================================================

Memory Map of the image

  Image Entry point : 0x08000189

  Load Region LR_IROM1 (Base: 0x08000000, Size: 0x0000924c, Max: 0x00100000, ABSOLUTE, COMPRESSED[0x00009134])

    Execution Region ER_IROM1 (Base: 0x08000000, Size: 0x00009120, Max: 0x00100000, ABSOLUTE)

    Base Addr    Size         Type   Attr      Idx    E Section Name        Object

    0x08000000   0x00000188   Data   RO           95    RESET               startup_stm32f40_41xxx.o
    0x08000188   0x00000008   Code   RO         5533  * !!!main             c_w.l(__main.o)
    0x08000190   0x00000034   Code   RO         5906    !!!scatter          c_w.l(__scatter.o)
    0x080001c4   0x0000003a   Code   RO         5904    !!dczerorl          c_w.l(__dczerorl.o)
    0x080001fe   0x00000002   PAD
    0x08000200   0x0000001c   Code   RO         5908    !!handler_zi        c_w.l(__scatter_zi.o)
    0x0800021c   0x00000002   Code   RO         5843    .ARM.Collect$$libinit$$00000000  c_w.l(libinit.o)
    0x0800021e   0x00000004   Code   RO         5651    .ARM.Collect$$libinit$$00000001  c_w.l(libinit2.o)
    0x08000222   0x00000000   Code   RO         5654    .ARM.Collect$$libinit$$00000004  c_w.l(libinit2.o)
    0x08000222   0x00000000   Code   RO         5657    .ARM.Collect$$libinit$$0000000A  c_w.l(libinit2.o)
    0x08000222   0x00000000   Code   RO         5659    .ARM.Collect$$libinit$$0000000C  c_w.l(libinit2.o)
    0x08000222   0x00000000   Code   RO         5661    .ARM.Collect$$libinit$$0000000E  c_w.l(libinit2.o)
    0x08000222   0x00000000   Code   RO         5664    .ARM.Collect$$libinit$$00000011  c_w.l(libinit2.o)
    0x08000222   0x00000000   Code   RO         5666    .ARM.Collect$$libinit$$00000013  c_w.l(libinit2.o)
    0x08000222   0x00000000   Code   RO         5668    .ARM.Collect$$libinit$$00000015  c_w.l(libinit2.o)
    0x08000222   0x00000000   Code   RO         5670    .ARM.Collect$$libinit$$00000017  c_w.l(libinit2.o)
    0x08000222   0x00000000   Code   RO         5672    .ARM.Collect$$libinit$$00000019  c_w.l(libinit2.o)
    0x08000222   0x00000000   Code   RO         5674    .ARM.Collect$$libinit$$0000001B  c_w.l(libinit2.o)
    0x08000222   0x00000000   Code   RO         5676    .ARM.Collect$$libinit$$0000001D  c_w.l(libinit2.o)
    0x08000222   0x00000000   Code   RO         5678    .ARM.Collect$$libinit$$0000001F  c_w.l(libinit2.o)
    0x08000222   0x00000000   Code   RO         5680    .ARM.Collect$$libinit$$00000021  c_w.l(libinit2.o)
    0x08000222   0x00000000   Code   RO         5682    .ARM.Collect$$libinit$$00000023  c_w.l(libinit2.o)
    0x08000222   0x00000000   Code   RO         5684    .ARM.Collect$$libinit$$00000025  c_w.l(libinit2.o)
    0x08000222   0x00000000   Code   RO         5688    .ARM.Collect$$libinit$$0000002C  c_w.l(libinit2.o)
    0x08000222   0x00000000   Code   RO         5690    .ARM.Collect$$libinit$$0000002E  c_w.l(libinit2.o)
    0x08000222   0x00000000   Code   RO         5692    .ARM.Collect$$libinit$$00000030  c_w.l(libinit2.o)
    0x08000222   0x00000000   Code   RO         5694    .ARM.Collect$$libinit$$00000032  c_w.l(libinit2.o)
    0x08000222   0x00000002   Code   RO         5695    .ARM.Collect$$libinit$$00000033  c_w.l(libinit2.o)
    0x08000224   0x00000002   Code   RO         5901    .ARM.Collect$$libshutdown$$00000000  c_w.l(libshutdown.o)
    0x08000226   0x00000000   Code   RO         5859    .ARM.Collect$$libshutdown$$00000002  c_w.l(libshutdown2.o)
    0x08000226   0x00000000   Code   RO         5861    .ARM.Collect$$libshutdown$$00000004  c_w.l(libshutdown2.o)
    0x08000226   0x00000000   Code   RO         5864    .ARM.Collect$$libshutdown$$00000007  c_w.l(libshutdown2.o)
    0x08000226   0x00000000   Code   RO         5867    .ARM.Collect$$libshutdown$$0000000A  c_w.l(libshutdown2.o)
    0x08000226   0x00000000   Code   RO         5869    .ARM.Collect$$libshutdown$$0000000C  c_w.l(libshutdown2.o)
    0x08000226   0x00000000   Code   RO         5872    .ARM.Collect$$libshutdown$$0000000F  c_w.l(libshutdown2.o)
    0x08000226   0x00000002   Code   RO         5873    .ARM.Collect$$libshutdown$$00000010  c_w.l(libshutdown2.o)
    0x08000228   0x00000000   Code   RO         5617    .ARM.Collect$$rtentry$$00000000  c_w.l(__rtentry.o)
    0x08000228   0x00000000   Code   RO         5771    .ARM.Collect$$rtentry$$00000002  c_w.l(__rtentry2.o)
    0x08000228   0x00000006   Code   RO         5783    .ARM.Collect$$rtentry$$00000004  c_w.l(__rtentry4.o)
    0x0800022e   0x00000000   Code   RO         5773    .ARM.Collect$$rtentry$$00000009  c_w.l(__rtentry2.o)
    0x0800022e   0x00000004   Code   RO         5774    .ARM.Collect$$rtentry$$0000000A  c_w.l(__rtentry2.o)
    0x08000232   0x00000000   Code   RO         5776    .ARM.Collect$$rtentry$$0000000C  c_w.l(__rtentry2.o)
    0x08000232   0x00000008   Code   RO         5777    .ARM.Collect$$rtentry$$0000000D  c_w.l(__rtentry2.o)
    0x0800023a   0x00000002   Code   RO         5846    .ARM.Collect$$rtexit$$00000000  c_w.l(rtexit.o)
    0x0800023c   0x00000000   Code   RO         5877    .ARM.Collect$$rtexit$$00000002  c_w.l(rtexit2.o)
    0x0800023c   0x00000004   Code   RO         5878    .ARM.Collect$$rtexit$$00000003  c_w.l(rtexit2.o)
    0x08000240   0x00000006   Code   RO         5879    .ARM.Collect$$rtexit$$00000004  c_w.l(rtexit2.o)
    0x08000246   0x00000002   PAD
    0x08000248   0x00000040   Code   RO           96    .text               startup_stm32f40_41xxx.o
    0x08000288   0x00000034   Code   RO         2490    .text               cpu_a.o
    0x080002bc   0x0000008a   Code   RO         5527    .text               c_w.l(rt_memcpy_v6.o)
    0x08000346   0x00000064   Code   RO         5529    .text               c_w.l(rt_memcpy_w.o)
    0x080003aa   0x00000006   Code   RO         5531    .text               c_w.l(heapauxi.o)
    0x080003b0   0x00000008   Code   RO         5767    .text               c_w.l(libspace.o)
    0x080003b8   0x00000002   Code   RO         5815    .text               c_w.l(use_no_semi.o)
    0x080003ba   0x00000000   Code   RO         5817    .text               c_w.l(indicate_semi.o)
    0x080003ba   0x0000004a   Code   RO         5818    .text               c_w.l(sys_stackheap_outer.o)
    0x08000404   0x00000012   Code   RO         5824    .text               c_w.l(exit.o)
    0x08000416   0x00000002   PAD
    0x08000418   0x0000000c   Code   RO         5844    .text               c_w.l(sys_exit.o)
    0x08000424   0x000000ac   Code   RO         3982    CODE                os_cpu_a.o
    0x080004d0   0x00000016   Code   RO         1884    i.ADC_Cmd           stm32f4xx_adc.o
    0x080004e6   0x00000002   PAD
    0x080004e8   0x00000030   Code   RO         1885    i.ADC_CommonInit    stm32f4xx_adc.o
    0x08000518   0x00000016   Code   RO         1888    i.ADC_DMACmd        stm32f4xx_adc.o
    0x0800052e   0x00000016   Code   RO         1889    i.ADC_DMARequestAfterLastTransferCmd  stm32f4xx_adc.o
    0x08000544   0x00000054   Code   RO         1904    i.ADC_Init          stm32f4xx_adc.o
    0x08000598   0x000000b8   Code   RO         1909    i.ADC_RegularChannelConfig  stm32f4xx_adc.o
    0x08000650   0x0000000a   Code   RO         1911    i.ADC_SoftwareStartConv  stm32f4xx_adc.o
    0x0800065a   0x00000002   PAD
    0x0800065c   0x00000024   Code   RO         4311    i.AHRS_task         task.o
    0x08000680   0x00000110   Code   RO         4477    i.AdcBattery_Init   adc_battery.o
    0x08000790   0x000002dc   Code   RO         4779    i.Attitude_control  attitude_control.o
    0x08000a6c   0x00000080   Code   RO         4312    i.Attitude_task     task.o
    0x08000aec   0x0000000e   Code   RO         2277    i.BSP_CPU_ClkFreq   bsp.o
    0x08000afa   0x0000001a   Code   RO         4313    i.Battery_task      task.o
    0x08000b14   0x0000000c   Code   RO         4619    i.Bluetooth_Init    bluetooth.o
    0x08000b20   0x00000034   Code   RO         4314    i.BluetoothtoPC_task  task.o
    0x08000b54   0x00000036   Code   RO         4374    i.Board_Init        board.o
    0x08000b8a   0x00000004   Code   RO         4258    i.BusFault_Handler  stm32f4xx_it.o
    0x08000b8e   0x0000000c   Code   RO         2324    i.CPU_Init          cpu_core.o
    0x08000b9a   0x00000002   PAD
    0x08000b9c   0x00000030   Code   RO         2325    i.CPU_NameClr       cpu_core.o
    0x08000bcc   0x00000008   Code   RO         2327    i.CPU_NameInit      cpu_core.o
    0x08000bd4   0x00000014   Code   RO         2331    i.CPU_TS_Init       cpu_core.o
    0x08000be8   0x0000000c   Code   RO         2333    i.CPU_TS_TmrFreqSet  cpu_core.o
    0x08000bf4   0x00000034   Code   RO         2279    i.CPU_TS_TmrInit    bsp.o
    0x08000c28   0x0000000c   Code   RO         2280    i.CPU_TS_TmrRd      bsp.o
    0x08000c34   0x00000010   Code   RO         4526    i.DMA1_Stream3_IRQHandler  usart3tobluetooth.o
    0x08000c44   0x00000010   Code   RO         4686    i.DMA2_Stream7_IRQHandler  usart1toodroid.o
    0x08000c54   0x00000034   Code   RO         1496    i.DMA_ClearFlag     stm32f4xx_dma.o
    0x08000c88   0x00000016   Code   RO         1498    i.DMA_Cmd           stm32f4xx_dma.o
    0x08000c9e   0x00000002   PAD
    0x08000ca0   0x00000158   Code   RO         1499    i.DMA_DeInit        stm32f4xx_dma.o
    0x08000df8   0x00000008   Code   RO         1504    i.DMA_GetCurrDataCounter  stm32f4xx_dma.o
    0x08000e00   0x00000064   Code   RO         1508    i.DMA_GetITStatus   stm32f4xx_dma.o
    0x08000e64   0x0000003a   Code   RO         1509    i.DMA_ITConfig      stm32f4xx_dma.o
    0x08000e9e   0x00000002   PAD
    0x08000ea0   0x00000058   Code   RO         1510    i.DMA_Init          stm32f4xx_dma.o
    0x08000ef8   0x00000004   Code   RO         1513    i.DMA_SetCurrDataCounter  stm32f4xx_dma.o
    0x08000efc   0x000007d8   Code   RO         4967    i.DataDeal          data_deal.o
    0x080016d4   0x0000006c   Code   RO         4315    i.DataDeal_task     task.o
    0x08001740   0x00000134   Code   RO         4968    i.DataStitching     data_deal.o
    0x08001874   0x00000002   Code   RO         4259    i.DebugMon_Handler  stm32f4xx_it.o
    0x08001876   0x00000002   PAD
    0x08001878   0x00000024   Code   RO         1625    i.FLASH_DataCacheCmd  stm32f4xx_flash.o
    0x0800189c   0x00000088   Code   RO         1630    i.FLASH_EraseSector  stm32f4xx_flash.o
    0x08001924   0x00000054   Code   RO         1632    i.FLASH_GetStatus   stm32f4xx_flash.o
    0x08001978   0x00000014   Code   RO         1636    i.FLASH_Lock        stm32f4xx_flash.o
    0x0800198c   0x00000050   Code   RO         1660    i.FLASH_ProgramWord  stm32f4xx_flash.o
    0x080019dc   0x00000024   Code   RO         1662    i.FLASH_Unlock      stm32f4xx_flash.o
    0x08001a00   0x00000022   Code   RO         1663    i.FLASH_WaitForLastOperation  stm32f4xx_flash.o
    0x08001a22   0x0000001c   Code   RO         4902    i.FloatToByte       type_conversion.o
    0x08001a3e   0x00000090   Code   RO          151    i.GPIO_Init         stm32f4xx_gpio.o
    0x08001ace   0x00000046   Code   RO          152    i.GPIO_PinAFConfig  stm32f4xx_gpio.o
    0x08001b14   0x00000004   Code   RO          158    i.GPIO_ResetBits    stm32f4xx_gpio.o
    0x08001b18   0x00000004   Code   RO          159    i.GPIO_SetBits      stm32f4xx_gpio.o
    0x08001b1c   0x00000038   Code   RO         4506    i.GeneralGpio_Init  general_gpio.o
    0x08001b54   0x00000004   Code   RO         4260    i.HardFault_Handler  stm32f4xx_it.o
    0x08001b58   0x0000001a   Code   RO         4903    i.Hex_To_Decimal    type_conversion.o
    0x08001b72   0x00000018   Code   RO         4906    i.IntToByte         type_conversion.o
    0x08001b8a   0x0000001e   Code   RO         5161    i.Limits_data       limits.o
    0x08001ba8   0x000004e8   Code   RO         4394    i.Load_Config       flash.o
    0x08002090   0x00000090   Code   RO         5384    i.MPU6000_Initialize  mpu6000.o
    0x08002120   0x0000002c   Code   RO         5386    i.MPU6000_writeReg  mpu6000.o
    0x0800214c   0x00000004   Code   RO         4261    i.MemManage_Handler  stm32f4xx_it.o
    0x08002150   0x00000012   Code   RO         2634    i.Mem_Clr           lib_mem.o
    0x08002162   0x00000054   Code   RO         2650    i.Mem_Set           lib_mem.o
    0x080021b6   0x00000002   PAD
    0x080021b8   0x000001bc   Code   RO         4780    i.MotorThrust       attitude_control.o
    0x08002374   0x00000002   Code   RO         4262    i.NMI_Handler       stm32f4xx_it.o
    0x08002376   0x00000002   PAD
    0x08002378   0x00000078   Code   RO          102    i.NVIC_Init         misc.o
    0x080023f0   0x00000014   Code   RO          103    i.NVIC_PriorityGroupConfig  misc.o
    0x08002404   0x00000002   Code   RO         2903    i.OSCfg_Init        os_cfg_app.o
    0x08002406   0x00000002   PAD
    0x08002408   0x00000014   Code   RO         3987    i.OSIdleTaskHook    os_cpu_c.o
    0x0800241c   0x00000180   Code   RO         2926    i.OSInit            os_core.o
    0x0800259c   0x00000028   Code   RO         3988    i.OSInitHook        os_cpu_c.o
    0x080025c4   0x0000002c   Code   RO         2927    i.OSIntEnter        os_core.o
    0x080025f0   0x000000dc   Code   RO         2928    i.OSIntExit         os_core.o
    0x080026cc   0x000000a0   Code   RO         2929    i.OSSched           os_core.o
    0x0800276c   0x00000074   Code   RO         2930    i.OSSchedLock       os_core.o
    0x080027e0   0x00000064   Code   RO         2931    i.OSSchedRoundRobinCfg  os_core.o
    0x08002844   0x00000094   Code   RO         2933    i.OSSchedUnlock     os_core.o
    0x080028d8   0x00000080   Code   RO         3518    i.OSSemCreate       os_sem.o
    0x08002958   0x000001a8   Code   RO         3520    i.OSSemPend         os_sem.o
    0x08002b00   0x00000070   Code   RO         3522    i.OSSemPost         os_sem.o
    0x08002b70   0x00000068   Code   RO         2934    i.OSStart           os_core.o
    0x08002bd8   0x00000128   Code   RO         3590    i.OSStatReset       os_stat.o
    0x08002d00   0x000000f0   Code   RO         3591    i.OSStatTaskCPUUsageInit  os_stat.o
    0x08002df0   0x00000014   Code   RO         3989    i.OSStatTaskHook    os_cpu_c.o
    0x08002e04   0x000001b4   Code   RO         3621    i.OSTaskCreate      os_task.o
    0x08002fb8   0x00000018   Code   RO         3990    i.OSTaskCreateHook  os_cpu_c.o
    0x08002fd0   0x00000128   Code   RO         3622    i.OSTaskDel         os_task.o
    0x080030f8   0x00000018   Code   RO         3991    i.OSTaskDelHook     os_cpu_c.o
    0x08003110   0x00000068   Code   RO         3630    i.OSTaskResume      os_task.o
    0x08003178   0x00000018   Code   RO         3992    i.OSTaskReturnHook  os_cpu_c.o
    0x08003190   0x000001dc   Code   RO         3631    i.OSTaskSemPend     os_task.o
    0x0800336c   0x0000003e   Code   RO         3633    i.OSTaskSemPost     os_task.o
    0x080033aa   0x00000002   PAD
    0x080033ac   0x000000d4   Code   RO         3635    i.OSTaskStkChk      os_task.o
    0x08003480   0x0000025c   Code   RO         3993    i.OSTaskStkInit     os_cpu_c.o
    0x080036dc   0x00000038   Code   RO         3636    i.OSTaskSuspend     os_task.o
    0x08003714   0x00000088   Code   RO         3994    i.OSTaskSwHook      os_cpu_c.o
    0x0800379c   0x000000c4   Code   RO         3836    i.OSTimeDly         os_time.o
    0x08003860   0x0000019c   Code   RO         3837    i.OSTimeDlyHMSM     os_time.o
    0x080039fc   0x0000005c   Code   RO         3841    i.OSTimeTick        os_time.o
    0x08003a58   0x00000014   Code   RO         3995    i.OSTimeTickHook    os_cpu_c.o
    0x08003a6c   0x000001ac   Code   RO         3166    i.OS_Dbg_Init       os_dbg.o
    0x08003c18   0x00000018   Code   RO         3191    i.OS_FlagInit       os_flag.o
    0x08003c30   0x00000044   Code   RO         2936    i.OS_IdleTask       os_core.o
    0x08003c74   0x00000070   Code   RO         2937    i.OS_IdleTaskInit   os_core.o
    0x08003ce4   0x00000018   Code   RO         3275    i.OS_MemInit        os_mem.o
    0x08003cfc   0x0000007c   Code   RO         3307    i.OS_MsgPoolInit    os_msg.o
    0x08003d78   0x00000044   Code   RO         3308    i.OS_MsgQFreeAll    os_msg.o
    0x08003dbc   0x0000000e   Code   RO         3310    i.OS_MsgQInit       os_msg.o
    0x08003dca   0x00000002   PAD
    0x08003dcc   0x00000018   Code   RO         3351    i.OS_MutexInit      os_mutex.o
    0x08003de4   0x00000068   Code   RO         2938    i.OS_Pend           os_core.o
    0x08003e4c   0x00000026   Code   RO         2941    i.OS_PendDataInit   os_core.o
    0x08003e72   0x00000002   PAD
    0x08003e74   0x0000005c   Code   RO         2942    i.OS_PendDbgNameAdd  os_core.o
    0x08003ed0   0x00000024   Code   RO         2943    i.OS_PendDbgNameRemove  os_core.o
    0x08003ef4   0x0000000a   Code   RO         2945    i.OS_PendListInit   os_core.o
    0x08003efe   0x00000066   Code   RO         2947    i.OS_PendListInsertPrio  os_core.o
    0x08003f64   0x00000030   Code   RO         2948    i.OS_PendListRemove  os_core.o
    0x08003f94   0x00000042   Code   RO         2949    i.OS_PendListRemove1  os_core.o
    0x08003fd6   0x000000c0   Code   RO         2952    i.OS_Post           os_core.o
    0x08004096   0x0000002a   Code   RO         2953    i.OS_Post1          os_core.o
    0x080040c0   0x00000028   Code   RO         3409    i.OS_PrioGetHighest  os_prio.o
    0x080040e8   0x00000018   Code   RO         3410    i.OS_PrioInit       os_prio.o
    0x08004100   0x00000024   Code   RO         3411    i.OS_PrioInsert     os_prio.o
    0x08004124   0x00000024   Code   RO         3412    i.OS_PrioRemove     os_prio.o
    0x08004148   0x00000018   Code   RO         3455    i.OS_QInit          os_q.o
    0x08004160   0x00000024   Code   RO         2954    i.OS_RdyListInit    os_core.o
    0x08004184   0x0000002c   Code   RO         2955    i.OS_RdyListInsert  os_core.o
    0x080041b0   0x00000040   Code   RO         2956    i.OS_RdyListInsertHead  os_core.o
    0x080041f0   0x0000003c   Code   RO         2957    i.OS_RdyListInsertTail  os_core.o
    0x0800422c   0x00000044   Code   RO         2958    i.OS_RdyListMoveHeadToTail  os_core.o
    0x08004270   0x0000005c   Code   RO         2959    i.OS_RdyListRemove  os_core.o
    0x080042cc   0x0000001c   Code   RO         2960    i.OS_SchedLockTimeMeasStart  os_core.o
    0x080042e8   0x0000003c   Code   RO         2961    i.OS_SchedLockTimeMeasStop  os_core.o
    0x08004324   0x000000d0   Code   RO         2962    i.OS_SchedRoundRobin  os_core.o
    0x080043f4   0x00000030   Code   RO         3525    i.OS_SemDbgListAdd  os_sem.o
    0x08004424   0x00000018   Code   RO         3527    i.OS_SemInit        os_sem.o
    0x0800443c   0x00000126   Code   RO         3528    i.OS_SemPost        os_sem.o
    0x08004562   0x00000002   PAD
    0x08004564   0x000002ec   Code   RO         3592    i.OS_StatTask       os_stat.o
    0x08004850   0x000000cc   Code   RO         3593    i.OS_StatTaskInit   os_stat.o
    0x0800491c   0x00000038   Code   RO         2963    i.OS_TaskBlock      os_core.o
    0x08004954   0x00000030   Code   RO         3638    i.OS_TaskDbgListAdd  os_task.o
    0x08004984   0x00000044   Code   RO         3639    i.OS_TaskDbgListRemove  os_task.o
    0x080049c8   0x00000020   Code   RO         3640    i.OS_TaskInit       os_task.o
    0x080049e8   0x000000c8   Code   RO         3641    i.OS_TaskInitTCB    os_task.o
    0x08004ab0   0x0000001c   Code   RO         2964    i.OS_TaskRdy        os_core.o
    0x08004acc   0x00000100   Code   RO         3643    i.OS_TaskResume     os_task.o
    0x08004bcc   0x00000018   Code   RO         3644    i.OS_TaskReturn     os_task.o
    0x08004be4   0x000001c4   Code   RO         3645    i.OS_TaskSemPost    os_task.o
    0x08004da8   0x00000118   Code   RO         3646    i.OS_TaskSuspend    os_task.o
    0x08004ec0   0x00000028   Code   RO         3788    i.OS_TickListInit   os_tick.o
    0x08004ee8   0x000001bc   Code   RO         3789    i.OS_TickListInsert  os_tick.o
    0x080050a4   0x00000038   Code   RO         3790    i.OS_TickListRemove  os_tick.o
    0x080050dc   0x00000024   Code   RO         3791    i.OS_TickListResetPeak  os_tick.o
    0x08005100   0x00000188   Code   RO         3792    i.OS_TickListUpdate  os_tick.o
    0x08005288   0x0000002c   Code   RO         3793    i.OS_TickTask       os_tick.o
    0x080052b4   0x000000b8   Code   RO         3794    i.OS_TickTaskInit   os_tick.o
    0x0800536c   0x00000128   Code   RO         3887    i.OS_TmrInit        os_tmr.o
    0x08005494   0x000000d0   Code   RO         3888    i.OS_TmrLink        os_tmr.o
    0x08005564   0x00000024   Code   RO         3889    i.OS_TmrResetPeak   os_tmr.o
    0x08005588   0x000000c0   Code   RO         3890    i.OS_TmrTask        os_tmr.o
    0x08005648   0x00000050   Code   RO         3891    i.OS_TmrUnlink      os_tmr.o
    0x08005698   0x000000dc   Code   RO         4855    i.PID_Control       pid_control.o
    0x08005774   0x0000011c   Code   RO         4457    i.PWM_Init          mcpwm.o
    0x08005890   0x0000004c   Code   RO         4781    i.PWM_OUTPUT        attitude_control.o
    0x080058dc   0x0000012c   Code   RO         4826    i.PositionParameterclear  position_control.o
    0x08005a08   0x00000204   Code   RO         4827    i.Position_control  position_control.o
    0x08005c0c   0x00000058   Code   RO         4316    i.Position_task     task.o
    0x08005c64   0x00000020   Code   RO          248    i.RCC_AHB1PeriphClockCmd  stm32f4xx_rcc.o
    0x08005c84   0x00000020   Code   RO          257    i.RCC_APB1PeriphClockCmd  stm32f4xx_rcc.o
    0x08005ca4   0x00000020   Code   RO          260    i.RCC_APB2PeriphClockCmd  stm32f4xx_rcc.o
    0x08005cc4   0x00000020   Code   RO          262    i.RCC_APB2PeriphResetCmd  stm32f4xx_rcc.o
    0x08005ce4   0x000000e8   Code   RO          269    i.RCC_GetClocksFreq  stm32f4xx_rcc.o
    0x08005dcc   0x000000d4   Code   RO         4642    i.SPI1_Configuration  spi1.o
    0x08005ea0   0x00000030   Code   RO         4643    i.SPI1_ReadWrite_Byte  spi1.o
    0x08005ed0   0x00000018   Code   RO          776    i.SPI_Cmd           stm32f4xx_spi.o
    0x08005ee8   0x0000003c   Code   RO          789    i.SPI_Init          stm32f4xx_spi.o
    0x08005f24   0x000000a0   Code   RO         4395    i.STMFLASH_GetFlashSector  flash.o
    0x08005fc4   0x00000020   Code   RO         4396    i.STMFLASH_Read     flash.o
    0x08005fe4   0x00000006   Code   RO         4397    i.STMFLASH_ReadWord  flash.o
    0x08005fea   0x00000002   PAD
    0x08005fec   0x0000009c   Code   RO         4398    i.STMFLASH_Write    flash.o
    0x08006088   0x00000002   Code   RO         4264    i.SVC_Handler       stm32f4xx_it.o
    0x0800608a   0x00000002   PAD
    0x0800608c   0x000000b0   Code   RO         4782    i.Safety_Protection  attitude_control.o
    0x0800613c   0x00000008   Code   RO         5358    i.Sensor_Init       sensor.o
    0x08006144   0x000000ec   Code   RO            3    i.SetSysClock       system_stm32f4xx.o
    0x08006230   0x00000028   Code   RO          106    i.SysTick_CLKSourceConfig  misc.o
    0x08006258   0x0000002c   Code   RO         2141    i.SysTick_Handler   explore_systick.o
    0x08006284   0x00000068   Code   RO            5    i.SystemInit        system_stm32f4xx.o
    0x080062ec   0x00000070   Code   RO         2142    i.Systick_Init      explore_systick.o
    0x0800635c   0x00000018   Code   RO          938    i.TIM_ARRPreloadConfig  stm32f4xx_tim.o
    0x08006374   0x00000018   Code   RO          950    i.TIM_Cmd           stm32f4xx_tim.o
    0x0800638c   0x0000001e   Code   RO          952    i.TIM_CtrlPWMOutputs  stm32f4xx_tim.o
    0x080063aa   0x00000002   PAD
    0x080063ac   0x0000007c   Code   RO          979    i.TIM_OC1Init       stm32f4xx_tim.o
    0x08006428   0x00000012   Code   RO          982    i.TIM_OC1PreloadConfig  stm32f4xx_tim.o
    0x0800643a   0x00000002   PAD
    0x0800643c   0x000000a4   Code   RO          984    i.TIM_OC2Init       stm32f4xx_tim.o
    0x080064e0   0x0000001a   Code   RO          987    i.TIM_OC2PreloadConfig  stm32f4xx_tim.o
    0x080064fa   0x00000002   PAD
    0x080064fc   0x000000a0   Code   RO          989    i.TIM_OC3Init       stm32f4xx_tim.o
    0x0800659c   0x00000012   Code   RO          992    i.TIM_OC3PreloadConfig  stm32f4xx_tim.o
    0x080065ae   0x00000002   PAD
    0x080065b0   0x00000078   Code   RO          994    i.TIM_OC4Init       stm32f4xx_tim.o
    0x08006628   0x0000001a   Code   RO          996    i.TIM_OC4PreloadConfig  stm32f4xx_tim.o
    0x08006642   0x00000002   PAD
    0x08006644   0x00000084   Code   RO         1022    i.TIM_TimeBaseInit  stm32f4xx_tim.o
    0x080066c8   0x0000029c   Code   RO         4783    i.ThrustMixer       attitude_control.o
    0x08006964   0x00000010   Code   RO         4687    i.USART1_IRQHandler  usart1toodroid.o
    0x08006974   0x00000010   Code   RO         4527    i.USART3_IRQHandler  usart3tobluetooth.o
    0x08006984   0x00000018   Code   RO          586    i.USART_Cmd         stm32f4xx_usart.o
    0x0800699c   0x00000012   Code   RO          587    i.USART_DMACmd      stm32f4xx_usart.o
    0x080069ae   0x00000054   Code   RO          590    i.USART_GetITStatus  stm32f4xx_usart.o
    0x08006a02   0x0000004a   Code   RO          592    i.USART_ITConfig    stm32f4xx_usart.o
    0x08006a4c   0x000000d4   Code   RO          593    i.USART_Init        stm32f4xx_usart.o
    0x08006b20   0x00000008   Code   RO         4688    i.Uart1_dma_tx_irq_handler  usart1toodroid.o
    0x08006b28   0x0000002c   Code   RO         4689    i.Uart1_irq_handler  usart1toodroid.o
    0x08006b54   0x00000008   Code   RO         4528    i.Uart3_dma_tx_irq_handler  usart3tobluetooth.o
    0x08006b5c   0x0000002c   Code   RO         4529    i.Uart3_irq_handler  usart3tobluetooth.o
    0x08006b88   0x00000040   Code   RO         4530    i.Uart3_tx          usart3tobluetooth.o
    0x08006bc8   0x00000004   Code   RO         4265    i.UsageFault_Handler  stm32f4xx_it.o
    0x08006bcc   0x00000208   Code   RO         4691    i.Usart1toOdroid_Init  usart1toodroid.o
    0x08006dd4   0x00000204   Code   RO         4531    i.Usart3toBluetooth_Init  usart3tobluetooth.o
    0x08006fd8   0x000002b8   Code   RO         5003    i.Vision_datadeal   visiondata_deal.o
    0x08007290   0x00000068   Code   RO         4317    i.Vision_task       task.o
    0x080072f8   0x00000038   Code   RO         4399    i.Write_config      flash.o
    0x08007330   0x00000038   Code   RO         4692    i._Uart1_deal_irq_dma_tx  usart1toodroid.o
    0x08007368   0x00000068   Code   RO         4693    i._Uart1_deal_irq_rx_end  usart1toodroid.o
    0x080073d0   0x00000030   Code   RO         4694    i._Uart1_deal_irq_tx_end  usart1toodroid.o
    0x08007400   0x00000038   Code   RO         4532    i._Uart3_deal_irq_dma_tx  usart3tobluetooth.o
    0x08007438   0x0000006c   Code   RO         4533    i._Uart3_deal_irq_rx_end  usart3tobluetooth.o
    0x080074a4   0x00000030   Code   RO         4534    i._Uart3_deal_irq_tx_end  usart3tobluetooth.o
    0x080074d4   0x00000030   Code   RO         5811    i.__ARM_fpclassify  m_wm.l(fpclassify.o)
    0x08007504   0x00000004   PAD
    0x08007508   0x000002d8   Code   RO         5711    i.__hardfp_atan     m_wm.l(atan.o)
    0x080077e0   0x000001f0   Code   RO         5555    i.__hardfp_atan2    m_wm.l(atan2.o)
    0x080079d0   0x000000f8   Code   RO         5813    i.__kernel_poly     m_wm.l(poly.o)
    0x08007ac8   0x00000014   Code   RO         5726    i.__mathlib_dbl_infnan  m_wm.l(dunder.o)
    0x08007adc   0x00000014   Code   RO         5727    i.__mathlib_dbl_infnan2  m_wm.l(dunder.o)
    0x08007af0   0x00000020   Code   RO         5731    i.__mathlib_dbl_underflow  m_wm.l(dunder.o)
    0x08007b10   0x0000001a   Code   RO         4908    i.arrycat           type_conversion.o
    0x08007b2a   0x00000010   Code   RO         5713    i.atan              m_wm.l(atan.o)
    0x08007b3a   0x00000002   PAD
    0x08007b3c   0x00000050   Code   RO         2143    i.delay_ms          explore_systick.o
    0x08007b8c   0x0000000a   Code   RO         2144    i.delay_osschedlock  explore_systick.o
    0x08007b96   0x0000000a   Code   RO         2145    i.delay_osschedunlock  explore_systick.o
    0x08007ba0   0x00000010   Code   RO         2146    i.delay_ostimedly   explore_systick.o
    0x08007bb0   0x00000058   Code   RO         2147    i.delay_us          explore_systick.o
    0x08007c08   0x00000018   Code   RO         5741    i.fabs              m_wm.l(fabs.o)
    0x08007c20   0x00000008   Code   RO         4695    i.inf_Uart1_deal_irq_dma_tx  usart1toodroid.o
    0x08007c28   0x0000000c   Code   RO         4696    i.inf_Uart1_deal_irq_rx_end  usart1toodroid.o
    0x08007c34   0x00000008   Code   RO         4697    i.inf_Uart1_deal_irq_tx_end  usart1toodroid.o
    0x08007c3c   0x00000008   Code   RO         4535    i.inf_Uart3_deal_irq_dma_tx  usart3tobluetooth.o
    0x08007c44   0x0000000c   Code   RO         4536    i.inf_Uart3_deal_irq_rx_end  usart3tobluetooth.o
    0x08007c50   0x00000008   Code   RO         4537    i.inf_Uart3_deal_irq_tx_end  usart3tobluetooth.o
    0x08007c58   0x00000084   Code   RO         4142    i.main              stm32f4xx_main.o
    0x08007cdc   0x00000456   Code   RO         4875    i.sendParaInfo      data_pc.o
    0x08008132   0x00000002   PAD
    0x08008134   0x00000160   Code   RO         4876    i.sendRTInfo        data_pc.o
    0x08008294   0x0000025c   Code   RO         4143    i.start_task        stm32f4xx_main.o
    0x080084f0   0x00000018   Code   RO         5696    x$fpl$basic         fz_wm.l(basic.o)
    0x08008508   0x00000062   Code   RO         5535    x$fpl$d2f           fz_wm.l(d2f.o)
    0x0800856a   0x00000002   PAD
    0x0800856c   0x00000150   Code   RO         5537    x$fpl$dadd          fz_wm.l(daddsub_clz.o)
    0x080086bc   0x000002b0   Code   RO         5544    x$fpl$ddiv          fz_wm.l(ddiv.o)
    0x0800896c   0x00000154   Code   RO         5549    x$fpl$dmul          fz_wm.l(dmul.o)
    0x08008ac0   0x0000009c   Code   RO         5700    x$fpl$dnaninf       fz_wm.l(dnaninf.o)
    0x08008b5c   0x0000000c   Code   RO         5702    x$fpl$dretinf       fz_wm.l(dretinf.o)
    0x08008b68   0x00000016   Code   RO         5538    x$fpl$drsb          fz_wm.l(daddsub_clz.o)
    0x08008b7e   0x00000002   PAD
    0x08008b80   0x000001d4   Code   RO         5539    x$fpl$dsub          fz_wm.l(daddsub_clz.o)
    0x08008d54   0x00000056   Code   RO         5553    x$fpl$f2d           fz_wm.l(f2d.o)
    0x08008daa   0x0000008c   Code   RO         5706    x$fpl$fnaninf       fz_wm.l(fnaninf.o)
    0x08008e36   0x0000000a   Code   RO         5809    x$fpl$fpinit        fz_wm.l(fpinit.o)
    0x08008e40   0x0000000a   Code   RO         5708    x$fpl$fretinf       fz_wm.l(fretinf.o)
    0x08008e4a   0x00000000   Code   RO         5710    x$fpl$usenofp       fz_wm.l(usenofp.o)
    0x08008e4a   0x00000002   PAD
    0x08008e4c   0x000000a4   Data   RO         2905    .constdata          os_cfg_app.o
    0x08008ef0   0x0000016c   Data   RO         3167    .constdata          os_dbg.o
    0x0800905c   0x00000004   PAD
    0x08009060   0x00000098   Data   RO         5714    .constdata          m_wm.l(atan.o)
    0x080090f8   0x00000008   Data   RO         5761    .constdata          m_wm.l(qnan.o)
    0x08009100   0x00000020   Data   RO         5902    Region$$Table       anon$$obj.o


    Execution Region RW_IRAM1 (Base: 0x20000000, Size: 0x00006d48, Max: 0x00020000, ABSOLUTE, COMPRESSED[0x00000014])

    Base Addr    Size         Type   Attr      Idx    E Section Name        Object

    0x20000000   0x00000010   Data   RW          301    .data               stm32f4xx_rcc.o
    0x20000010   0x00000008   Data   RW         2148    .data               explore_systick.o
    0x20000018   0x00000004   Data   RW         2337    .data               cpu_core.o
    0x2000001c   0x00000008   Data   RW         3413    .data               os_prio.o
    0x20000024   0x000000b4   Data   RW         3969    .data               os_var.o
    0x200000d8   0x00000004   Data   RW         3998    .data               os_cpu_c.o
    0x200000dc   0x0000000a   Data   RW         4319    .data               task.o
    0x200000e6   0x00000002   PAD
    0x200000e8   0x00000004   Data   RW         4539    .data               usart3tobluetooth.o
    0x200000ec   0x00000004   Data   RW         4699    .data               usart1toodroid.o
    0x200000f0   0x00000001   Data   RW         4784    .data               attitude_control.o
    0x200000f1   0x00000001   Data   RW         4828    .data               position_control.o
    0x200000f2   0x00000003   Data   RW         4971    .data               data_deal.o
    0x200000f5   0x00000003   PAD
    0x200000f8   0x00000034   Data   RW         5004    .data               visiondata_deal.o
    0x2000012c   0x00000010   Zero   RW         2335    .bss                cpu_core.o
    0x2000013c   0x00001150   Zero   RW         2904    .bss                os_cfg_app.o
    0x2000128c   0x0000061c   Zero   RW         3968    .bss                os_var.o
    0x200018a8   0x00004620   Zero   RW         4144    .bss                stm32f4xx_main.o
    0x20005ec8   0x00000430   Zero   RW         4318    .bss                task.o
    0x200062f8   0x000000b4   Zero   RW         4400    .bss                flash.o
    0x200063ac   0x00000014   Zero   RW         4479    .bss                adc_battery.o
    0x200063c0   0x00000184   Zero   RW         4538    .bss                usart3tobluetooth.o
    0x20006544   0x00000124   Zero   RW         4698    .bss                usart1toodroid.o
    0x20006668   0x00000080   Zero   RW         4970    .bss                data_deal.o
    0x200066e8   0x00000060   Zero   RW         5768    .bss                c_w.l(libspace.o)
    0x20006748   0x00000200   Zero   RW           94    HEAP                startup_stm32f40_41xxx.o
    0x20006948   0x00000400   Zero   RW           93    STACK               startup_stm32f40_41xxx.o


==============================================================================

Image component sizes


      Code (inc. data)   RO Data    RW Data    ZI Data      Debug   Object Name

       272         22          0          0         20       1336   adc_battery.o
      2096        152          0          1          0       3790   attitude_control.o
        12          0          0          0          0        485   bluetooth.o
        54          0          0          0          0        473   board.o
        78         14          0          0          0       1498   bsp.o
        52          0          0          0          0        260   cpu_a.o
       100         18          0          4         16       4209   cpu_core.o
      2316         84          0          3        128       3511   data_deal.o
      1462         26          0          0          0       1744   data_pc.o
       360         46          0          8          0      42133   explore_systick.o
      1666        108          0          0        180       4564   flash.o
        56          6          0          0          0        551   general_gpio.o
       102          0          0          0          0       1748   lib_mem.o
        30          0          0          0          0        606   limits.o
       284          8          0          0          0        755   mcpwm.o
       180         24          0          0          0       1989   misc.o
       188          4          0          0          0       1108   mpu6000.o
         2          0        164          0       4432      19354   os_cfg_app.o
      2930        396          0          0          0      20014   os_core.o
       172         32          0          0          0        296   os_cpu_a.o
       912         56          0          4          0       5960   os_cpu_c.o
       428        280        364          0          0       4669   os_dbg.o
        24         10          0          0          0        778   os_flag.o
        24         10          0          0          0        777   os_mem.o
       206         20          0          0          0       2188   os_msg.o
        24         10          0          0          0        787   os_mutex.o
       136         16          0          8          0       2630   os_prio.o
        24         10          0          0          0        779   os_q.o
      1030         54          0          0          0       5339   os_sem.o
      1488        192          0          0          0       3747   os_stat.o
      3002        172          0          0          0      12249   os_task.o
      1196        116          0          0          0       5229   os_tick.o
       700         56          0          0          0       2833   os_time.o
       812        134          0          0          0       3992   os_tmr.o
         0          0          0        180       1564      17941   os_var.o
       220          0          0          0          0       1330   pid_control.o
       816        118          0          1          0       1423   position_control.o
         8          0          0          0          0        450   sensor.o
       260         20          0          0          0       1215   spi1.o
        64         26        392          0       1536        816   startup_stm32f40_41xxx.o
       392         24          0          0          0       5339   stm32f4xx_adc.o
       676         58          0          0          0       6113   stm32f4xx_dma.o
       426         40          0          0          0       4336   stm32f4xx_flash.o
       222          0          0          0          0       2771   stm32f4xx_gpio.o
        22          0          0          0          0       3055   stm32f4xx_it.o
       736        222          0          0      17952       6472   stm32f4xx_main.o
       360         42          0         16          0       5056   stm32f4xx_rcc.o
        84          0          0          0          0       1673   stm32f4xx_spi.o
       866         66          0          0          0       8045   stm32f4xx_tim.o
       412          8          0          0          0       4181   stm32f4xx_usart.o
       340         32          0          0          0     326361   system_stm32f4xx.o
       542         88          0         10       1072       5162   task.o
       104          0          0          0          0       2965   type_conversion.o
       840         66          0          4        292       7295   usart1toodroid.o
       904         80          0          4        388       8088   usart3tobluetooth.o
       696         58          0         52          0       1551   visiondata_deal.o

    ----------------------------------------------------------------------
     31450       3024        956        300      27580     584019   Object Totals
         0          0         32          0          0          0   (incl. Generated)
        42          0          4          5          0          0   (incl. Padding)

    ----------------------------------------------------------------------

      Code (inc. data)   RO Data    RW Data    ZI Data      Debug   Library Member Name

        58          0          0          0          0          0   __dczerorl.o
         8          0          0          0          0         68   __main.o
         0          0          0          0          0          0   __rtentry.o
        12          0          0          0          0          0   __rtentry2.o
         6          0          0          0          0          0   __rtentry4.o
        52          8          0          0          0          0   __scatter.o
        28          0          0          0          0          0   __scatter_zi.o
        18          0          0          0          0         80   exit.o
         6          0          0          0          0        152   heapauxi.o
         0          0          0          0          0          0   indicate_semi.o
         2          0          0          0          0          0   libinit.o
         6          0          0          0          0          0   libinit2.o
         2          0          0          0          0          0   libshutdown.o
         2          0          0          0          0          0   libshutdown2.o
         8          4          0          0         96         68   libspace.o
       138          0          0          0          0         68   rt_memcpy_v6.o
       100          0          0          0          0         80   rt_memcpy_w.o
         2          0          0          0          0          0   rtexit.o
        10          0          0          0          0          0   rtexit2.o
        12          4          0          0          0         68   sys_exit.o
        74          0          0          0          0         80   sys_stackheap_outer.o
         2          0          0          0          0         68   use_no_semi.o
        24          0          0          0          0        164   basic.o
        98          4          0          0          0        140   d2f.o
       826         16          0          0          0        492   daddsub_clz.o
       688        140          0          0          0        256   ddiv.o
       340         12          0          0          0        152   dmul.o
       156          4          0          0          0        140   dnaninf.o
        12          0          0          0          0        116   dretinf.o
        86          4          0          0          0        132   f2d.o
       140          4          0          0          0        132   fnaninf.o
        10          0          0          0          0        116   fpinit.o
        10          0          0          0          0        116   fretinf.o
         0          0          0          0          0          0   usenofp.o
       744        106        152          0          0        352   atan.o
       496         64          0          0          0        192   atan2.o
        72          8          0          0          0        372   dunder.o
        24          0          0          0          0        124   fabs.o
        48          0          0          0          0        124   fpclassify.o
       248          0          0          0          0        152   poly.o
         0          0          8          0          0          0   qnan.o

    ----------------------------------------------------------------------
      4586        378        160          0         96       4004   Library Totals
        18          0          0          0          0          0   (incl. Padding)

    ----------------------------------------------------------------------

      Code (inc. data)   RO Data    RW Data    ZI Data      Debug   Library Name

       546         16          0          0         96        732   c_w.l
      2390        184          0          0          0       1956   fz_wm.l
      1632        178        160          0          0       1316   m_wm.l

    ----------------------------------------------------------------------
      4586        378        160          0         96       4004   Library Totals

    ----------------------------------------------------------------------

==============================================================================


      Code (inc. data)   RO Data    RW Data    ZI Data      Debug   

     36036       3402       1116        300      27676     563063   Grand Totals
     36036       3402       1116         20      27676     563063   ELF Image Totals (compressed)
     36036       3402       1116         20          0          0   ROM Totals

==============================================================================

    Total RO  Size (Code + RO Data)                37152 (  36.28kB)
    Total RW  Size (RW Data + ZI Data)             27976 (  27.32kB)
    Total ROM Size (Code + RO Data + RW Data)      37172 (  36.30kB)

==============================================================================

